<?xml version="1.0" encoding="ISO-8859-1" ?>
<link_info>
   <banner>TI ARM Clang Linker PC v1.3.0.LTS</banner>
   <copyright>Copyright (c) 1996-2018 Texas Instruments Incorporated</copyright>
   <link_time>0x66bba4d5</link_time>
   <link_errors>0x0</link_errors>
   <output_file>gpiointerrupt_CC3220S_LAUNCHXL_nortos_ticlang.out</output_file>
   <entry_point>
      <name>resetISR</name>
      <address>0x200113c9</address>
   </entry_point>
   <input_file_list>
      <input_file id="fl-1">
         <path>.\</path>
         <kind>object</kind>
         <file>gpiointerrupt.o</file>
         <name>gpiointerrupt.o</name>
      </input_file>
      <input_file id="fl-2">
         <path>.\syscfg\</path>
         <kind>object</kind>
         <file>ti_drivers_config.o</file>
         <name>ti_drivers_config.o</name>
      </input_file>
      <input_file id="fl-3">
         <path>.\</path>
         <kind>object</kind>
         <file>main_nortos.o</file>
         <name>main_nortos.o</name>
      </input_file>
      <input_file id="fl-13">
         <kind>object</kind>
         <file>&lt;internal&gt;</file>
         <name>&lt;internal&gt;</name>
      </input_file>
      <input_file id="fl-14">
         <path>C:\ti\simplelink_cc32xx_sdk_7_10_00_13\source\ti\drivers\lib\ticlang\m4\</path>
         <kind>archive</kind>
         <file>drivers_cc32xx.a</file>
         <name>GPIO.c.obj</name>
      </input_file>
      <input_file id="fl-15">
         <path>C:\ti\simplelink_cc32xx_sdk_7_10_00_13\source\ti\drivers\lib\ticlang\m4\</path>
         <kind>archive</kind>
         <file>drivers_cc32xx.a</file>
         <name>GPIOCC32XX.c.obj</name>
      </input_file>
      <input_file id="fl-16">
         <path>C:\ti\simplelink_cc32xx_sdk_7_10_00_13\source\ti\drivers\lib\ticlang\m4\</path>
         <kind>archive</kind>
         <file>drivers_cc32xx.a</file>
         <name>I2C.c.obj</name>
      </input_file>
      <input_file id="fl-17">
         <path>C:\ti\simplelink_cc32xx_sdk_7_10_00_13\source\ti\drivers\lib\ticlang\m4\</path>
         <kind>archive</kind>
         <file>drivers_cc32xx.a</file>
         <name>I2CCC32XX.c.obj</name>
      </input_file>
      <input_file id="fl-18">
         <path>C:\ti\simplelink_cc32xx_sdk_7_10_00_13\source\ti\drivers\lib\ticlang\m4\</path>
         <kind>archive</kind>
         <file>drivers_cc32xx.a</file>
         <name>PowerCC32XX.c.obj</name>
      </input_file>
      <input_file id="fl-19">
         <path>C:\ti\simplelink_cc32xx_sdk_7_10_00_13\source\ti\drivers\lib\ticlang\m4\</path>
         <kind>archive</kind>
         <file>drivers_cc32xx.a</file>
         <name>PowerCC32XX_ticlang.asm.obj</name>
      </input_file>
      <input_file id="fl-1a">
         <path>C:\ti\simplelink_cc32xx_sdk_7_10_00_13\source\ti\drivers\lib\ticlang\m4\</path>
         <kind>archive</kind>
         <file>drivers_cc32xx.a</file>
         <name>Timer.c.obj</name>
      </input_file>
      <input_file id="fl-1b">
         <path>C:\ti\simplelink_cc32xx_sdk_7_10_00_13\source\ti\drivers\lib\ticlang\m4\</path>
         <kind>archive</kind>
         <file>drivers_cc32xx.a</file>
         <name>TimerCC32XX.c.obj</name>
      </input_file>
      <input_file id="fl-1c">
         <path>C:\ti\simplelink_cc32xx_sdk_7_10_00_13\source\ti\drivers\lib\ticlang\m4\</path>
         <kind>archive</kind>
         <file>drivers_cc32xx.a</file>
         <name>UART2.c.obj</name>
      </input_file>
      <input_file id="fl-1d">
         <path>C:\ti\simplelink_cc32xx_sdk_7_10_00_13\source\ti\drivers\lib\ticlang\m4\</path>
         <kind>archive</kind>
         <file>drivers_cc32xx.a</file>
         <name>UART2CC32XX.c.obj</name>
      </input_file>
      <input_file id="fl-1e">
         <path>C:\ti\simplelink_cc32xx_sdk_7_10_00_13\source\ti\drivers\lib\ticlang\m4\</path>
         <kind>archive</kind>
         <file>drivers_cc32xx.a</file>
         <name>List.c.obj</name>
      </input_file>
      <input_file id="fl-1f">
         <path>C:\ti\simplelink_cc32xx_sdk_7_10_00_13\source\ti\drivers\lib\ticlang\m4\</path>
         <kind>archive</kind>
         <file>drivers_cc32xx.a</file>
         <name>RingBuf.c.obj</name>
      </input_file>
      <input_file id="fl-20">
         <path>C:\ti\simplelink_cc32xx_sdk_7_10_00_13\source\ti\drivers\lib\ticlang\m4\</path>
         <kind>archive</kind>
         <file>drivers_cc32xx.a</file>
         <name>UDMACC32XX.c.obj</name>
      </input_file>
      <input_file id="fl-21">
         <path>C:\ti\simplelink_cc32xx_sdk_7_10_00_13\kernel\nortos\lib\ticlang\m4\</path>
         <kind>archive</kind>
         <file>nortos_cc32xx.a</file>
         <name>NoRTOS.c.obj</name>
      </input_file>
      <input_file id="fl-22">
         <path>C:\ti\simplelink_cc32xx_sdk_7_10_00_13\kernel\nortos\lib\ticlang\m4\</path>
         <kind>archive</kind>
         <file>nortos_cc32xx.a</file>
         <name>SemaphoreP_nortos.c.obj</name>
      </input_file>
      <input_file id="fl-23">
         <path>C:\ti\simplelink_cc32xx_sdk_7_10_00_13\kernel\nortos\lib\ticlang\m4\</path>
         <kind>archive</kind>
         <file>nortos_cc32xx.a</file>
         <name>ClockPSysTick_nortos.c.obj</name>
      </input_file>
      <input_file id="fl-24">
         <path>C:\ti\simplelink_cc32xx_sdk_7_10_00_13\kernel\nortos\lib\ticlang\m4\</path>
         <kind>archive</kind>
         <file>nortos_cc32xx.a</file>
         <name>HwiPCC32XX_nortos.c.obj</name>
      </input_file>
      <input_file id="fl-25">
         <path>C:\ti\simplelink_cc32xx_sdk_7_10_00_13\kernel\nortos\lib\ticlang\m4\</path>
         <kind>archive</kind>
         <file>nortos_cc32xx.a</file>
         <name>PowerCC32XX_nortos.c.obj</name>
      </input_file>
      <input_file id="fl-26">
         <path>C:\ti\simplelink_cc32xx_sdk_7_10_00_13\kernel\nortos\lib\ticlang\m4\</path>
         <kind>archive</kind>
         <file>nortos_cc32xx.a</file>
         <name>startup_cc32xx_ticlang.c.obj</name>
      </input_file>
      <input_file id="fl-27">
         <path>C:\ti\simplelink_cc32xx_sdk_7_10_00_13\kernel\nortos\lib\ticlang\m4\</path>
         <kind>archive</kind>
         <file>nortos_cc32xx.a</file>
         <name>SwiP_nortos.c.obj</name>
      </input_file>
      <input_file id="fl-28">
         <path>C:\ti\simplelink_cc32xx_sdk_7_10_00_13\source\ti\devices\cc32xx\driverlib\ticlang\Release\</path>
         <kind>archive</kind>
         <file>driverlib.a</file>
         <name>cpu.obj</name>
      </input_file>
      <input_file id="fl-29">
         <path>C:\ti\simplelink_cc32xx_sdk_7_10_00_13\source\ti\devices\cc32xx\driverlib\ticlang\Release\</path>
         <kind>archive</kind>
         <file>driverlib.a</file>
         <name>gpio.obj</name>
      </input_file>
      <input_file id="fl-2a">
         <path>C:\ti\simplelink_cc32xx_sdk_7_10_00_13\source\ti\devices\cc32xx\driverlib\ticlang\Release\</path>
         <kind>archive</kind>
         <file>driverlib.a</file>
         <name>hwspinlock.obj</name>
      </input_file>
      <input_file id="fl-2b">
         <path>C:\ti\simplelink_cc32xx_sdk_7_10_00_13\source\ti\devices\cc32xx\driverlib\ticlang\Release\</path>
         <kind>archive</kind>
         <file>driverlib.a</file>
         <name>i2c.obj</name>
      </input_file>
      <input_file id="fl-2c">
         <path>C:\ti\simplelink_cc32xx_sdk_7_10_00_13\source\ti\devices\cc32xx\driverlib\ticlang\Release\</path>
         <kind>archive</kind>
         <file>driverlib.a</file>
         <name>interrupt.obj</name>
      </input_file>
      <input_file id="fl-2d">
         <path>C:\ti\simplelink_cc32xx_sdk_7_10_00_13\source\ti\devices\cc32xx\driverlib\ticlang\Release\</path>
         <kind>archive</kind>
         <file>driverlib.a</file>
         <name>pin.obj</name>
      </input_file>
      <input_file id="fl-2e">
         <path>C:\ti\simplelink_cc32xx_sdk_7_10_00_13\source\ti\devices\cc32xx\driverlib\ticlang\Release\</path>
         <kind>archive</kind>
         <file>driverlib.a</file>
         <name>prcm.obj</name>
      </input_file>
      <input_file id="fl-2f">
         <path>C:\ti\simplelink_cc32xx_sdk_7_10_00_13\source\ti\devices\cc32xx\driverlib\ticlang\Release\</path>
         <kind>archive</kind>
         <file>driverlib.a</file>
         <name>spi.obj</name>
      </input_file>
      <input_file id="fl-30">
         <path>C:\ti\simplelink_cc32xx_sdk_7_10_00_13\source\ti\devices\cc32xx\driverlib\ticlang\Release\</path>
         <kind>archive</kind>
         <file>driverlib.a</file>
         <name>systick.obj</name>
      </input_file>
      <input_file id="fl-31">
         <path>C:\ti\simplelink_cc32xx_sdk_7_10_00_13\source\ti\devices\cc32xx\driverlib\ticlang\Release\</path>
         <kind>archive</kind>
         <file>driverlib.a</file>
         <name>timer.obj</name>
      </input_file>
      <input_file id="fl-32">
         <path>C:\ti\simplelink_cc32xx_sdk_7_10_00_13\source\ti\devices\cc32xx\driverlib\ticlang\Release\</path>
         <kind>archive</kind>
         <file>driverlib.a</file>
         <name>uart.obj</name>
      </input_file>
      <input_file id="fl-33">
         <path>C:\ti\simplelink_cc32xx_sdk_7_10_00_13\source\ti\devices\cc32xx\driverlib\ticlang\Release\</path>
         <kind>archive</kind>
         <file>driverlib.a</file>
         <name>udma.obj</name>
      </input_file>
      <input_file id="fl-34">
         <path>C:\ti\simplelink_cc32xx_sdk_7_10_00_13\source\ti\devices\cc32xx\driverlib\ticlang\Release\</path>
         <kind>archive</kind>
         <file>driverlib.a</file>
         <name>utils.obj</name>
      </input_file>
      <input_file id="fl-35">
         <path>C:\ti\simplelink_cc32xx_sdk_7_10_00_13\source\ti\devices\cc32xx\driverlib\ticlang\Release\</path>
         <kind>archive</kind>
         <file>driverlib.a</file>
         <name>flash.obj</name>
      </input_file>
      <input_file id="fl-41">
         <path>C:\ti\ccs1011\ccs\tools\compiler\ti-cgt-armllvm_1.3.0.LTS\lib\armv7em-ti-none-eabi\c\</path>
         <kind>archive</kind>
         <file>libc.a</file>
         <name>snprintf.c.obj</name>
      </input_file>
      <input_file id="fl-42">
         <path>C:\ti\ccs1011\ccs\tools\compiler\ti-cgt-armllvm_1.3.0.LTS\lib\armv7em-ti-none-eabi\c\</path>
         <kind>archive</kind>
         <file>libc.a</file>
         <name>memory.c.obj</name>
      </input_file>
      <input_file id="fl-43">
         <path>C:\ti\ccs1011\ccs\tools\compiler\ti-cgt-armllvm_1.3.0.LTS\lib\armv7em-ti-none-eabi\c\</path>
         <kind>archive</kind>
         <file>libc.a</file>
         <name>boot_cortex_m.c.obj</name>
      </input_file>
      <input_file id="fl-44">
         <path>C:\ti\ccs1011\ccs\tools\compiler\ti-cgt-armllvm_1.3.0.LTS\lib\armv7em-ti-none-eabi\c\</path>
         <kind>archive</kind>
         <file>libc.a</file>
         <name>mathacl_init.c.obj</name>
      </input_file>
      <input_file id="fl-45">
         <path>C:\ti\ccs1011\ccs\tools\compiler\ti-cgt-armllvm_1.3.0.LTS\lib\armv7em-ti-none-eabi\c\</path>
         <kind>archive</kind>
         <file>libc.a</file>
         <name>autoinit.c.obj</name>
      </input_file>
      <input_file id="fl-46">
         <path>C:\ti\ccs1011\ccs\tools\compiler\ti-cgt-armllvm_1.3.0.LTS\lib\armv7em-ti-none-eabi\c\</path>
         <kind>archive</kind>
         <file>libc.a</file>
         <name>pre_init.c.obj</name>
      </input_file>
      <input_file id="fl-47">
         <path>C:\ti\ccs1011\ccs\tools\compiler\ti-cgt-armllvm_1.3.0.LTS\lib\armv7em-ti-none-eabi\c\</path>
         <kind>archive</kind>
         <file>libc.a</file>
         <name>cpy_tbl.c.obj</name>
      </input_file>
      <input_file id="fl-48">
         <path>C:\ti\ccs1011\ccs\tools\compiler\ti-cgt-armllvm_1.3.0.LTS\lib\armv7em-ti-none-eabi\c\</path>
         <kind>archive</kind>
         <file>libc.a</file>
         <name>copy_zero_init.c.obj</name>
      </input_file>
      <input_file id="fl-49">
         <path>C:\ti\ccs1011\ccs\tools\compiler\ti-cgt-armllvm_1.3.0.LTS\lib\armv7em-ti-none-eabi\c\</path>
         <kind>archive</kind>
         <file>libc.a</file>
         <name>copy_decompress_none.c.obj</name>
      </input_file>
      <input_file id="fl-4a">
         <path>C:\ti\ccs1011\ccs\tools\compiler\ti-cgt-armllvm_1.3.0.LTS\lib\armv7em-ti-none-eabi\c\</path>
         <kind>archive</kind>
         <file>libc.a</file>
         <name>copy_decompress_lzss.c.obj</name>
      </input_file>
      <input_file id="fl-4b">
         <path>C:\ti\ccs1011\ccs\tools\compiler\ti-cgt-armllvm_1.3.0.LTS\lib\armv7em-ti-none-eabi\c\</path>
         <kind>archive</kind>
         <file>libc.a</file>
         <name>_printfi.c.obj</name>
      </input_file>
      <input_file id="fl-4c">
         <path>C:\ti\ccs1011\ccs\tools\compiler\ti-cgt-armllvm_1.3.0.LTS\lib\armv7em-ti-none-eabi\c\</path>
         <kind>archive</kind>
         <file>libc.a</file>
         <name>aeabi_portable.c.obj</name>
      </input_file>
      <input_file id="fl-4d">
         <path>C:\ti\ccs1011\ccs\tools\compiler\ti-cgt-armllvm_1.3.0.LTS\lib\armv7em-ti-none-eabi\c\</path>
         <kind>archive</kind>
         <file>libc.a</file>
         <name>exit.c.obj</name>
      </input_file>
      <input_file id="fl-4e">
         <path>C:\ti\ccs1011\ccs\tools\compiler\ti-cgt-armllvm_1.3.0.LTS\lib\armv7em-ti-none-eabi\c\</path>
         <kind>archive</kind>
         <file>libc.a</file>
         <name>_lock.c.obj</name>
      </input_file>
      <input_file id="fl-4f">
         <path>C:\ti\ccs1011\ccs\tools\compiler\ti-cgt-armllvm_1.3.0.LTS\lib\armv7em-ti-none-eabi\c\</path>
         <kind>archive</kind>
         <file>libc.a</file>
         <name>_ltoa.c.obj</name>
      </input_file>
      <input_file id="fl-50">
         <path>C:\ti\ccs1011\ccs\tools\compiler\ti-cgt-armllvm_1.3.0.LTS\lib\armv7em-ti-none-eabi\c\</path>
         <kind>archive</kind>
         <file>libc.a</file>
         <name>args_main.c.obj</name>
      </input_file>
      <input_file id="fl-51">
         <path>C:\ti\ccs1011\ccs\tools\compiler\ti-cgt-armllvm_1.3.0.LTS\lib\armv7em-ti-none-eabi\c\</path>
         <kind>archive</kind>
         <file>libc.a</file>
         <name>assert.c.obj</name>
      </input_file>
      <input_file id="fl-52">
         <path>C:\ti\ccs1011\ccs\tools\compiler\ti-cgt-armllvm_1.3.0.LTS\lib\armv7em-ti-none-eabi\c\</path>
         <kind>archive</kind>
         <file>libc.a</file>
         <name>atoi.c.obj</name>
      </input_file>
      <input_file id="fl-53">
         <path>C:\ti\ccs1011\ccs\tools\compiler\ti-cgt-armllvm_1.3.0.LTS\lib\armv7em-ti-none-eabi\c\</path>
         <kind>archive</kind>
         <file>libc.a</file>
         <name>defs.c.obj</name>
      </input_file>
      <input_file id="fl-54">
         <path>C:\ti\ccs1011\ccs\tools\compiler\ti-cgt-armllvm_1.3.0.LTS\lib\armv7em-ti-none-eabi\c\</path>
         <kind>archive</kind>
         <file>libc.a</file>
         <name>memccpy.c.obj</name>
      </input_file>
      <input_file id="fl-55">
         <path>C:\ti\ccs1011\ccs\tools\compiler\ti-cgt-armllvm_1.3.0.LTS\lib\armv7em-ti-none-eabi\c\</path>
         <kind>archive</kind>
         <file>libc.a</file>
         <name>s_frexp.c.obj</name>
      </input_file>
      <input_file id="fl-56">
         <path>C:\ti\ccs1011\ccs\tools\compiler\ti-cgt-armllvm_1.3.0.LTS\lib\armv7em-ti-none-eabi\c\</path>
         <kind>archive</kind>
         <file>libc.a</file>
         <name>s_scalbn.c.obj</name>
      </input_file>
      <input_file id="fl-57">
         <path>C:\ti\ccs1011\ccs\tools\compiler\ti-cgt-armllvm_1.3.0.LTS\lib\armv7em-ti-none-eabi\c\</path>
         <kind>archive</kind>
         <file>libc.a</file>
         <name>wcslen.c.obj</name>
      </input_file>
      <input_file id="fl-58">
         <path>C:\ti\ccs1011\ccs\tools\compiler\ti-cgt-armllvm_1.3.0.LTS\lib\armv7em-ti-none-eabi\c\</path>
         <kind>archive</kind>
         <file>libc.a</file>
         <name>sprintf.c.obj</name>
      </input_file>
      <input_file id="fl-59">
         <path>C:\ti\ccs1011\ccs\tools\compiler\ti-cgt-armllvm_1.3.0.LTS\lib\armv7em-ti-none-eabi\c\</path>
         <kind>archive</kind>
         <file>libc.a</file>
         <name>fflush.c.obj</name>
      </input_file>
      <input_file id="fl-5a">
         <path>C:\ti\ccs1011\ccs\tools\compiler\ti-cgt-armllvm_1.3.0.LTS\lib\armv7em-ti-none-eabi\c\</path>
         <kind>archive</kind>
         <file>libc.a</file>
         <name>fputs.c.obj</name>
      </input_file>
      <input_file id="fl-5b">
         <path>C:\ti\ccs1011\ccs\tools\compiler\ti-cgt-armllvm_1.3.0.LTS\lib\armv7em-ti-none-eabi\c\</path>
         <kind>archive</kind>
         <file>libc.a</file>
         <name>_io_perm.c.obj</name>
      </input_file>
      <input_file id="fl-5c">
         <path>C:\ti\ccs1011\ccs\tools\compiler\ti-cgt-armllvm_1.3.0.LTS\lib\armv7em-ti-none-eabi\c\</path>
         <kind>archive</kind>
         <file>libc.a</file>
         <name>setvbuf.c.obj</name>
      </input_file>
      <input_file id="fl-5d">
         <path>C:\ti\ccs1011\ccs\tools\compiler\ti-cgt-armllvm_1.3.0.LTS\lib\armv7em-ti-none-eabi\c\</path>
         <kind>archive</kind>
         <file>libc.a</file>
         <name>aeabi_ctype.S.obj</name>
      </input_file>
      <input_file id="fl-5e">
         <path>C:\ti\ccs1011\ccs\tools\compiler\ti-cgt-armllvm_1.3.0.LTS\lib\armv7em-ti-none-eabi\c\</path>
         <kind>archive</kind>
         <file>libc.a</file>
         <name>fopen.c.obj</name>
      </input_file>
      <input_file id="fl-5f">
         <path>C:\ti\ccs1011\ccs\tools\compiler\ti-cgt-armllvm_1.3.0.LTS\lib\armv7em-ti-none-eabi\c\</path>
         <kind>archive</kind>
         <file>libc.a</file>
         <name>fseek.c.obj</name>
      </input_file>
      <input_file id="fl-60">
         <path>C:\ti\ccs1011\ccs\tools\compiler\ti-cgt-armllvm_1.3.0.LTS\lib\armv7em-ti-none-eabi\c\</path>
         <kind>archive</kind>
         <file>libc.a</file>
         <name>fclose.c.obj</name>
      </input_file>
      <input_file id="fl-99">
         <path>C:\ti\ccs1011\ccs\tools\compiler\ti-cgt-armllvm_1.3.0.LTS\lib\armv7em-ti-none-eabi\c\</path>
         <kind>archive</kind>
         <file>libsysbm.a</file>
         <name>write.c.obj</name>
      </input_file>
      <input_file id="fl-9a">
         <path>C:\ti\ccs1011\ccs\tools\compiler\ti-cgt-armllvm_1.3.0.LTS\lib\armv7em-ti-none-eabi\c\</path>
         <kind>archive</kind>
         <file>libsysbm.a</file>
         <name>host_device.c.obj</name>
      </input_file>
      <input_file id="fl-9b">
         <path>C:\ti\ccs1011\ccs\tools\compiler\ti-cgt-armllvm_1.3.0.LTS\lib\armv7em-ti-none-eabi\c\</path>
         <kind>archive</kind>
         <file>libsysbm.a</file>
         <name>remove.c.obj</name>
      </input_file>
      <input_file id="fl-9c">
         <path>C:\ti\ccs1011\ccs\tools\compiler\ti-cgt-armllvm_1.3.0.LTS\lib\armv7em-ti-none-eabi\c\</path>
         <kind>archive</kind>
         <file>libsysbm.a</file>
         <name>open.c.obj</name>
      </input_file>
      <input_file id="fl-9d">
         <path>C:\ti\ccs1011\ccs\tools\compiler\ti-cgt-armllvm_1.3.0.LTS\lib\armv7em-ti-none-eabi\c\</path>
         <kind>archive</kind>
         <file>libsysbm.a</file>
         <name>lseek.c.obj</name>
      </input_file>
      <input_file id="fl-9e">
         <path>C:\ti\ccs1011\ccs\tools\compiler\ti-cgt-armllvm_1.3.0.LTS\lib\armv7em-ti-none-eabi\c\</path>
         <kind>archive</kind>
         <file>libsysbm.a</file>
         <name>close.c.obj</name>
      </input_file>
      <input_file id="fl-9f">
         <path>C:\ti\ccs1011\ccs\tools\compiler\ti-cgt-armllvm_1.3.0.LTS\lib\armv7em-ti-none-eabi\c\</path>
         <kind>archive</kind>
         <file>libsysbm.a</file>
         <name>unlink.c.obj</name>
      </input_file>
      <input_file id="fl-a0">
         <path>C:\ti\ccs1011\ccs\tools\compiler\ti-cgt-armllvm_1.3.0.LTS\lib\armv7em-ti-none-eabi\c\</path>
         <kind>archive</kind>
         <file>libsysbm.a</file>
         <name>hostclose.c.obj</name>
      </input_file>
      <input_file id="fl-a1">
         <path>C:\ti\ccs1011\ccs\tools\compiler\ti-cgt-armllvm_1.3.0.LTS\lib\armv7em-ti-none-eabi\c\</path>
         <kind>archive</kind>
         <file>libsysbm.a</file>
         <name>hostlseek.c.obj</name>
      </input_file>
      <input_file id="fl-a2">
         <path>C:\ti\ccs1011\ccs\tools\compiler\ti-cgt-armllvm_1.3.0.LTS\lib\armv7em-ti-none-eabi\c\</path>
         <kind>archive</kind>
         <file>libsysbm.a</file>
         <name>hostopen.c.obj</name>
      </input_file>
      <input_file id="fl-a3">
         <path>C:\ti\ccs1011\ccs\tools\compiler\ti-cgt-armllvm_1.3.0.LTS\lib\armv7em-ti-none-eabi\c\</path>
         <kind>archive</kind>
         <file>libsysbm.a</file>
         <name>hostread.c.obj</name>
      </input_file>
      <input_file id="fl-a4">
         <path>C:\ti\ccs1011\ccs\tools\compiler\ti-cgt-armllvm_1.3.0.LTS\lib\armv7em-ti-none-eabi\c\</path>
         <kind>archive</kind>
         <file>libsysbm.a</file>
         <name>hostrename.c.obj</name>
      </input_file>
      <input_file id="fl-a5">
         <path>C:\ti\ccs1011\ccs\tools\compiler\ti-cgt-armllvm_1.3.0.LTS\lib\armv7em-ti-none-eabi\c\</path>
         <kind>archive</kind>
         <file>libsysbm.a</file>
         <name>hostunlink.c.obj</name>
      </input_file>
      <input_file id="fl-a6">
         <path>C:\ti\ccs1011\ccs\tools\compiler\ti-cgt-armllvm_1.3.0.LTS\lib\armv7em-ti-none-eabi\c\</path>
         <kind>archive</kind>
         <file>libsysbm.a</file>
         <name>hostwrite.c.obj</name>
      </input_file>
      <input_file id="fl-a7">
         <path>C:\ti\ccs1011\ccs\tools\compiler\ti-cgt-armllvm_1.3.0.LTS\lib\armv7em-ti-none-eabi\c\</path>
         <kind>archive</kind>
         <file>libsysbm.a</file>
         <name>trgmsg.c.obj</name>
      </input_file>
      <input_file id="fl-a8">
         <path>C:\ti\ccs1011\ccs\tools\compiler\ti-cgt-armllvm_1.3.0.LTS\lib\clang\12.0.1\lib\armv7em-ti-none-eabi\</path>
         <kind>archive</kind>
         <file>libclang_rt.builtins.a</file>
         <name>adddf3.S.obj</name>
      </input_file>
      <input_file id="fl-a9">
         <path>C:\ti\ccs1011\ccs\tools\compiler\ti-cgt-armllvm_1.3.0.LTS\lib\clang\12.0.1\lib\armv7em-ti-none-eabi\</path>
         <kind>archive</kind>
         <file>libclang_rt.builtins.a</file>
         <name>muldf3.S.obj</name>
      </input_file>
      <input_file id="fl-aa">
         <path>C:\ti\ccs1011\ccs\tools\compiler\ti-cgt-armllvm_1.3.0.LTS\lib\clang\12.0.1\lib\armv7em-ti-none-eabi\</path>
         <kind>archive</kind>
         <file>libclang_rt.builtins.a</file>
         <name>divdf3.S.obj</name>
      </input_file>
      <input_file id="fl-ab">
         <path>C:\ti\ccs1011\ccs\tools\compiler\ti-cgt-armllvm_1.3.0.LTS\lib\clang\12.0.1\lib\armv7em-ti-none-eabi\</path>
         <kind>archive</kind>
         <file>libclang_rt.builtins.a</file>
         <name>fixdfsi.S.obj</name>
      </input_file>
      <input_file id="fl-ac">
         <path>C:\ti\ccs1011\ccs\tools\compiler\ti-cgt-armllvm_1.3.0.LTS\lib\clang\12.0.1\lib\armv7em-ti-none-eabi\</path>
         <kind>archive</kind>
         <file>libclang_rt.builtins.a</file>
         <name>floatsidf.S.obj</name>
      </input_file>
      <input_file id="fl-ad">
         <path>C:\ti\ccs1011\ccs\tools\compiler\ti-cgt-armllvm_1.3.0.LTS\lib\clang\12.0.1\lib\armv7em-ti-none-eabi\</path>
         <kind>archive</kind>
         <file>libclang_rt.builtins.a</file>
         <name>aeabi_dcmp.S.obj</name>
      </input_file>
      <input_file id="fl-ae">
         <path>C:\ti\ccs1011\ccs\tools\compiler\ti-cgt-armllvm_1.3.0.LTS\lib\clang\12.0.1\lib\armv7em-ti-none-eabi\</path>
         <kind>archive</kind>
         <file>libclang_rt.builtins.a</file>
         <name>aeabi_memcpy.S.obj</name>
      </input_file>
      <input_file id="fl-af">
         <path>C:\ti\ccs1011\ccs\tools\compiler\ti-cgt-armllvm_1.3.0.LTS\lib\clang\12.0.1\lib\armv7em-ti-none-eabi\</path>
         <kind>archive</kind>
         <file>libclang_rt.builtins.a</file>
         <name>aeabi_memset.S.obj</name>
      </input_file>
      <input_file id="fl-b0">
         <path>C:\ti\ccs1011\ccs\tools\compiler\ti-cgt-armllvm_1.3.0.LTS\lib\clang\12.0.1\lib\armv7em-ti-none-eabi\</path>
         <kind>archive</kind>
         <file>libclang_rt.builtins.a</file>
         <name>aeabi_uldivmod.S.obj</name>
      </input_file>
      <input_file id="fl-b1">
         <path>C:\ti\ccs1011\ccs\tools\compiler\ti-cgt-armllvm_1.3.0.LTS\lib\clang\12.0.1\lib\armv7em-ti-none-eabi\</path>
         <kind>archive</kind>
         <file>libclang_rt.builtins.a</file>
         <name>udivmoddi4.S.obj</name>
      </input_file>
      <input_file id="fl-b2">
         <path>C:\ti\ccs1011\ccs\tools\compiler\ti-cgt-armllvm_1.3.0.LTS\lib\clang\12.0.1\lib\armv7em-ti-none-eabi\</path>
         <kind>archive</kind>
         <file>libclang_rt.builtins.a</file>
         <name>comparedf2.c.obj</name>
      </input_file>
      <input_file id="fl-b3">
         <path>C:\ti\ccs1011\ccs\tools\compiler\ti-cgt-armllvm_1.3.0.LTS\lib\clang\12.0.1\lib\armv7em-ti-none-eabi\</path>
         <kind>archive</kind>
         <file>libclang_rt.builtins.a</file>
         <name>aeabi_div0.c.obj</name>
      </input_file>
      <input_file id="fl-b4">
         <path>C:\ti\ccs1011\ccs\tools\compiler\ti-cgt-armllvm_1.3.0.LTS\lib\armv7em-ti-none-eabi\c\</path>
         <kind>archive</kind>
         <file>libc.a</file>
         <name>getdevice.c.obj</name>
      </input_file>
      <input_file id="fl-b5">
         <path>C:\ti\ccs1011\ccs\tools\compiler\ti-cgt-armllvm_1.3.0.LTS\lib\armv7em-ti-none-eabi\c\</path>
         <kind>archive</kind>
         <file>libc.a</file>
         <name>memcpy_t2.S.obj</name>
      </input_file>
      <input_file id="fl-b6">
         <path>C:\ti\ccs1011\ccs\tools\compiler\ti-cgt-armllvm_1.3.0.LTS\lib\armv7em-ti-none-eabi\c\</path>
         <kind>archive</kind>
         <file>libc.a</file>
         <name>memset_t2.S.obj</name>
      </input_file>
   </input_file_list>
   <object_component_list>
      <object_component id="oc-21d">
         <name>.text:__TI_printfi_nofloat</name>
         <load_address>0x2000c040</load_address>
         <run_address>0x2000c040</run_address>
         <size>0x7ec</size>
         <input_file_ref idref="fl-4b"/>
      </object_component>
      <object_component id="oc-7b">
         <name>.text.PRCMCC3200MCUInit</name>
         <load_address>0x2000c82c</load_address>
         <run_address>0x2000c82c</run_address>
         <size>0x4b8</size>
         <input_file_ref idref="fl-2e"/>
      </object_component>
      <object_component id="oc-1b2">
         <name>.text.Power_sleep</name>
         <load_address>0x2000cce4</load_address>
         <run_address>0x2000cce4</run_address>
         <size>0x3e4</size>
         <input_file_ref idref="fl-18"/>
      </object_component>
      <object_component id="oc-16f">
         <name>.text.UART2CC32XX_hwiIntFxn</name>
         <load_address>0x2000d0c8</load_address>
         <run_address>0x2000d0c8</run_address>
         <size>0x222</size>
         <input_file_ref idref="fl-1d"/>
      </object_component>
      <object_component id="oc-8b">
         <name>.text.Board_initHook</name>
         <load_address>0x2000d2ea</load_address>
         <run_address>0x2000d2ea</run_address>
         <size>0x2</size>
         <input_file_ref idref="fl-2"/>
      </object_component>
      <object_component id="oc-d8">
         <name>.text.UART2_open</name>
         <load_address>0x2000d2ec</load_address>
         <run_address>0x2000d2ec</run_address>
         <size>0x1cc</size>
         <input_file_ref idref="fl-1d"/>
      </object_component>
      <object_component id="oc-98">
         <name>.text.initI2C</name>
         <load_address>0x2000d4b8</load_address>
         <run_address>0x2000d4b8</run_address>
         <size>0x178</size>
         <input_file_ref idref="fl-1"/>
      </object_component>
      <object_component id="oc-208">
         <name>.text.UART2_writeTimeoutBlocking</name>
         <load_address>0x2000d630</load_address>
         <run_address>0x2000d630</run_address>
         <size>0x174</size>
         <input_file_ref idref="fl-1c"/>
      </object_component>
      <object_component id="oc-128">
         <name>.text.PowerCC32XX_sleepPolicy</name>
         <load_address>0x2000d7a4</load_address>
         <run_address>0x2000d7a4</run_address>
         <size>0x150</size>
         <input_file_ref idref="fl-25"/>
      </object_component>
      <object_component id="oc-10a">
         <name>.text.Timer_open</name>
         <load_address>0x2000d8f4</load_address>
         <run_address>0x2000d8f4</run_address>
         <size>0x148</size>
         <input_file_ref idref="fl-1b"/>
      </object_component>
      <object_component id="oc-c5">
         <name>.text.GPIO_setConfig</name>
         <load_address>0x2000da3c</load_address>
         <run_address>0x2000da3c</run_address>
         <size>0x140</size>
         <input_file_ref idref="fl-15"/>
      </object_component>
      <object_component id="oc-180">
         <name>.text.I2CCC32XX_hwiFxn</name>
         <load_address>0x2000db7c</load_address>
         <run_address>0x2000db7c</run_address>
         <size>0x138</size>
         <input_file_ref idref="fl-17"/>
      </object_component>
      <object_component id="oc-187">
         <name>.text.I2C_transferTimeout</name>
         <load_address>0x2000dcb4</load_address>
         <run_address>0x2000dcb4</run_address>
         <size>0x126</size>
         <input_file_ref idref="fl-16"/>
      </object_component>
      <object_component id="oc-207">
         <name>.text.UART2_writeTimeoutNonblocking</name>
         <load_address>0x2000ddda</load_address>
         <run_address>0x2000ddda</run_address>
         <size>0x11a</size>
         <input_file_ref idref="fl-1c"/>
      </object_component>
      <object_component id="oc-256">
         <name>.text.aligned_alloc</name>
         <load_address>0x2000def4</load_address>
         <run_address>0x2000def4</run_address>
         <size>0x114</size>
         <input_file_ref idref="fl-42"/>
      </object_component>
      <object_component id="oc-271">
         <name>.text.uDMAChannelTransferSet</name>
         <load_address>0x2000e008</load_address>
         <run_address>0x2000e008</run_address>
         <size>0x112</size>
         <input_file_ref idref="fl-33"/>
      </object_component>
      <object_component id="oc-e1">
         <name>.text.I2C_init</name>
         <load_address>0x2000e11a</load_address>
         <run_address>0x2000e11a</run_address>
         <size>0x2</size>
         <input_file_ref idref="fl-16"/>
      </object_component>
      <object_component id="oc-239">
         <name>.text</name>
         <load_address>0x2000e11c</load_address>
         <run_address>0x2000e11c</run_address>
         <size>0xfc</size>
         <input_file_ref idref="fl-a9"/>
      </object_component>
      <object_component id="oc-12f">
         <name>.text.free</name>
         <load_address>0x2000e218</load_address>
         <run_address>0x2000e218</run_address>
         <size>0xf8</size>
         <input_file_ref idref="fl-42"/>
      </object_component>
      <object_component id="oc-e7">
         <name>.text.I2C_open</name>
         <load_address>0x2000e310</load_address>
         <run_address>0x2000e310</run_address>
         <size>0xe8</size>
         <input_file_ref idref="fl-17"/>
      </object_component>
      <object_component id="oc-16a">
         <name>.text.UART2_close</name>
         <load_address>0x2000e3f8</load_address>
         <run_address>0x2000e3f8</run_address>
         <size>0xe8</size>
         <input_file_ref idref="fl-1d"/>
      </object_component>
      <object_component id="oc-203">
         <name>.text.UART2Support_dmaStartRx</name>
         <load_address>0x2000e4e0</load_address>
         <run_address>0x2000e4e0</run_address>
         <size>0xcc</size>
         <input_file_ref idref="fl-1d"/>
      </object_component>
      <object_component id="oc-264">
         <name>.text.IntDisable</name>
         <load_address>0x2000e5ac</load_address>
         <run_address>0x2000e5ac</run_address>
         <size>0xc8</size>
         <input_file_ref idref="fl-2c"/>
      </object_component>
      <object_component id="oc-1ec">
         <name>.text.IntEnable</name>
         <load_address>0x2000e674</load_address>
         <run_address>0x2000e674</run_address>
         <size>0xc8</size>
         <input_file_ref idref="fl-2c"/>
      </object_component>
      <object_component id="oc-166">
         <name>.text.UART2CC32XX_initHw</name>
         <load_address>0x2000e73c</load_address>
         <run_address>0x2000e73c</run_address>
         <size>0xc4</size>
         <input_file_ref idref="fl-1d"/>
      </object_component>
      <object_component id="oc-206">
         <name>.text.UART2Support_dmaStartTx</name>
         <load_address>0x2000e800</load_address>
         <run_address>0x2000e800</run_address>
         <size>0xb8</size>
         <input_file_ref idref="fl-1d"/>
      </object_component>
      <object_component id="oc-241">
         <name>.text</name>
         <load_address>0x2000e8b8</load_address>
         <run_address>0x2000e8b8</run_address>
         <size>0xb0</size>
         <input_file_ref idref="fl-b1"/>
      </object_component>
      <object_component id="oc-1c4">
         <name>.text.GPIOIntTypeSet</name>
         <load_address>0x2000e968</load_address>
         <run_address>0x2000e968</run_address>
         <size>0xac</size>
         <input_file_ref idref="fl-29"/>
      </object_component>
      <object_component id="oc-29d">
         <name>.text.IntPendSet</name>
         <load_address>0x2000ea14</load_address>
         <run_address>0x2000ea14</run_address>
         <size>0xa4</size>
         <input_file_ref idref="fl-2c"/>
      </object_component>
      <object_component id="oc-136">
         <name>.text.PinConfigSet</name>
         <load_address>0x2000eab8</load_address>
         <run_address>0x2000eab8</run_address>
         <size>0xa2</size>
         <input_file_ref idref="fl-2d"/>
      </object_component>
      <object_component id="oc-21b">
         <name>.text.I2CCC32XX_completeTransfer</name>
         <load_address>0x2000eb5a</load_address>
         <run_address>0x2000eb5a</run_address>
         <size>0x9c</size>
         <input_file_ref idref="fl-17"/>
      </object_component>
      <object_component id="oc-20c">
         <name>.text.I2CMasterInitExpClk</name>
         <load_address>0x2000ebf6</load_address>
         <run_address>0x2000ebf6</run_address>
         <size>0x98</size>
         <input_file_ref idref="fl-2b"/>
      </object_component>
      <object_component id="oc-123">
         <name>.text.PowerCC32XX_initPolicy</name>
         <load_address>0x2000ec8e</load_address>
         <run_address>0x2000ec8e</run_address>
         <size>0x2</size>
         <input_file_ref idref="fl-25"/>
      </object_component>
      <object_component id="oc-c4">
         <name>.text.SemaphoreP_pend</name>
         <load_address>0x2000ec90</load_address>
         <run_address>0x2000ec90</run_address>
         <size>0x98</size>
         <input_file_ref idref="fl-22"/>
      </object_component>
      <object_component id="oc-c1">
         <name>.text.HwiP_disable</name>
         <load_address>0x2000ed28</load_address>
         <run_address>0x2000ed28</run_address>
         <size>0x8</size>
         <input_file_ref idref="fl-24"/>
      </object_component>
      <object_component id="oc-249">
         <name>.text</name>
         <load_address>0x2000ed30</load_address>
         <run_address>0x2000ed30</run_address>
         <size>0x96</size>
         <input_file_ref idref="fl-19"/>
      </object_component>
      <object_component id="oc-1e5">
         <name>.text.uDMAChannelAttributeDisable</name>
         <load_address>0x2000edc6</load_address>
         <run_address>0x2000edc6</run_address>
         <size>0x92</size>
         <input_file_ref idref="fl-33"/>
      </object_component>
      <object_component id="oc-85">
         <name>.text.GPIO_init</name>
         <load_address>0x2000ee58</load_address>
         <run_address>0x2000ee58</run_address>
         <size>0x90</size>
         <input_file_ref idref="fl-15"/>
      </object_component>
      <object_component id="oc-a3">
         <name>.text.PRCMSysResetCauseGet</name>
         <load_address>0x2000eee8</load_address>
         <run_address>0x2000eee8</run_address>
         <size>0x8e</size>
         <input_file_ref idref="fl-2e"/>
      </object_component>
      <object_component id="oc-1f5">
         <name>.text.SemaphoreP_destruct</name>
         <load_address>0x2000ef76</load_address>
         <run_address>0x2000ef76</run_address>
         <size>0x2</size>
         <input_file_ref idref="fl-22"/>
      </object_component>
      <object_component id="oc-b5">
         <name>.text.PowerCC32XX_configureWakeup</name>
         <load_address>0x2000ef78</load_address>
         <run_address>0x2000ef78</run_address>
         <size>0x88</size>
         <input_file_ref idref="fl-18"/>
      </object_component>
      <object_component id="oc-19d">
         <name>.text.readTemp</name>
         <load_address>0x2000f000</load_address>
         <run_address>0x2000f000</run_address>
         <size>0x88</size>
         <input_file_ref idref="fl-1"/>
      </object_component>
      <object_component id="oc-218">
         <name>.text.I2CCC32XX_primeReadBurst</name>
         <load_address>0x2000f088</load_address>
         <run_address>0x2000f088</run_address>
         <size>0x7a</size>
         <input_file_ref idref="fl-17"/>
      </object_component>
      <object_component id="oc-103">
         <name>.text.Timer_init</name>
         <load_address>0x2000f102</load_address>
         <run_address>0x2000f102</run_address>
         <size>0x2</size>
         <input_file_ref idref="fl-1a"/>
      </object_component>
      <object_component id="oc-80">
         <name>.text.Power_init</name>
         <load_address>0x2000f104</load_address>
         <run_address>0x2000f104</run_address>
         <size>0x78</size>
         <input_file_ref idref="fl-18"/>
      </object_component>
      <object_component id="oc-168">
         <name>.text.HwiP_construct</name>
         <load_address>0x2000f17c</load_address>
         <run_address>0x2000f17c</run_address>
         <size>0x74</size>
         <input_file_ref idref="fl-24"/>
      </object_component>
      <object_component id="oc-120">
         <name>.text.PRCMHibernateWakeUpGPIOSelect</name>
         <load_address>0x2000f1f0</load_address>
         <run_address>0x2000f1f0</run_address>
         <size>0x74</size>
         <input_file_ref idref="fl-2e"/>
      </object_component>
      <object_component id="oc-1da">
         <name>.text.UARTConfigSetExpClk</name>
         <load_address>0x2000f264</load_address>
         <run_address>0x2000f264</run_address>
         <size>0x74</size>
         <input_file_ref idref="fl-32"/>
      </object_component>
      <object_component id="oc-247">
         <name>.text.PinLockLevelSet</name>
         <load_address>0x2000f2d8</load_address>
         <run_address>0x2000f2d8</run_address>
         <size>0x6c</size>
         <input_file_ref idref="fl-2d"/>
      </object_component>
      <object_component id="oc-137">
         <name>.text.Power_setDependency</name>
         <load_address>0x2000f344</load_address>
         <run_address>0x2000f344</run_address>
         <size>0x6c</size>
         <input_file_ref idref="fl-18"/>
      </object_component>
      <object_component id="oc-164">
         <name>.text.UDMACC32XX_open</name>
         <load_address>0x2000f3b0</load_address>
         <run_address>0x2000f3b0</run_address>
         <size>0x6c</size>
         <input_file_ref idref="fl-20"/>
      </object_component>
      <object_component id="oc-cc">
         <name>.text.powerNotifyFxn</name>
         <load_address>0x2000f41c</load_address>
         <run_address>0x2000f41c</run_address>
         <size>0x6c</size>
         <input_file_ref idref="fl-15"/>
      </object_component>
      <object_component id="oc-115">
         <name>.text.setHeatMode</name>
         <load_address>0x2000f488</load_address>
         <run_address>0x2000f488</run_address>
         <size>0x6c</size>
         <input_file_ref idref="fl-1"/>
      </object_component>
      <object_component id="oc-29e">
         <name>.text.split</name>
         <load_address>0x2000f4f4</load_address>
         <run_address>0x2000f4f4</run_address>
         <size>0x6c</size>
         <input_file_ref idref="fl-42"/>
      </object_component>
      <object_component id="oc-ab">
         <name>.text.PRCMPeripheralReset</name>
         <load_address>0x2000f560</load_address>
         <run_address>0x2000f560</run_address>
         <size>0x6a</size>
         <input_file_ref idref="fl-2e"/>
      </object_component>
      <object_component id="oc-16">
         <name>.text:decompress:lzss</name>
         <load_address>0x2000f5ca</load_address>
         <run_address>0x2000f5ca</run_address>
         <size>0x6a</size>
         <input_file_ref idref="fl-4a"/>
      </object_component>
      <object_component id="oc-17b">
         <name>.text.I2CCC32XX_initHw</name>
         <load_address>0x2000f634</load_address>
         <run_address>0x2000f634</run_address>
         <size>0x68</size>
         <input_file_ref idref="fl-17"/>
      </object_component>
      <object_component id="oc-1e9">
         <name>.text.IntPendClear</name>
         <load_address>0x2000f69c</load_address>
         <run_address>0x2000f69c</run_address>
         <size>0x68</size>
         <input_file_ref idref="fl-2c"/>
      </object_component>
      <object_component id="oc-69">
         <name>.text.mainThread</name>
         <load_address>0x2000f704</load_address>
         <run_address>0x2000f704</run_address>
         <size>0x68</size>
         <input_file_ref idref="fl-1"/>
      </object_component>
      <object_component id="oc-219">
         <name>.text.I2CCC32XX_primeWriteBurst</name>
         <load_address>0x2000f76c</load_address>
         <run_address>0x2000f76c</run_address>
         <size>0x66</size>
         <input_file_ref idref="fl-17"/>
      </object_component>
      <object_component id="oc-16d">
         <name>.text.UART2CC32XX_eventCallback</name>
         <load_address>0x2000f7d2</load_address>
         <run_address>0x2000f7d2</run_address>
         <size>0x2</size>
         <input_file_ref idref="fl-1d"/>
      </object_component>
      <object_component id="oc-f9">
         <name>.text.GPIO_write</name>
         <load_address>0x2000f7d4</load_address>
         <run_address>0x2000f7d4</run_address>
         <size>0x60</size>
         <input_file_ref idref="fl-15"/>
      </object_component>
      <object_component id="oc-205">
         <name>.text.UART2Support_dmaStopTx</name>
         <load_address>0x2000f834</load_address>
         <run_address>0x2000f834</run_address>
         <size>0x60</size>
         <input_file_ref idref="fl-1d"/>
      </object_component>
      <object_component id="oc-298">
         <name>.text.FlashDisable</name>
         <load_address>0x2000f894</load_address>
         <run_address>0x2000f894</run_address>
         <size>0x5c</size>
         <input_file_ref idref="fl-35"/>
      </object_component>
      <object_component id="oc-221">
         <name>.text.I2CSupport_primeTransfer</name>
         <load_address>0x2000f8f0</load_address>
         <run_address>0x2000f8f0</run_address>
         <size>0x5c</size>
         <input_file_ref idref="fl-17"/>
      </object_component>
      <object_component id="oc-122">
         <name>.text.PRCMHibernateWakeupSourceDisable</name>
         <load_address>0x2000f94c</load_address>
         <run_address>0x2000f94c</run_address>
         <size>0x5c</size>
         <input_file_ref idref="fl-2e"/>
      </object_component>
      <object_component id="oc-18f">
         <name>.text.TimerCC32XX_allocateTimerResource</name>
         <load_address>0x2000f9a8</load_address>
         <run_address>0x2000f9a8</run_address>
         <size>0x5c</size>
         <input_file_ref idref="fl-1b"/>
      </object_component>
      <object_component id="oc-99">
         <name>.text.initGPIO</name>
         <load_address>0x2000fa04</load_address>
         <run_address>0x2000fa04</run_address>
         <size>0x5c</size>
         <input_file_ref idref="fl-1"/>
      </object_component>
      <object_component id="oc-aa">
         <name>.text.PRCMPeripheralClkEnable</name>
         <load_address>0x2000fa60</load_address>
         <run_address>0x2000fa60</run_address>
         <size>0x5a</size>
         <input_file_ref idref="fl-2e"/>
      </object_component>
      <object_component id="oc-292">
         <name>.text.__aeabi_ldiv0</name>
         <load_address>0x2000faba</load_address>
         <run_address>0x2000faba</run_address>
         <size>0x2</size>
         <input_file_ref idref="fl-b3"/>
      </object_component>
      <object_component id="oc-23f">
         <name>.text.ClockP_startup</name>
         <load_address>0x2000fabc</load_address>
         <run_address>0x2000fabc</run_address>
         <size>0x58</size>
         <input_file_ref idref="fl-23"/>
      </object_component>
      <object_component id="oc-1eb">
         <name>.text.IntPrioritySet</name>
         <load_address>0x2000fb14</load_address>
         <run_address>0x2000fb14</run_address>
         <size>0x58</size>
         <input_file_ref idref="fl-2c"/>
      </object_component>
      <object_component id="oc-253">
         <name>.text.PRCMLPDSEnter</name>
         <load_address>0x2000fb6c</load_address>
         <run_address>0x2000fb6c</run_address>
         <size>0x56</size>
         <input_file_ref idref="fl-2e"/>
      </object_component>
      <object_component id="oc-116">
         <name>.text._nop</name>
         <load_address>0x2000fbc2</load_address>
         <run_address>0x2000fbc2</run_address>
         <size>0x2</size>
         <input_file_ref idref="fl-4e"/>
      </object_component>
      <object_component id="oc-150">
         <name>.text.PowerCC32XX_setParkState</name>
         <load_address>0x2000fbc4</load_address>
         <run_address>0x2000fbc4</run_address>
         <size>0x54</size>
         <input_file_ref idref="fl-18"/>
      </object_component>
      <object_component id="oc-1f8">
         <name>.text.Power_releaseDependency</name>
         <load_address>0x2000fc18</load_address>
         <run_address>0x2000fc18</run_address>
         <size>0x54</size>
         <input_file_ref idref="fl-18"/>
      </object_component>
      <object_component id="oc-144">
         <name>.text.GPIO_hwiIntFxn</name>
         <load_address>0x2000fc6c</load_address>
         <run_address>0x2000fc6c</run_address>
         <size>0x50</size>
         <input_file_ref idref="fl-15"/>
      </object_component>
      <object_component id="oc-121">
         <name>.text.PRCMHibernateWakeupSourceEnable</name>
         <load_address>0x2000fcbc</load_address>
         <run_address>0x2000fcbc</run_address>
         <size>0x50</size>
         <input_file_ref idref="fl-2e"/>
      </object_component>
      <object_component id="oc-1bc">
         <name>.text.SemaphoreP_construct</name>
         <load_address>0x2000fd0c</load_address>
         <run_address>0x2000fd0c</run_address>
         <size>0x50</size>
         <input_file_ref idref="fl-22"/>
      </object_component>
      <object_component id="oc-1e4">
         <name>.text.uDMAChannelAssign</name>
         <load_address>0x2000fd5c</load_address>
         <run_address>0x2000fd5c</run_address>
         <size>0x4e</size>
         <input_file_ref idref="fl-33"/>
      </object_component>
      <object_component id="oc-32">
         <name>.text.busFaultHandler</name>
         <load_address>0x2000fdaa</load_address>
         <run_address>0x2000fdaa</run_address>
         <size>0x2</size>
         <input_file_ref idref="fl-26"/>
      </object_component>
      <object_component id="oc-140">
         <name>.text.GPIO_setInterruptConfig</name>
         <load_address>0x2000fdac</load_address>
         <run_address>0x2000fdac</run_address>
         <size>0x4c</size>
         <input_file_ref idref="fl-15"/>
      </object_component>
      <object_component id="oc-296">
         <name>.text.PRCMLPDSRestoreInfoSet</name>
         <load_address>0x2000fdf8</load_address>
         <run_address>0x2000fdf8</run_address>
         <size>0x4c</size>
         <input_file_ref idref="fl-2e"/>
      </object_component>
      <object_component id="oc-193">
         <name>.text.initHw</name>
         <load_address>0x2000fe44</load_address>
         <run_address>0x2000fe44</run_address>
         <size>0x4c</size>
         <input_file_ref idref="fl-1b"/>
      </object_component>
      <object_component id="oc-201">
         <name>.text.UART2Support_dmaStopRx</name>
         <load_address>0x2000fe90</load_address>
         <run_address>0x2000fe90</run_address>
         <size>0x4a</size>
         <input_file_ref idref="fl-1d"/>
      </object_component>
      <object_component id="oc-192">
         <name>.text.getPrescaler</name>
         <load_address>0x2000feda</load_address>
         <run_address>0x2000feda</run_address>
         <size>0x4a</size>
         <input_file_ref idref="fl-1b"/>
      </object_component>
      <object_component id="oc-26b">
         <name>.text.uDMAChannelSizeGet</name>
         <load_address>0x2000ff24</load_address>
         <run_address>0x2000ff24</run_address>
         <size>0x4a</size>
         <input_file_ref idref="fl-33"/>
      </object_component>
      <object_component id="oc-135">
         <name>.text.clkFxn</name>
         <load_address>0x2000ff6e</load_address>
         <run_address>0x2000ff6e</run_address>
         <size>0x2</size>
         <input_file_ref idref="fl-22"/>
      </object_component>
      <object_component id="oc-33">
         <name>.text.ClockP_sysTickHandler</name>
         <load_address>0x2000ff70</load_address>
         <run_address>0x2000ff70</run_address>
         <size>0x48</size>
         <input_file_ref idref="fl-23"/>
      </object_component>
      <object_component id="oc-24d">
         <name>.text.PRCMIntEnable</name>
         <load_address>0x2000ffb8</load_address>
         <run_address>0x2000ffb8</run_address>
         <size>0x48</size>
         <input_file_ref idref="fl-2e"/>
      </object_component>
      <object_component id="oc-1c1">
         <name>.text.PRCMPeripheralStatusGet</name>
         <load_address>0x20010000</load_address>
         <run_address>0x20010000</run_address>
         <size>0x48</size>
         <input_file_ref idref="fl-2e"/>
      </object_component>
      <object_component id="oc-293">
         <name>.text.PinConfigGet</name>
         <load_address>0x20010048</load_address>
         <run_address>0x20010048</run_address>
         <size>0x48</size>
         <input_file_ref idref="fl-2d"/>
      </object_component>
      <object_component id="oc-23a">
         <name>.text</name>
         <load_address>0x20010090</load_address>
         <run_address>0x20010090</run_address>
         <size>0x48</size>
         <input_file_ref idref="fl-ab"/>
      </object_component>
      <object_component id="oc-217">
         <name>.text.I2CCC32XX_fillTransmitFifo</name>
         <load_address>0x200100d8</load_address>
         <run_address>0x200100d8</run_address>
         <size>0x46</size>
         <input_file_ref idref="fl-17"/>
      </object_component>
      <object_component id="oc-252">
         <name>.text.PRCMLPDSEnterKeepDebugIf</name>
         <load_address>0x2001011e</load_address>
         <run_address>0x2001011e</run_address>
         <size>0x46</size>
         <input_file_ref idref="fl-2e"/>
      </object_component>
      <object_component id="oc-269">
         <name>.text.RingBuf_put</name>
         <load_address>0x20010164</load_address>
         <run_address>0x20010164</run_address>
         <size>0x46</size>
         <input_file_ref idref="fl-1f"/>
      </object_component>
      <object_component id="oc-13a">
         <name>.text.GPIODirModeSet</name>
         <load_address>0x200101aa</load_address>
         <run_address>0x200101aa</run_address>
         <size>0x44</size>
         <input_file_ref idref="fl-29"/>
      </object_component>
      <object_component id="oc-31">
         <name>.text.defaultHandler</name>
         <load_address>0x200101ee</load_address>
         <run_address>0x200101ee</run_address>
         <size>0x2</size>
         <input_file_ref idref="fl-26"/>
      </object_component>
      <object_component id="oc-1c5">
         <name>.text.GPIO_disableInt</name>
         <load_address>0x200101f0</load_address>
         <run_address>0x200101f0</run_address>
         <size>0x44</size>
         <input_file_ref idref="fl-15"/>
      </object_component>
      <object_component id="oc-ff">
         <name>.text.GPIO_enableInt</name>
         <load_address>0x20010234</load_address>
         <run_address>0x20010234</run_address>
         <size>0x44</size>
         <input_file_ref idref="fl-15"/>
      </object_component>
      <object_component id="oc-204">
         <name>.text.Power_releaseConstraint</name>
         <load_address>0x20010278</load_address>
         <run_address>0x20010278</run_address>
         <size>0x44</size>
         <input_file_ref idref="fl-18"/>
      </object_component>
      <object_component id="oc-110">
         <name>.text.Timer_start</name>
         <load_address>0x200102bc</load_address>
         <run_address>0x200102bc</run_address>
         <size>0x44</size>
         <input_file_ref idref="fl-1a"/>
      </object_component>
      <object_component id="oc-4b">
         <name>.text.addToList</name>
         <load_address>0x20010300</load_address>
         <run_address>0x20010300</run_address>
         <size>0x44</size>
         <input_file_ref idref="fl-23"/>
      </object_component>
      <object_component id="oc-9a">
         <name>.text.initTimer</name>
         <load_address>0x20010344</load_address>
         <run_address>0x20010344</run_address>
         <size>0x44</size>
         <input_file_ref idref="fl-1"/>
      </object_component>
      <object_component id="oc-ee">
         <name>.text.snprintf</name>
         <load_address>0x20010388</load_address>
         <run_address>0x20010388</run_address>
         <size>0x44</size>
         <input_file_ref idref="fl-41"/>
      </object_component>
      <object_component id="oc-b2">
         <name>.text.PinModeSet</name>
         <load_address>0x200103cc</load_address>
         <run_address>0x200103cc</run_address>
         <size>0x42</size>
         <input_file_ref idref="fl-2d"/>
      </object_component>
      <object_component id="oc-231">
         <name>.text.TimerControlStall</name>
         <load_address>0x2001040e</load_address>
         <run_address>0x2001040e</run_address>
         <size>0x42</size>
         <input_file_ref idref="fl-31"/>
      </object_component>
      <object_component id="oc-191">
         <name>.text.Timer_close</name>
         <load_address>0x20010450</load_address>
         <run_address>0x20010450</run_address>
         <size>0x42</size>
         <input_file_ref idref="fl-1b"/>
      </object_component>
      <object_component id="oc-1aa">
         <name>.text.getCountsRTC</name>
         <load_address>0x20010492</load_address>
         <run_address>0x20010492</run_address>
         <size>0x42</size>
         <input_file_ref idref="fl-25"/>
      </object_component>
      <object_component id="oc-c7">
         <name>.text.SemaphoreP_post</name>
         <load_address>0x200104d4</load_address>
         <run_address>0x200104d4</run_address>
         <size>0x40</size>
         <input_file_ref idref="fl-22"/>
      </object_component>
      <object_component id="oc-227">
         <name>.text.Timer_stop</name>
         <load_address>0x20010514</load_address>
         <run_address>0x20010514</run_address>
         <size>0x40</size>
         <input_file_ref idref="fl-1a"/>
      </object_component>
      <object_component id="oc-284">
         <name>.text.atoi</name>
         <load_address>0x20010554</load_address>
         <run_address>0x20010554</run_address>
         <size>0x40</size>
         <input_file_ref idref="fl-52"/>
      </object_component>
      <object_component id="oc-270">
         <name>.text.uDMAChannelControlSet</name>
         <load_address>0x20010594</load_address>
         <run_address>0x20010594</run_address>
         <size>0x40</size>
         <input_file_ref idref="fl-33"/>
      </object_component>
      <object_component id="oc-295">
         <name>.text.PinDirModeSet</name>
         <load_address>0x200105d4</load_address>
         <run_address>0x200105d4</run_address>
         <size>0x3e</size>
         <input_file_ref idref="fl-2d"/>
      </object_component>
      <object_component id="oc-30">
         <name>.text.faultISR</name>
         <load_address>0x20010612</load_address>
         <run_address>0x20010612</run_address>
         <size>0x2</size>
         <input_file_ref idref="fl-26"/>
      </object_component>
      <object_component id="oc-1c0">
         <name>.text.ClockP_stop</name>
         <load_address>0x20010614</load_address>
         <run_address>0x20010614</run_address>
         <size>0x3c</size>
         <input_file_ref idref="fl-23"/>
      </object_component>
      <object_component id="oc-15f">
         <name>.text.UDMACC32XX_init</name>
         <load_address>0x20010650</load_address>
         <run_address>0x20010650</run_address>
         <size>0x3c</size>
         <input_file_ref idref="fl-20"/>
      </object_component>
      <object_component id="oc-73">
         <name>.text:__TI_auto_init_nobinit_nopinit</name>
         <load_address>0x2001068c</load_address>
         <run_address>0x2001068c</run_address>
         <size>0x3c</size>
         <input_file_ref idref="fl-45"/>
      </object_component>
      <object_component id="oc-19b">
         <name>.text.TimerSupport_timerEnable</name>
         <load_address>0x200106c8</load_address>
         <run_address>0x200106c8</run_address>
         <size>0x3a</size>
         <input_file_ref idref="fl-1b"/>
      </object_component>
      <object_component id="oc-2f">
         <name>.text.nmiISR</name>
         <load_address>0x20010702</load_address>
         <run_address>0x20010702</run_address>
         <size>0x2</size>
         <input_file_ref idref="fl-26"/>
      </object_component>
      <object_component id="oc-134">
         <name>.text.ClockP_destruct</name>
         <load_address>0x20010704</load_address>
         <run_address>0x20010704</run_address>
         <size>0x38</size>
         <input_file_ref idref="fl-23"/>
      </object_component>
      <object_component id="oc-236">
         <name>.text.Power_setConstraint</name>
         <load_address>0x2001073c</load_address>
         <run_address>0x2001073c</run_address>
         <size>0x38</size>
         <input_file_ref idref="fl-18"/>
      </object_component>
      <object_component id="oc-26d">
         <name>.text.RingBuf_putAdvance</name>
         <load_address>0x20010774</load_address>
         <run_address>0x20010774</run_address>
         <size>0x38</size>
         <input_file_ref idref="fl-1f"/>
      </object_component>
      <object_component id="oc-1b8">
         <name>.text.SwiP_restore</name>
         <load_address>0x200107ac</load_address>
         <run_address>0x200107ac</run_address>
         <size>0x38</size>
         <input_file_ref idref="fl-27"/>
      </object_component>
      <object_component id="oc-1f6">
         <name>.text.UDMACC32XX_close</name>
         <load_address>0x200107e4</load_address>
         <run_address>0x200107e4</run_address>
         <size>0x38</size>
         <input_file_ref idref="fl-20"/>
      </object_component>
      <object_component id="oc-113">
         <name>.text.adjustSetPointTemperature</name>
         <load_address>0x2001081c</load_address>
         <run_address>0x2001081c</run_address>
         <size>0x38</size>
         <input_file_ref idref="fl-1"/>
      </object_component>
      <object_component id="oc-248">
         <name>.text.PinLock</name>
         <load_address>0x20010854</load_address>
         <run_address>0x20010854</run_address>
         <size>0x36</size>
         <input_file_ref idref="fl-2d"/>
      </object_component>
      <object_component id="oc-198">
         <name>.text.TimerCC32XX_hwiIntFunction</name>
         <load_address>0x2001088a</load_address>
         <run_address>0x2001088a</run_address>
         <size>0x36</size>
         <input_file_ref idref="fl-1b"/>
      </object_component>
      <object_component id="oc-2a5">
         <name>.text.UARTCharPutNonBlocking</name>
         <load_address>0x200108c0</load_address>
         <run_address>0x200108c0</run_address>
         <size>0x36</size>
         <input_file_ref idref="fl-32"/>
      </object_component>
      <object_component id="oc-131">
         <name>.text.ClockP_start</name>
         <load_address>0x200108f8</load_address>
         <run_address>0x200108f8</run_address>
         <size>0x34</size>
         <input_file_ref idref="fl-23"/>
      </object_component>
      <object_component id="oc-27c">
         <name>.text.I2CFIFODataPutNonBlocking</name>
         <load_address>0x2001092c</load_address>
         <run_address>0x2001092c</run_address>
         <size>0x34</size>
         <input_file_ref idref="fl-2b"/>
      </object_component>
      <object_component id="oc-294">
         <name>.text.PinDirModeGet</name>
         <load_address>0x20010960</load_address>
         <run_address>0x20010960</run_address>
         <size>0x34</size>
         <input_file_ref idref="fl-2d"/>
      </object_component>
      <object_component id="oc-ad">
         <name>.text.PinModeGet</name>
         <load_address>0x20010994</load_address>
         <run_address>0x20010994</run_address>
         <size>0x34</size>
         <input_file_ref idref="fl-2d"/>
      </object_component>
      <object_component id="oc-246">
         <name>.text.PowerCC32XX_parkPin</name>
         <load_address>0x200109c8</load_address>
         <run_address>0x200109c8</run_address>
         <size>0x34</size>
         <input_file_ref idref="fl-18"/>
      </object_component>
      <object_component id="oc-229">
         <name>.text.TimerCC32XX_freeTimerResource</name>
         <load_address>0x200109fc</load_address>
         <run_address>0x200109fc</run_address>
         <size>0x34</size>
         <input_file_ref idref="fl-1b"/>
      </object_component>
      <object_component id="oc-1f2">
         <name>.text.UART2_rxDisable</name>
         <load_address>0x20010a30</load_address>
         <run_address>0x20010a30</run_address>
         <size>0x34</size>
         <input_file_ref idref="fl-1c"/>
      </object_component>
      <object_component id="oc-2a">
         <name>.text.initVectors</name>
         <load_address>0x20010a64</load_address>
         <run_address>0x20010a64</run_address>
         <size>0x34</size>
         <input_file_ref idref="fl-26"/>
      </object_component>
      <object_component id="oc-1a7">
         <name>.text.ClockP_getTicksUntilInterrupt</name>
         <load_address>0x20010a98</load_address>
         <run_address>0x20010a98</run_address>
         <size>0x30</size>
         <input_file_ref idref="fl-23"/>
      </object_component>
      <object_component id="oc-216">
         <name>.text.I2CFIFODataGetNonBlocking</name>
         <load_address>0x20010ac8</load_address>
         <run_address>0x20010ac8</run_address>
         <size>0x30</size>
         <input_file_ref idref="fl-2b"/>
      </object_component>
      <object_component id="oc-1b1">
         <name>.text.PRCMLPDSIntervalSet</name>
         <load_address>0x20010af8</load_address>
         <run_address>0x20010af8</run_address>
         <size>0x30</size>
         <input_file_ref idref="fl-2e"/>
      </object_component>
      <object_component id="oc-240">
         <name>.text.PRCMSlowClkCtrFastGet</name>
         <load_address>0x20010b28</load_address>
         <run_address>0x20010b28</run_address>
         <size>0x30</size>
         <input_file_ref idref="fl-2e"/>
      </object_component>
      <object_component id="oc-230">
         <name>.text.TimerLoadSet</name>
         <load_address>0x20010b58</load_address>
         <run_address>0x20010b58</run_address>
         <size>0x30</size>
         <input_file_ref idref="fl-31"/>
      </object_component>
      <object_component id="oc-22f">
         <name>.text.TimerPrescaleSet</name>
         <load_address>0x20010b88</load_address>
         <run_address>0x20010b88</run_address>
         <size>0x30</size>
         <input_file_ref idref="fl-31"/>
      </object_component>
      <object_component id="oc-185">
         <name>.text._outs</name>
         <load_address>0x20010bb8</load_address>
         <run_address>0x20010bb8</run_address>
         <size>0x30</size>
         <input_file_ref idref="fl-41"/>
      </object_component>
      <object_component id="oc-97">
         <name>.text.initUART</name>
         <load_address>0x20010be8</load_address>
         <run_address>0x20010be8</run_address>
         <size>0x30</size>
         <input_file_ref idref="fl-1"/>
      </object_component>
      <object_component id="oc-244">
         <name>.text.notify</name>
         <load_address>0x20010c18</load_address>
         <run_address>0x20010c18</run_address>
         <size>0x30</size>
         <input_file_ref idref="fl-18"/>
      </object_component>
      <object_component id="oc-1c7">
         <name>.text.GPIOIntStatus</name>
         <load_address>0x20010c48</load_address>
         <run_address>0x20010c48</run_address>
         <size>0x2e</size>
         <input_file_ref idref="fl-29"/>
      </object_component>
      <object_component id="oc-274">
         <name>.text.RingBuf_getConsume</name>
         <load_address>0x20010c76</load_address>
         <run_address>0x20010c76</run_address>
         <size>0x2e</size>
         <input_file_ref idref="fl-1f"/>
      </object_component>
      <object_component id="oc-26f">
         <name>.text.RingBuf_putPointer</name>
         <load_address>0x20010ca4</load_address>
         <run_address>0x20010ca4</run_address>
         <size>0x2e</size>
         <input_file_ref idref="fl-1f"/>
      </object_component>
      <object_component id="oc-1f3">
         <name>.text.UARTDisable</name>
         <load_address>0x20010cd2</load_address>
         <run_address>0x20010cd2</run_address>
         <size>0x2e</size>
         <input_file_ref idref="fl-32"/>
      </object_component>
      <object_component id="oc-238">
         <name>.text</name>
         <load_address>0x20010d00</load_address>
         <run_address>0x20010d00</run_address>
         <size>0x2e</size>
         <input_file_ref idref="fl-ac"/>
      </object_component>
      <object_component id="oc-215">
         <name>.text.I2CMasterIntStatusEx</name>
         <load_address>0x20010d2e</load_address>
         <run_address>0x20010d2e</run_address>
         <size>0x2c</size>
         <input_file_ref idref="fl-2b"/>
      </object_component>
      <object_component id="oc-1fe">
         <name>.text.UART2CC32XX_getRxData</name>
         <load_address>0x20010d5a</load_address>
         <run_address>0x20010d5a</run_address>
         <size>0x2c</size>
         <input_file_ref idref="fl-1d"/>
      </object_component>
      <object_component id="oc-139">
         <name>.text.HwiP_create</name>
         <load_address>0x20010d86</load_address>
         <run_address>0x20010d86</run_address>
         <size>0x2a</size>
         <input_file_ref idref="fl-24"/>
      </object_component>
      <object_component id="oc-11f">
         <name>.text.PRCMLPDSWakeUpGPIOSelect</name>
         <load_address>0x20010db0</load_address>
         <run_address>0x20010db0</run_address>
         <size>0x2a</size>
         <input_file_ref idref="fl-2e"/>
      </object_component>
      <object_component id="oc-ac">
         <name>.text.PRCMPeripheralClkDisable</name>
         <load_address>0x20010dda</load_address>
         <run_address>0x20010dda</run_address>
         <size>0x2a</size>
         <input_file_ref idref="fl-2e"/>
      </object_component>
      <object_component id="oc-1fd">
         <name>.text.UARTIntStatus</name>
         <load_address>0x20010e04</load_address>
         <run_address>0x20010e04</run_address>
         <size>0x2a</size>
         <input_file_ref idref="fl-32"/>
      </object_component>
      <object_component id="oc-28c">
         <name>.text.I2CMasterBusBusy</name>
         <load_address>0x20010e2e</load_address>
         <run_address>0x20010e2e</run_address>
         <size>0x28</size>
         <input_file_ref idref="fl-2b"/>
      </object_component>
      <object_component id="oc-27d">
         <name>.text.I2CMasterSlaveAddrSet</name>
         <load_address>0x20010e56</load_address>
         <run_address>0x20010e56</run_address>
         <size>0x28</size>
         <input_file_ref idref="fl-2b"/>
      </object_component>
      <object_component id="oc-210">
         <name>.text.I2CTxFIFOConfigSet</name>
         <load_address>0x20010e7e</load_address>
         <run_address>0x20010e7e</run_address>
         <size>0x28</size>
         <input_file_ref idref="fl-2b"/>
      </object_component>
      <object_component id="oc-224">
         <name>.text.I2C_cancel</name>
         <load_address>0x20010ea6</load_address>
         <run_address>0x20010ea6</run_address>
         <size>0x28</size>
         <input_file_ref idref="fl-16"/>
      </object_component>
      <object_component id="oc-266">
         <name>.text.List_remove</name>
         <load_address>0x20010ece</load_address>
         <run_address>0x20010ece</run_address>
         <size>0x28</size>
         <input_file_ref idref="fl-1e"/>
      </object_component>
      <object_component id="oc-245">
         <name>.text.PRCMSRAMRetentionEnable</name>
         <load_address>0x20010ef6</load_address>
         <run_address>0x20010ef6</run_address>
         <size>0x28</size>
         <input_file_ref idref="fl-2e"/>
      </object_component>
      <object_component id="oc-15d">
         <name>.text.PowerCC32XX_getParkState</name>
         <load_address>0x20010f20</load_address>
         <run_address>0x20010f20</run_address>
         <size>0x28</size>
         <input_file_ref idref="fl-18"/>
      </object_component>
      <object_component id="oc-28e">
         <name>.text.TimerSupport_timerDisable</name>
         <load_address>0x20010f48</load_address>
         <run_address>0x20010f48</run_address>
         <size>0x28</size>
         <input_file_ref idref="fl-1b"/>
      </object_component>
      <object_component id="oc-1bf">
         <name>.text.free_list_insert</name>
         <load_address>0x20010f70</load_address>
         <run_address>0x20010f70</run_address>
         <size>0x28</size>
         <input_file_ref idref="fl-42"/>
      </object_component>
      <object_component id="oc-211">
         <name>.text.I2CRxFIFOConfigSet</name>
         <load_address>0x20010f98</load_address>
         <run_address>0x20010f98</run_address>
         <size>0x24</size>
         <input_file_ref idref="fl-2b"/>
      </object_component>
      <object_component id="oc-265">
         <name>.text.IntUnregister</name>
         <load_address>0x20010fbc</load_address>
         <run_address>0x20010fbc</run_address>
         <size>0x24</size>
         <input_file_ref idref="fl-2c"/>
      </object_component>
      <object_component id="oc-145">
         <name>.text.List_put</name>
         <load_address>0x20010fe0</load_address>
         <run_address>0x20010fe0</run_address>
         <size>0x24</size>
         <input_file_ref idref="fl-1e"/>
      </object_component>
      <object_component id="oc-11d">
         <name>.text.PRCMLPDSWakeupSourceEnable</name>
         <load_address>0x20011004</load_address>
         <run_address>0x20011004</run_address>
         <size>0x24</size>
         <input_file_ref idref="fl-2e"/>
      </object_component>
      <object_component id="oc-1f9">
         <name>.text.PowerCC32XX_restoreParkState</name>
         <load_address>0x20011028</load_address>
         <run_address>0x20011028</run_address>
         <size>0x24</size>
         <input_file_ref idref="fl-18"/>
      </object_component>
      <object_component id="oc-24f">
         <name>.text.PowerCC32XX_restoreParkedPin</name>
         <load_address>0x2001104c</load_address>
         <run_address>0x2001104c</run_address>
         <size>0x24</size>
         <input_file_ref idref="fl-18"/>
      </object_component>
      <object_component id="oc-c6">
         <name>.text.Power_registerNotify</name>
         <load_address>0x20011070</load_address>
         <run_address>0x20011070</run_address>
         <size>0x24</size>
         <input_file_ref idref="fl-18"/>
      </object_component>
      <object_component id="oc-262">
         <name>.text.UART2Support_disableRx</name>
         <load_address>0x20011094</load_address>
         <run_address>0x20011094</run_address>
         <size>0x24</size>
         <input_file_ref idref="fl-1d"/>
      </object_component>
      <object_component id="oc-114">
         <name>.text.getAmbientTemperature</name>
         <load_address>0x200110b8</load_address>
         <run_address>0x200110b8</run_address>
         <size>0x24</size>
         <input_file_ref idref="fl-1"/>
      </object_component>
      <object_component id="oc-44">
         <name>.text:_c_int00_noargs</name>
         <load_address>0x200110dc</load_address>
         <run_address>0x200110dc</run_address>
         <size>0x24</size>
         <input_file_ref idref="fl-43"/>
      </object_component>
      <object_component id="oc-13f">
         <name>.text.GPIOPinWrite</name>
         <load_address>0x20011100</load_address>
         <run_address>0x20011100</run_address>
         <size>0x22</size>
         <input_file_ref idref="fl-29"/>
      </object_component>
      <object_component id="oc-24e">
         <name>.text.PinUnlock</name>
         <load_address>0x20011122</load_address>
         <run_address>0x20011122</run_address>
         <size>0x22</size>
         <input_file_ref idref="fl-2d"/>
      </object_component>
      <object_component id="oc-275">
         <name>.text.RingBuf_getPointer</name>
         <load_address>0x20011144</load_address>
         <run_address>0x20011144</run_address>
         <size>0x22</size>
         <input_file_ref idref="fl-1f"/>
      </object_component>
      <object_component id="oc-278">
         <name>.text.UART2Support_sendData</name>
         <load_address>0x20011166</load_address>
         <run_address>0x20011166</run_address>
         <size>0x22</size>
         <input_file_ref idref="fl-1d"/>
      </object_component>
      <object_component id="oc-1ea">
         <name>.text.IntRegister</name>
         <load_address>0x20011188</load_address>
         <run_address>0x20011188</run_address>
         <size>0x20</size>
         <input_file_ref idref="fl-2c"/>
      </object_component>
      <object_component id="oc-17a">
         <name>.text.PinTypeI2C</name>
         <load_address>0x200111a8</load_address>
         <run_address>0x200111a8</run_address>
         <size>0x20</size>
         <input_file_ref idref="fl-2d"/>
      </object_component>
      <object_component id="oc-155">
         <name>.text.PowerCC32XX_reset</name>
         <load_address>0x200111c8</load_address>
         <run_address>0x200111c8</run_address>
         <size>0x20</size>
         <input_file_ref idref="fl-18"/>
      </object_component>
      <object_component id="oc-1f7">
         <name>.text.Power_unregisterNotify</name>
         <load_address>0x200111e8</load_address>
         <run_address>0x200111e8</run_address>
         <size>0x20</size>
         <input_file_ref idref="fl-18"/>
      </object_component>
      <object_component id="oc-169">
         <name>.text.SemaphoreP_constructBinary</name>
         <load_address>0x20011208</load_address>
         <run_address>0x20011208</run_address>
         <size>0x20</size>
         <input_file_ref idref="fl-22"/>
      </object_component>
      <object_component id="oc-bb">
         <name>.text.SemaphoreP_createBinary</name>
         <load_address>0x20011228</load_address>
         <run_address>0x20011228</run_address>
         <size>0x20</size>
         <input_file_ref idref="fl-22"/>
      </object_component>
      <object_component id="oc-22a">
         <name>.text.TimerDisable</name>
         <load_address>0x20011248</load_address>
         <run_address>0x20011248</run_address>
         <size>0x20</size>
         <input_file_ref idref="fl-31"/>
      </object_component>
      <object_component id="oc-1cd">
         <name>.text.PinTypeUART</name>
         <load_address>0x20011268</load_address>
         <run_address>0x20011268</run_address>
         <size>0x1e</size>
         <input_file_ref idref="fl-2d"/>
      </object_component>
      <object_component id="oc-172">
         <name>.text.UART2_writeTimeout</name>
         <load_address>0x20011286</load_address>
         <run_address>0x20011286</run_address>
         <size>0x1e</size>
         <input_file_ref idref="fl-1c"/>
      </object_component>
      <object_component id="oc-1e0">
         <name>.text.UARTEnable</name>
         <load_address>0x200112a4</load_address>
         <run_address>0x200112a4</run_address>
         <size>0x1e</size>
         <input_file_ref idref="fl-32"/>
      </object_component>
      <object_component id="oc-282">
         <name>.text.memccpy</name>
         <load_address>0x200112c2</load_address>
         <run_address>0x200112c2</run_address>
         <size>0x1e</size>
         <input_file_ref idref="fl-54"/>
      </object_component>
      <object_component id="oc-26a">
[...]
         <object_component_ref idref="oc-1fa"/>
      </symbol>
      <symbol id="sm-526">
         <name>PinTypeI2C</name>
         <value>0x200111a9</value>
         <object_component_ref idref="oc-17a"/>
      </symbol>
      <symbol id="sm-527">
         <name>PinTypeUART</name>
         <value>0x20011269</value>
         <object_component_ref idref="oc-1cd"/>
      </symbol>
      <symbol id="sm-528">
         <name>PinUnlock</name>
         <value>0x20011123</value>
         <object_component_ref idref="oc-24e"/>
      </symbol>
      <symbol id="sm-5da">
         <name>PRCMCC3200MCUInit</name>
         <value>0x2000c82d</value>
         <object_component_ref idref="oc-7b"/>
      </symbol>
      <symbol id="sm-5db">
         <name>PRCMHIBRegRead</name>
         <value>0x200113ff</value>
         <object_component_ref idref="oc-a9"/>
      </symbol>
      <symbol id="sm-5dc">
         <name>PRCMHIBRegWrite</name>
         <value>0x20011419</value>
         <object_component_ref idref="oc-a8"/>
      </symbol>
      <symbol id="sm-5dd">
         <name>PRCMHibernateWakeUpGPIOSelect</name>
         <value>0x2000f1f1</value>
         <object_component_ref idref="oc-120"/>
      </symbol>
      <symbol id="sm-5de">
         <name>PRCMHibernateWakeupSourceDisable</name>
         <value>0x2000f94d</value>
         <object_component_ref idref="oc-122"/>
      </symbol>
      <symbol id="sm-5df">
         <name>PRCMHibernateWakeupSourceEnable</name>
         <value>0x2000fcbd</value>
         <object_component_ref idref="oc-121"/>
      </symbol>
      <symbol id="sm-5e0">
         <name>PRCMIntEnable</name>
         <value>0x2000ffb9</value>
         <object_component_ref idref="oc-24d"/>
      </symbol>
      <symbol id="sm-5e1">
         <name>PRCMLPDSEnter</name>
         <value>0x2000fb6d</value>
         <object_component_ref idref="oc-253"/>
      </symbol>
      <symbol id="sm-5e2">
         <name>PRCMLPDSEnterKeepDebugIf</name>
         <value>0x2001011f</value>
         <object_component_ref idref="oc-252"/>
      </symbol>
      <symbol id="sm-5e3">
         <name>PRCMLPDSIntervalSet</name>
         <value>0x20010af9</value>
         <object_component_ref idref="oc-1b1"/>
      </symbol>
      <symbol id="sm-5e4">
         <name>PRCMLPDSRestoreInfoSet</name>
         <value>0x2000fdf9</value>
         <object_component_ref idref="oc-296"/>
      </symbol>
      <symbol id="sm-5e5">
         <name>PRCMLPDSWakeUpGPIOSelect</name>
         <value>0x20010db1</value>
         <object_component_ref idref="oc-11f"/>
      </symbol>
      <symbol id="sm-5e6">
         <name>PRCMLPDSWakeupCauseGet</name>
         <value>0x200119bd</value>
         <object_component_ref idref="oc-250"/>
      </symbol>
      <symbol id="sm-5e7">
         <name>PRCMLPDSWakeupSourceDisable</name>
         <value>0x20011433</value>
         <object_component_ref idref="oc-11e"/>
      </symbol>
      <symbol id="sm-5e8">
         <name>PRCMLPDSWakeupSourceEnable</name>
         <value>0x20011005</value>
         <object_component_ref idref="oc-11d"/>
      </symbol>
      <symbol id="sm-5e9">
         <name>PRCMPeripheralClkDisable</name>
         <value>0x20010ddb</value>
         <object_component_ref idref="oc-ac"/>
      </symbol>
      <symbol id="sm-5ea">
         <name>PRCMPeripheralClkEnable</name>
         <value>0x2000fa61</value>
         <object_component_ref idref="oc-aa"/>
      </symbol>
      <symbol id="sm-5eb">
         <name>PRCMPeripheralReset</name>
         <value>0x2000f561</value>
         <object_component_ref idref="oc-ab"/>
      </symbol>
      <symbol id="sm-5ec">
         <name>PRCMPeripheralStatusGet</name>
         <value>0x20010001</value>
         <object_component_ref idref="oc-1c1"/>
      </symbol>
      <symbol id="sm-5ed">
         <name>PRCMSRAMRetentionEnable</name>
         <value>0x20010ef7</value>
         <object_component_ref idref="oc-245"/>
      </symbol>
      <symbol id="sm-5ee">
         <name>PRCMSleepEnter</name>
         <value>0x20011a9f</value>
         <object_component_ref idref="oc-1b7"/>
      </symbol>
      <symbol id="sm-5ef">
         <name>PRCMSlowClkCtrFastGet</name>
         <value>0x20010b29</value>
         <object_component_ref idref="oc-240"/>
      </symbol>
      <symbol id="sm-5f0">
         <name>PRCMSysResetCauseGet</name>
         <value>0x2000eee9</value>
         <object_component_ref idref="oc-a3"/>
      </symbol>
      <symbol id="sm-60e">
         <name>SysTickEnable</name>
         <value>0x2001177f</value>
         <object_component_ref idref="oc-1b5"/>
      </symbol>
      <symbol id="sm-60f">
         <name>SysTickIntDisable</name>
         <value>0x20011791</value>
         <object_component_ref idref="oc-1ac"/>
      </symbol>
      <symbol id="sm-610">
         <name>SysTickIntEnable</name>
         <value>0x200117a3</value>
         <object_component_ref idref="oc-1b6"/>
      </symbol>
      <symbol id="sm-611">
         <name>SysTickPeriodSet</name>
         <value>0x20011551</value>
         <object_component_ref idref="oc-1b4"/>
      </symbol>
      <symbol id="sm-650">
         <name>TimerControlStall</name>
         <value>0x2001040f</value>
         <object_component_ref idref="oc-231"/>
      </symbol>
      <symbol id="sm-651">
         <name>TimerDisable</name>
         <value>0x20011249</value>
         <object_component_ref idref="oc-22a"/>
      </symbol>
      <symbol id="sm-652">
         <name>TimerEnable</name>
         <value>0x20011467</value>
         <object_component_ref idref="oc-237"/>
      </symbol>
      <symbol id="sm-653">
         <name>TimerIntClear</name>
         <value>0x20011869</value>
         <object_component_ref idref="oc-234"/>
      </symbol>
      <symbol id="sm-654">
         <name>TimerIntDisable</name>
         <value>0x20011567</value>
         <object_component_ref idref="oc-2b9"/>
      </symbol>
      <symbol id="sm-655">
         <name>TimerIntEnable</name>
         <value>0x20011675</value>
         <object_component_ref idref="oc-235"/>
      </symbol>
      <symbol id="sm-656">
         <name>TimerLoadSet</name>
         <value>0x20010b59</value>
         <object_component_ref idref="oc-230"/>
      </symbol>
      <symbol id="sm-657">
         <name>TimerPrescaleSet</name>
         <value>0x20010b89</value>
         <object_component_ref idref="oc-22f"/>
      </symbol>
      <symbol id="sm-6c1">
         <name>UARTBusy</name>
         <value>0x20011899</value>
         <object_component_ref idref="oc-2a6"/>
      </symbol>
      <symbol id="sm-6c2">
         <name>UARTCharPutNonBlocking</name>
         <value>0x200108c1</value>
         <object_component_ref idref="oc-2a5"/>
      </symbol>
      <symbol id="sm-6c3">
         <name>UARTCharsAvail</name>
         <value>0x2001157d</value>
         <object_component_ref idref="oc-202"/>
      </symbol>
      <symbol id="sm-6c4">
         <name>UARTConfigSetExpClk</name>
         <value>0x2000f265</value>
         <object_component_ref idref="oc-1da"/>
      </symbol>
      <symbol id="sm-6c5">
         <name>UARTDMADisable</name>
         <value>0x20011593</value>
         <object_component_ref idref="oc-1f1"/>
      </symbol>
      <symbol id="sm-6c6">
         <name>UARTDMAEnable</name>
         <value>0x20011689</value>
         <object_component_ref idref="oc-273"/>
      </symbol>
      <symbol id="sm-6c7">
         <name>UARTDisable</name>
         <value>0x20010cd3</value>
         <object_component_ref idref="oc-1f3"/>
      </symbol>
      <symbol id="sm-6c8">
         <name>UARTEnable</name>
         <value>0x200112a5</value>
         <object_component_ref idref="oc-1e0"/>
      </symbol>
      <symbol id="sm-6c9">
         <name>UARTFIFOLevelSet</name>
         <value>0x200115a9</value>
         <object_component_ref idref="oc-1e2"/>
      </symbol>
      <symbol id="sm-6ca">
         <name>UARTFlowControlSet</name>
         <value>0x20011481</value>
         <object_component_ref idref="oc-1e3"/>
      </symbol>
      <symbol id="sm-6cb">
         <name>UARTIntClear</name>
         <value>0x200118a9</value>
         <object_component_ref idref="oc-1df"/>
      </symbol>
      <symbol id="sm-6cc">
         <name>UARTIntDisable</name>
         <value>0x200115bf</value>
         <object_component_ref idref="oc-1f0"/>
      </symbol>
      <symbol id="sm-6cd">
         <name>UARTIntEnable</name>
         <value>0x2001169d</value>
         <object_component_ref idref="oc-1e1"/>
      </symbol>
      <symbol id="sm-6ce">
         <name>UARTIntStatus</name>
         <value>0x20010e05</value>
         <object_component_ref idref="oc-1fd"/>
      </symbol>
      <symbol id="sm-6cf">
         <name>UARTRxErrorGet</name>
         <value>0x200118b9</value>
         <object_component_ref idref="oc-1ff"/>
      </symbol>
      <symbol id="sm-728">
         <name>uDMAChannelAssign</name>
         <value>0x2000fd5d</value>
         <object_component_ref idref="oc-1e4"/>
      </symbol>
      <symbol id="sm-729">
         <name>uDMAChannelAttributeDisable</name>
         <value>0x2000edc7</value>
         <object_component_ref idref="oc-1e5"/>
      </symbol>
      <symbol id="sm-72a">
         <name>uDMAChannelControlSet</name>
         <value>0x20010595</value>
         <object_component_ref idref="oc-270"/>
      </symbol>
      <symbol id="sm-72b">
         <name>uDMAChannelDisable</name>
         <value>0x200112e1</value>
         <object_component_ref idref="oc-26a"/>
      </symbol>
      <symbol id="sm-72c">
         <name>uDMAChannelEnable</name>
         <value>0x200112ff</value>
         <object_component_ref idref="oc-272"/>
      </symbol>
      <symbol id="sm-72d">
         <name>uDMAChannelIsEnabled</name>
         <value>0x2001131d</value>
         <object_component_ref idref="oc-200"/>
      </symbol>
      <symbol id="sm-72e">
         <name>uDMAChannelSizeGet</name>
         <value>0x2000ff25</value>
         <object_component_ref idref="oc-26b"/>
      </symbol>
      <symbol id="sm-72f">
         <name>uDMAChannelTransferSet</name>
         <value>0x2000e009</value>
         <object_component_ref idref="oc-271"/>
      </symbol>
      <symbol id="sm-730">
         <name>uDMAControlBaseSet</name>
         <value>0x200116b1</value>
         <object_component_ref idref="oc-1d7"/>
      </symbol>
      <symbol id="sm-731">
         <name>uDMAEnable</name>
         <value>0x20011931</value>
         <object_component_ref idref="oc-1d2"/>
      </symbol>
      <symbol id="sm-732">
         <name>uDMAErrorStatusClear</name>
         <value>0x2001193f</value>
         <object_component_ref idref="oc-2be"/>
      </symbol>
      <symbol id="sm-733">
         <name>uDMAErrorStatusGet</name>
         <value>0x20011a35</value>
         <object_component_ref idref="oc-2bd"/>
      </symbol>
      <symbol id="sm-734">
         <name>uDMAIntClear</name>
         <value>0x200116c5</value>
         <object_component_ref idref="oc-26c"/>
      </symbol>
      <symbol id="sm-73f">
         <name>UtilsDelay</name>
         <value>0x20011aa7</value>
         <object_component_ref idref="oc-a4"/>
      </symbol>
      <symbol id="sm-76c">
         <name>FlashDisable</name>
         <value>0x2000f895</value>
         <object_component_ref idref="oc-298"/>
      </symbol>
      <symbol id="sm-777">
         <name>snprintf</name>
         <value>0x20010389</value>
         <object_component_ref idref="oc-ee"/>
      </symbol>
      <symbol id="sm-791">
         <name>_sys_memory</name>
         <value>0x20004040</value>
         <object_component_ref idref="oc-20"/>
      </symbol>
      <symbol id="sm-792">
         <name>aligned_alloc</name>
         <value>0x2000def5</value>
         <object_component_ref idref="oc-256"/>
      </symbol>
      <symbol id="sm-793">
         <name>free</name>
         <value>0x2000e219</value>
         <object_component_ref idref="oc-12f"/>
      </symbol>
      <symbol id="sm-794">
         <name>malloc</name>
         <value>0x20011ab9</value>
         <object_component_ref idref="oc-1bb"/>
      </symbol>
      <symbol id="sm-795">
         <name>memalign</name>
         <value>0x2000def5</value>
         <object_component_ref idref="oc-256"/>
      </symbol>
      <symbol id="sm-79a">
         <name>__stack</name>
         <value>0x20003000</value>
         <object_component_ref idref="oc-21"/>
      </symbol>
      <symbol id="sm-79b">
         <name>_c_int00_noargs</name>
         <value>0x200110dd</value>
         <object_component_ref idref="oc-44"/>
      </symbol>
      <symbol id="sm-7a1">
         <name>__TI_auto_init_nobinit_nopinit</name>
         <value>0x2001068d</value>
         <object_component_ref idref="oc-73"/>
      </symbol>
      <symbol id="sm-7a5">
         <name>_system_pre_init</name>
         <value>0x20011afb</value>
         <object_component_ref idref="oc-54"/>
      </symbol>
      <symbol id="sm-7aa">
         <name>__TI_zero_init</name>
         <value>0x200118e9</value>
         <object_component_ref idref="oc-24"/>
      </symbol>
      <symbol id="sm-7ae">
         <name>__TI_decompress_none</name>
         <value>0x2001195b</value>
         <object_component_ref idref="oc-17"/>
      </symbol>
      <symbol id="sm-7b2">
         <name>__TI_decompress_lzss</name>
         <value>0x2000f5cb</value>
         <object_component_ref idref="oc-16"/>
      </symbol>
      <symbol id="sm-7bf">
         <name>__TI_printfi_nofloat</name>
         <value>0x2000c041</value>
         <object_component_ref idref="oc-21d"/>
      </symbol>
      <symbol id="sm-7c4">
         <name>__aeabi_errno</name>
         <value>0x2001339c</value>
         <object_component_ref idref="oc-2a8"/>
      </symbol>
      <symbol id="sm-7c5">
         <name>__aeabi_errno_addr</name>
         <value>0x20011ab1</value>
         <object_component_ref idref="oc-286"/>
      </symbol>
      <symbol id="sm-7c9">
         <name>C$$EXIT</name>
         <value>0x20011afe</value>
         <object_component_ref idref="oc-71"/>
      </symbol>
      <symbol id="sm-7ca">
         <name>abort</name>
         <value>0x20011aff</value>
         <object_component_ref idref="oc-71"/>
      </symbol>
      <symbol id="sm-7ce">
         <name>_lock</name>
         <value>0x200133a0</value>
         <object_component_ref idref="oc-9f"/>
      </symbol>
      <symbol id="sm-7cf">
         <name>_nop</name>
         <value>0x2000fbc3</value>
         <object_component_ref idref="oc-116"/>
      </symbol>
      <symbol id="sm-7d0">
         <name>_unlock</name>
         <value>0x200133a4</value>
         <object_component_ref idref="oc-a1"/>
      </symbol>
      <symbol id="sm-7d8">
         <name>atoi</name>
         <value>0x20010555</value>
         <object_component_ref idref="oc-284"/>
      </symbol>
      <symbol id="sm-7dd">
         <name>memccpy</name>
         <value>0x200112c3</value>
         <object_component_ref idref="oc-282"/>
      </symbol>
      <symbol id="sm-7e3">
         <name>wcslen</name>
         <value>0x200118d9</value>
         <object_component_ref idref="oc-285"/>
      </symbol>
      <symbol id="sm-7e9">
         <name>__aeabi_ctype_table_</name>
         <value>0x20012620</value>
         <object_component_ref idref="oc-2a7"/>
      </symbol>
      <symbol id="sm-7ea">
         <name>__aeabi_ctype_table_C</name>
         <value>0x20012620</value>
         <object_component_ref idref="oc-2a7"/>
      </symbol>
      <symbol id="sm-7fe">
         <name>__aeabi_dmul</name>
         <value>0x2000e11d</value>
         <object_component_ref idref="oc-239"/>
      </symbol>
      <symbol id="sm-7ff">
         <name>__muldf3</name>
         <value>0x2000e11d</value>
         <object_component_ref idref="oc-239"/>
      </symbol>
      <symbol id="sm-801">
         <name>__aeabi_d2iz</name>
         <value>0x20010091</value>
         <object_component_ref idref="oc-23a"/>
      </symbol>
      <symbol id="sm-802">
         <name>__fixdfsi</name>
         <value>0x20010091</value>
         <object_component_ref idref="oc-23a"/>
      </symbol>
      <symbol id="sm-804">
         <name>__aeabi_i2d</name>
         <value>0x20010d01</value>
         <object_component_ref idref="oc-238"/>
      </symbol>
      <symbol id="sm-805">
         <name>__floatsidf</name>
         <value>0x20010d01</value>
         <object_component_ref idref="oc-238"/>
      </symbol>
      <symbol id="sm-807">
         <name>__aeabi_memcpy</name>
         <value>0x20011b05</value>
         <object_component_ref idref="oc-22"/>
      </symbol>
      <symbol id="sm-808">
         <name>__aeabi_memcpy4</name>
         <value>0x20011b05</value>
         <object_component_ref idref="oc-22"/>
      </symbol>
      <symbol id="sm-809">
         <name>__aeabi_memcpy8</name>
         <value>0x20011b05</value>
         <object_component_ref idref="oc-22"/>
      </symbol>
      <symbol id="sm-80b">
         <name>__aeabi_memclr</name>
         <value>0x200116e5</value>
         <object_component_ref idref="oc-3a"/>
      </symbol>
      <symbol id="sm-80c">
         <name>__aeabi_memclr4</name>
         <value>0x200116e5</value>
         <object_component_ref idref="oc-3a"/>
      </symbol>
      <symbol id="sm-80d">
         <name>__aeabi_memclr8</name>
         <value>0x200116e5</value>
         <object_component_ref idref="oc-3a"/>
      </symbol>
      <symbol id="sm-80e">
         <name>__aeabi_memset</name>
         <value>0x200116d9</value>
         <object_component_ref idref="oc-3a"/>
      </symbol>
      <symbol id="sm-80f">
         <name>__aeabi_memset4</name>
         <value>0x200116d9</value>
         <object_component_ref idref="oc-3a"/>
      </symbol>
      <symbol id="sm-810">
         <name>__aeabi_memset8</name>
         <value>0x200116d9</value>
         <object_component_ref idref="oc-3a"/>
      </symbol>
      <symbol id="sm-812">
         <name>__aeabi_uldivmod</name>
         <value>0x200116ed</value>
         <object_component_ref idref="oc-1ab"/>
      </symbol>
      <symbol id="sm-814">
         <name>__udivmoddi4</name>
         <value>0x2000e8b9</value>
         <object_component_ref idref="oc-241"/>
      </symbol>
      <symbol id="sm-819">
         <name>__aeabi_ldiv0</name>
         <value>0x2000fabb</value>
         <object_component_ref idref="oc-292"/>
      </symbol>
      <symbol id="sm-81d">
         <name>TI_memcpy_small</name>
         <value>0x200117c7</value>
         <object_component_ref idref="oc-4f"/>
      </symbol>
      <symbol id="sm-820">
         <name>TI_memset_small</name>
         <value>0x2001194d</value>
         <object_component_ref idref="oc-5d"/>
      </symbol>
      <symbol id="sm-821">
         <name>__TI_static_base__</name>
         <value>0x20011b08</value>
      </symbol>
      <symbol id="sm-824">
         <name>ITM_flush</name>
         <value>0x0</value>
      </symbol>
      <symbol id="sm-825">
         <name>ITM_restore</name>
         <value>0x0</value>
      </symbol>
      <symbol id="sm-826">
         <name>__mpu_init</name>
         <value>0x0</value>
      </symbol>
      <symbol id="sm-827">
         <name>_system_post_cinit</name>
         <value>0x0</value>
      </symbol>
   </symbol_table>
   <title>Link successful</title>
</link_info>
