<?xml version="1.0" encoding="ISO-8859-1" ?>
<link_info>
   <banner>TI ARM Clang Linker PC v1.3.0.LTS</banner>
   <copyright>Copyright (c) 1996-2018 Texas Instruments Incorporated</copyright>
   <link_time>0x66ac283f</link_time>
   <link_errors>0x0</link_errors>
   <output_file>gpiointerrupt_CC3220S_LAUNCHXL_nortos_ticlang.out</output_file>
   <entry_point>
      <name>resetISR</name>
      <address>0x2000ed81</address>
   </entry_point>
   <input_file_list>
      <input_file id="fl-1">
         <path>.\</path>
         <kind>object</kind>
         <file>gpiointerrupt.o</file>
         <name>gpiointerrupt.o</name>
      </input_file>
      <input_file id="fl-2">
         <path>.\syscfg\</path>
         <kind>object</kind>
         <file>ti_drivers_config.o</file>
         <name>ti_drivers_config.o</name>
      </input_file>
      <input_file id="fl-3">
         <path>.\</path>
         <kind>object</kind>
         <file>main_nortos.o</file>
         <name>main_nortos.o</name>
      </input_file>
      <input_file id="fl-13">
         <kind>object</kind>
         <file>&lt;internal&gt;</file>
         <name>&lt;internal&gt;</name>
      </input_file>
      <input_file id="fl-14">
         <path>C:\ti\simplelink_cc32xx_sdk_7_10_00_13\source\ti\drivers\lib\ticlang\m4\</path>
         <kind>archive</kind>
         <file>drivers_cc32xx.a</file>
         <name>GPIO.c.obj</name>
      </input_file>
      <input_file id="fl-15">
         <path>C:\ti\simplelink_cc32xx_sdk_7_10_00_13\source\ti\drivers\lib\ticlang\m4\</path>
         <kind>archive</kind>
         <file>drivers_cc32xx.a</file>
         <name>GPIOCC32XX.c.obj</name>
      </input_file>
      <input_file id="fl-16">
         <path>C:\ti\simplelink_cc32xx_sdk_7_10_00_13\source\ti\drivers\lib\ticlang\m4\</path>
         <kind>archive</kind>
         <file>drivers_cc32xx.a</file>
         <name>PowerCC32XX.c.obj</name>
      </input_file>
      <input_file id="fl-17">
         <path>C:\ti\simplelink_cc32xx_sdk_7_10_00_13\source\ti\drivers\lib\ticlang\m4\</path>
         <kind>archive</kind>
         <file>drivers_cc32xx.a</file>
         <name>PowerCC32XX_ticlang.asm.obj</name>
      </input_file>
      <input_file id="fl-18">
         <path>C:\ti\simplelink_cc32xx_sdk_7_10_00_13\source\ti\drivers\lib\ticlang\m4\</path>
         <kind>archive</kind>
         <file>drivers_cc32xx.a</file>
         <name>Timer.c.obj</name>
      </input_file>
      <input_file id="fl-19">
         <path>C:\ti\simplelink_cc32xx_sdk_7_10_00_13\source\ti\drivers\lib\ticlang\m4\</path>
         <kind>archive</kind>
         <file>drivers_cc32xx.a</file>
         <name>TimerCC32XX.c.obj</name>
      </input_file>
      <input_file id="fl-1a">
         <path>C:\ti\simplelink_cc32xx_sdk_7_10_00_13\source\ti\drivers\lib\ticlang\m4\</path>
         <kind>archive</kind>
         <file>drivers_cc32xx.a</file>
         <name>List.c.obj</name>
      </input_file>
      <input_file id="fl-1b">
         <path>C:\ti\simplelink_cc32xx_sdk_7_10_00_13\kernel\nortos\lib\ticlang\m4\</path>
         <kind>archive</kind>
         <file>nortos_cc32xx.a</file>
         <name>NoRTOS.c.obj</name>
      </input_file>
      <input_file id="fl-1c">
         <path>C:\ti\simplelink_cc32xx_sdk_7_10_00_13\kernel\nortos\lib\ticlang\m4\</path>
         <kind>archive</kind>
         <file>nortos_cc32xx.a</file>
         <name>SemaphoreP_nortos.c.obj</name>
      </input_file>
      <input_file id="fl-1d">
         <path>C:\ti\simplelink_cc32xx_sdk_7_10_00_13\kernel\nortos\lib\ticlang\m4\</path>
         <kind>archive</kind>
         <file>nortos_cc32xx.a</file>
         <name>ClockPSysTick_nortos.c.obj</name>
      </input_file>
      <input_file id="fl-1e">
         <path>C:\ti\simplelink_cc32xx_sdk_7_10_00_13\kernel\nortos\lib\ticlang\m4\</path>
         <kind>archive</kind>
         <file>nortos_cc32xx.a</file>
         <name>HwiPCC32XX_nortos.c.obj</name>
      </input_file>
      <input_file id="fl-1f">
         <path>C:\ti\simplelink_cc32xx_sdk_7_10_00_13\kernel\nortos\lib\ticlang\m4\</path>
         <kind>archive</kind>
         <file>nortos_cc32xx.a</file>
         <name>PowerCC32XX_nortos.c.obj</name>
      </input_file>
      <input_file id="fl-20">
         <path>C:\ti\simplelink_cc32xx_sdk_7_10_00_13\kernel\nortos\lib\ticlang\m4\</path>
         <kind>archive</kind>
         <file>nortos_cc32xx.a</file>
         <name>startup_cc32xx_ticlang.c.obj</name>
      </input_file>
      <input_file id="fl-21">
         <path>C:\ti\simplelink_cc32xx_sdk_7_10_00_13\kernel\nortos\lib\ticlang\m4\</path>
         <kind>archive</kind>
         <file>nortos_cc32xx.a</file>
         <name>SwiP_nortos.c.obj</name>
      </input_file>
      <input_file id="fl-22">
         <path>C:\ti\simplelink_cc32xx_sdk_7_10_00_13\source\ti\devices\cc32xx\driverlib\ticlang\Release\</path>
         <kind>archive</kind>
         <file>driverlib.a</file>
         <name>cpu.obj</name>
      </input_file>
      <input_file id="fl-23">
         <path>C:\ti\simplelink_cc32xx_sdk_7_10_00_13\source\ti\devices\cc32xx\driverlib\ticlang\Release\</path>
         <kind>archive</kind>
         <file>driverlib.a</file>
         <name>gpio.obj</name>
      </input_file>
      <input_file id="fl-24">
         <path>C:\ti\simplelink_cc32xx_sdk_7_10_00_13\source\ti\devices\cc32xx\driverlib\ticlang\Release\</path>
         <kind>archive</kind>
         <file>driverlib.a</file>
         <name>hwspinlock.obj</name>
      </input_file>
      <input_file id="fl-25">
         <path>C:\ti\simplelink_cc32xx_sdk_7_10_00_13\source\ti\devices\cc32xx\driverlib\ticlang\Release\</path>
         <kind>archive</kind>
         <file>driverlib.a</file>
         <name>interrupt.obj</name>
      </input_file>
      <input_file id="fl-26">
         <path>C:\ti\simplelink_cc32xx_sdk_7_10_00_13\source\ti\devices\cc32xx\driverlib\ticlang\Release\</path>
         <kind>archive</kind>
         <file>driverlib.a</file>
         <name>pin.obj</name>
      </input_file>
      <input_file id="fl-27">
         <path>C:\ti\simplelink_cc32xx_sdk_7_10_00_13\source\ti\devices\cc32xx\driverlib\ticlang\Release\</path>
         <kind>archive</kind>
         <file>driverlib.a</file>
         <name>prcm.obj</name>
      </input_file>
      <input_file id="fl-28">
         <path>C:\ti\simplelink_cc32xx_sdk_7_10_00_13\source\ti\devices\cc32xx\driverlib\ticlang\Release\</path>
         <kind>archive</kind>
         <file>driverlib.a</file>
         <name>spi.obj</name>
      </input_file>
      <input_file id="fl-29">
         <path>C:\ti\simplelink_cc32xx_sdk_7_10_00_13\source\ti\devices\cc32xx\driverlib\ticlang\Release\</path>
         <kind>archive</kind>
         <file>driverlib.a</file>
         <name>systick.obj</name>
      </input_file>
      <input_file id="fl-2a">
         <path>C:\ti\simplelink_cc32xx_sdk_7_10_00_13\source\ti\devices\cc32xx\driverlib\ticlang\Release\</path>
         <kind>archive</kind>
         <file>driverlib.a</file>
         <name>timer.obj</name>
      </input_file>
      <input_file id="fl-2b">
         <path>C:\ti\simplelink_cc32xx_sdk_7_10_00_13\source\ti\devices\cc32xx\driverlib\ticlang\Release\</path>
         <kind>archive</kind>
         <file>driverlib.a</file>
         <name>utils.obj</name>
      </input_file>
      <input_file id="fl-2c">
         <path>C:\ti\simplelink_cc32xx_sdk_7_10_00_13\source\ti\devices\cc32xx\driverlib\ticlang\Release\</path>
         <kind>archive</kind>
         <file>driverlib.a</file>
         <name>flash.obj</name>
      </input_file>
      <input_file id="fl-38">
         <path>C:\ti\ccs1011\ccs\tools\compiler\ti-cgt-armllvm_1.3.0.LTS\lib\armv7em-ti-none-eabi\c\</path>
         <kind>archive</kind>
         <file>libc.a</file>
         <name>memory.c.obj</name>
      </input_file>
      <input_file id="fl-39">
         <path>C:\ti\ccs1011\ccs\tools\compiler\ti-cgt-armllvm_1.3.0.LTS\lib\armv7em-ti-none-eabi\c\</path>
         <kind>archive</kind>
         <file>libc.a</file>
         <name>boot_cortex_m.c.obj</name>
      </input_file>
      <input_file id="fl-3a">
         <path>C:\ti\ccs1011\ccs\tools\compiler\ti-cgt-armllvm_1.3.0.LTS\lib\armv7em-ti-none-eabi\c\</path>
         <kind>archive</kind>
         <file>libc.a</file>
         <name>mathacl_init.c.obj</name>
      </input_file>
      <input_file id="fl-3b">
         <path>C:\ti\ccs1011\ccs\tools\compiler\ti-cgt-armllvm_1.3.0.LTS\lib\armv7em-ti-none-eabi\c\</path>
         <kind>archive</kind>
         <file>libc.a</file>
         <name>autoinit.c.obj</name>
      </input_file>
      <input_file id="fl-3c">
         <path>C:\ti\ccs1011\ccs\tools\compiler\ti-cgt-armllvm_1.3.0.LTS\lib\armv7em-ti-none-eabi\c\</path>
         <kind>archive</kind>
         <file>libc.a</file>
         <name>pre_init.c.obj</name>
      </input_file>
      <input_file id="fl-3d">
         <path>C:\ti\ccs1011\ccs\tools\compiler\ti-cgt-armllvm_1.3.0.LTS\lib\armv7em-ti-none-eabi\c\</path>
         <kind>archive</kind>
         <file>libc.a</file>
         <name>cpy_tbl.c.obj</name>
      </input_file>
      <input_file id="fl-3e">
         <path>C:\ti\ccs1011\ccs\tools\compiler\ti-cgt-armllvm_1.3.0.LTS\lib\armv7em-ti-none-eabi\c\</path>
         <kind>archive</kind>
         <file>libc.a</file>
         <name>copy_zero_init.c.obj</name>
      </input_file>
      <input_file id="fl-3f">
         <path>C:\ti\ccs1011\ccs\tools\compiler\ti-cgt-armllvm_1.3.0.LTS\lib\armv7em-ti-none-eabi\c\</path>
         <kind>archive</kind>
         <file>libc.a</file>
         <name>copy_decompress_none.c.obj</name>
      </input_file>
      <input_file id="fl-40">
         <path>C:\ti\ccs1011\ccs\tools\compiler\ti-cgt-armllvm_1.3.0.LTS\lib\armv7em-ti-none-eabi\c\</path>
         <kind>archive</kind>
         <file>libc.a</file>
         <name>copy_decompress_lzss.c.obj</name>
      </input_file>
      <input_file id="fl-41">
         <path>C:\ti\ccs1011\ccs\tools\compiler\ti-cgt-armllvm_1.3.0.LTS\lib\armv7em-ti-none-eabi\c\</path>
         <kind>archive</kind>
         <file>libc.a</file>
         <name>exit.c.obj</name>
      </input_file>
      <input_file id="fl-42">
         <path>C:\ti\ccs1011\ccs\tools\compiler\ti-cgt-armllvm_1.3.0.LTS\lib\armv7em-ti-none-eabi\c\</path>
         <kind>archive</kind>
         <file>libc.a</file>
         <name>_lock.c.obj</name>
      </input_file>
      <input_file id="fl-43">
         <path>C:\ti\ccs1011\ccs\tools\compiler\ti-cgt-armllvm_1.3.0.LTS\lib\armv7em-ti-none-eabi\c\</path>
         <kind>archive</kind>
         <file>libc.a</file>
         <name>args_main.c.obj</name>
      </input_file>
      <input_file id="fl-7c">
         <path>C:\ti\ccs1011\ccs\tools\compiler\ti-cgt-armllvm_1.3.0.LTS\lib\clang\12.0.1\lib\armv7em-ti-none-eabi\</path>
         <kind>archive</kind>
         <file>libclang_rt.builtins.a</file>
         <name>aeabi_memcpy.S.obj</name>
      </input_file>
      <input_file id="fl-7d">
         <path>C:\ti\ccs1011\ccs\tools\compiler\ti-cgt-armllvm_1.3.0.LTS\lib\clang\12.0.1\lib\armv7em-ti-none-eabi\</path>
         <kind>archive</kind>
         <file>libclang_rt.builtins.a</file>
         <name>aeabi_memset.S.obj</name>
      </input_file>
      <input_file id="fl-7e">
         <path>C:\ti\ccs1011\ccs\tools\compiler\ti-cgt-armllvm_1.3.0.LTS\lib\clang\12.0.1\lib\armv7em-ti-none-eabi\</path>
         <kind>archive</kind>
         <file>libclang_rt.builtins.a</file>
         <name>aeabi_uldivmod.S.obj</name>
      </input_file>
      <input_file id="fl-7f">
         <path>C:\ti\ccs1011\ccs\tools\compiler\ti-cgt-armllvm_1.3.0.LTS\lib\clang\12.0.1\lib\armv7em-ti-none-eabi\</path>
         <kind>archive</kind>
         <file>libclang_rt.builtins.a</file>
         <name>udivmoddi4.S.obj</name>
      </input_file>
      <input_file id="fl-80">
         <path>C:\ti\ccs1011\ccs\tools\compiler\ti-cgt-armllvm_1.3.0.LTS\lib\clang\12.0.1\lib\armv7em-ti-none-eabi\</path>
         <kind>archive</kind>
         <file>libclang_rt.builtins.a</file>
         <name>aeabi_div0.c.obj</name>
      </input_file>
      <input_file id="fl-81">
         <path>C:\ti\ccs1011\ccs\tools\compiler\ti-cgt-armllvm_1.3.0.LTS\lib\armv7em-ti-none-eabi\c\</path>
         <kind>archive</kind>
         <file>libc.a</file>
         <name>memcpy_t2.S.obj</name>
      </input_file>
      <input_file id="fl-82">
         <path>C:\ti\ccs1011\ccs\tools\compiler\ti-cgt-armllvm_1.3.0.LTS\lib\armv7em-ti-none-eabi\c\</path>
         <kind>archive</kind>
         <file>libc.a</file>
         <name>memset_t2.S.obj</name>
      </input_file>
   </input_file_list>
   <object_component_list>
      <object_component id="oc-7b">
         <name>.text.PRCMCC3200MCUInit</name>
         <load_address>0x2000c040</load_address>
         <run_address>0x2000c040</run_address>
         <size>0x4b8</size>
         <input_file_ref idref="fl-27"/>
      </object_component>
      <object_component id="oc-157">
         <name>.text.Power_sleep</name>
         <load_address>0x2000c4f8</load_address>
         <run_address>0x2000c4f8</run_address>
         <size>0x3e4</size>
         <input_file_ref idref="fl-16"/>
      </object_component>
      <object_component id="oc-10b">
         <name>.text.PowerCC32XX_sleepPolicy</name>
         <load_address>0x2000c8dc</load_address>
         <run_address>0x2000c8dc</run_address>
         <size>0x150</size>
         <input_file_ref idref="fl-1f"/>
      </object_component>
      <object_component id="oc-de">
         <name>.text.Timer_open</name>
         <load_address>0x2000ca2c</load_address>
         <run_address>0x2000ca2c</run_address>
         <size>0x148</size>
         <input_file_ref idref="fl-19"/>
      </object_component>
      <object_component id="oc-9e">
         <name>.text.GPIO_setConfig</name>
         <load_address>0x2000cb74</load_address>
         <run_address>0x2000cb74</run_address>
         <size>0x140</size>
         <input_file_ref idref="fl-15"/>
      </object_component>
      <object_component id="oc-17f">
         <name>.text.aligned_alloc</name>
         <load_address>0x2000ccb4</load_address>
         <run_address>0x2000ccb4</run_address>
         <size>0x114</size>
         <input_file_ref idref="fl-38"/>
      </object_component>
      <object_component id="oc-112">
         <name>.text.free</name>
         <load_address>0x2000cdc8</load_address>
         <run_address>0x2000cdc8</run_address>
         <size>0xf8</size>
         <input_file_ref idref="fl-38"/>
      </object_component>
      <object_component id="oc-1be">
         <name>.text.IntDisable</name>
         <load_address>0x2000cec0</load_address>
         <run_address>0x2000cec0</run_address>
         <size>0xc8</size>
         <input_file_ref idref="fl-25"/>
      </object_component>
      <object_component id="oc-182">
         <name>.text.IntEnable</name>
         <load_address>0x2000cf88</load_address>
         <run_address>0x2000cf88</run_address>
         <size>0xc8</size>
         <input_file_ref idref="fl-25"/>
      </object_component>
      <object_component id="oc-18c">
         <name>.text</name>
         <load_address>0x2000d050</load_address>
         <run_address>0x2000d050</run_address>
         <size>0xb0</size>
         <input_file_ref idref="fl-7f"/>
      </object_component>
      <object_component id="oc-13f">
         <name>.text.GPIOIntTypeSet</name>
         <load_address>0x2000d100</load_address>
         <run_address>0x2000d100</run_address>
         <size>0xac</size>
         <input_file_ref idref="fl-23"/>
      </object_component>
      <object_component id="oc-1ba">
         <name>.text.IntPendSet</name>
         <load_address>0x2000d1ac</load_address>
         <run_address>0x2000d1ac</run_address>
         <size>0xa4</size>
         <input_file_ref idref="fl-25"/>
      </object_component>
      <object_component id="oc-f0">
         <name>.text.PinConfigSet</name>
         <load_address>0x2000d250</load_address>
         <run_address>0x2000d250</run_address>
         <size>0xa2</size>
         <input_file_ref idref="fl-26"/>
      </object_component>
      <object_component id="oc-8b">
         <name>.text.Board_initHook</name>
         <load_address>0x2000d2f2</load_address>
         <run_address>0x2000d2f2</run_address>
         <size>0x2</size>
         <input_file_ref idref="fl-2"/>
      </object_component>
      <object_component id="oc-c9">
         <name>.text.SemaphoreP_pend</name>
         <load_address>0x2000d2f4</load_address>
         <run_address>0x2000d2f4</run_address>
         <size>0x98</size>
         <input_file_ref idref="fl-1c"/>
      </object_component>
      <object_component id="oc-15e">
         <name>.text.ClockP_doTick</name>
         <load_address>0x2000d38c</load_address>
         <run_address>0x2000d38c</run_address>
         <size>0x4</size>
         <input_file_ref idref="fl-1d"/>
      </object_component>
      <object_component id="oc-195">
         <name>.text</name>
         <load_address>0x2000d390</load_address>
         <run_address>0x2000d390</run_address>
         <size>0x96</size>
         <input_file_ref idref="fl-17"/>
      </object_component>
      <object_component id="oc-106">
         <name>.text.PowerCC32XX_initPolicy</name>
         <load_address>0x2000d426</load_address>
         <run_address>0x2000d426</run_address>
         <size>0x2</size>
         <input_file_ref idref="fl-1f"/>
      </object_component>
      <object_component id="oc-85">
         <name>.text.GPIO_init</name>
         <load_address>0x2000d428</load_address>
         <run_address>0x2000d428</run_address>
         <size>0x90</size>
         <input_file_ref idref="fl-15"/>
      </object_component>
      <object_component id="oc-a8">
         <name>.text.PRCMSysResetCauseGet</name>
         <load_address>0x2000d4b8</load_address>
         <run_address>0x2000d4b8</run_address>
         <size>0x8e</size>
         <input_file_ref idref="fl-27"/>
      </object_component>
      <object_component id="oc-16d">
         <name>.text.SemaphoreP_destruct</name>
         <load_address>0x2000d546</load_address>
         <run_address>0x2000d546</run_address>
         <size>0x2</size>
         <input_file_ref idref="fl-1c"/>
      </object_component>
      <object_component id="oc-ba">
         <name>.text.PowerCC32XX_configureWakeup</name>
         <load_address>0x2000d548</load_address>
         <run_address>0x2000d548</run_address>
         <size>0x88</size>
         <input_file_ref idref="fl-16"/>
      </object_component>
      <object_component id="oc-80">
         <name>.text.Power_init</name>
         <load_address>0x2000d5d0</load_address>
         <run_address>0x2000d5d0</run_address>
         <size>0x78</size>
         <input_file_ref idref="fl-16"/>
      </object_component>
      <object_component id="oc-69">
         <name>.text.mainThread</name>
         <load_address>0x2000d648</load_address>
         <run_address>0x2000d648</run_address>
         <size>0x78</size>
         <input_file_ref idref="fl-1"/>
      </object_component>
      <object_component id="oc-13e">
         <name>.text.HwiP_construct</name>
         <load_address>0x2000d6c0</load_address>
         <run_address>0x2000d6c0</run_address>
         <size>0x74</size>
         <input_file_ref idref="fl-1e"/>
      </object_component>
      <object_component id="oc-103">
         <name>.text.PRCMHibernateWakeUpGPIOSelect</name>
         <load_address>0x2000d734</load_address>
         <run_address>0x2000d734</run_address>
         <size>0x74</size>
         <input_file_ref idref="fl-27"/>
      </object_component>
      <object_component id="oc-192">
         <name>.text.PinLockLevelSet</name>
         <load_address>0x2000d7a8</load_address>
         <run_address>0x2000d7a8</run_address>
         <size>0x6c</size>
         <input_file_ref idref="fl-26"/>
      </object_component>
      <object_component id="oc-f1">
         <name>.text.Power_setDependency</name>
         <load_address>0x2000d814</load_address>
         <run_address>0x2000d814</run_address>
         <size>0x6c</size>
         <input_file_ref idref="fl-16"/>
      </object_component>
      <object_component id="oc-d0">
         <name>.text.powerNotifyFxn</name>
         <load_address>0x2000d880</load_address>
         <run_address>0x2000d880</run_address>
         <size>0x6c</size>
         <input_file_ref idref="fl-15"/>
      </object_component>
      <object_component id="oc-1aa">
         <name>.text.split</name>
         <load_address>0x2000d8ec</load_address>
         <run_address>0x2000d8ec</run_address>
         <size>0x6c</size>
         <input_file_ref idref="fl-38"/>
      </object_component>
      <object_component id="oc-b0">
         <name>.text.PRCMPeripheralReset</name>
         <load_address>0x2000d958</load_address>
         <run_address>0x2000d958</run_address>
         <size>0x6a</size>
         <input_file_ref idref="fl-27"/>
      </object_component>
      <object_component id="oc-16">
         <name>.text:decompress:lzss</name>
         <load_address>0x2000d9c2</load_address>
         <run_address>0x2000d9c2</run_address>
         <size>0x6a</size>
         <input_file_ref idref="fl-40"/>
      </object_component>
      <object_component id="oc-1a5">
         <name>.text.IntPendClear</name>
         <load_address>0x2000da2c</load_address>
         <run_address>0x2000da2c</run_address>
         <size>0x68</size>
         <input_file_ref idref="fl-25"/>
      </object_component>
      <object_component id="oc-97">
         <name>.text.GPIO_write</name>
         <load_address>0x2000da94</load_address>
         <run_address>0x2000da94</run_address>
         <size>0x60</size>
         <input_file_ref idref="fl-15"/>
      </object_component>
      <object_component id="oc-1b5">
         <name>.text.FlashDisable</name>
         <load_address>0x2000daf4</load_address>
         <run_address>0x2000daf4</run_address>
         <size>0x5c</size>
         <input_file_ref idref="fl-2c"/>
      </object_component>
      <object_component id="oc-105">
         <name>.text.PRCMHibernateWakeupSourceDisable</name>
         <load_address>0x2000db50</load_address>
         <run_address>0x2000db50</run_address>
         <size>0x5c</size>
         <input_file_ref idref="fl-27"/>
      </object_component>
      <object_component id="oc-129">
         <name>.text.TimerCC32XX_allocateTimerResource</name>
         <load_address>0x2000dbac</load_address>
         <run_address>0x2000dbac</run_address>
         <size>0x5c</size>
         <input_file_ref idref="fl-19"/>
      </object_component>
      <object_component id="oc-e5">
         <name>.text.timerCallback</name>
         <load_address>0x2000dc08</load_address>
         <run_address>0x2000dc08</run_address>
         <size>0x5c</size>
         <input_file_ref idref="fl-1"/>
      </object_component>
      <object_component id="oc-af">
         <name>.text.PRCMPeripheralClkEnable</name>
         <load_address>0x2000dc64</load_address>
         <run_address>0x2000dc64</run_address>
         <size>0x5a</size>
         <input_file_ref idref="fl-27"/>
      </object_component>
      <object_component id="oc-d7">
         <name>.text.Timer_init</name>
         <load_address>0x2000dcbe</load_address>
         <run_address>0x2000dcbe</run_address>
         <size>0x2</size>
         <input_file_ref idref="fl-18"/>
      </object_component>
      <object_component id="oc-18a">
         <name>.text.ClockP_startup</name>
         <load_address>0x2000dcc0</load_address>
         <run_address>0x2000dcc0</run_address>
         <size>0x58</size>
         <input_file_ref idref="fl-1d"/>
      </object_component>
      <object_component id="oc-181">
         <name>.text.IntPrioritySet</name>
         <load_address>0x2000dd18</load_address>
         <run_address>0x2000dd18</run_address>
         <size>0x58</size>
         <input_file_ref idref="fl-25"/>
      </object_component>
      <object_component id="oc-19f">
         <name>.text.PRCMLPDSEnter</name>
         <load_address>0x2000dd70</load_address>
         <run_address>0x2000dd70</run_address>
         <size>0x56</size>
         <input_file_ref idref="fl-27"/>
      </object_component>
      <object_component id="oc-1af">
         <name>.text.__aeabi_ldiv0</name>
         <load_address>0x2000ddc6</load_address>
         <run_address>0x2000ddc6</run_address>
         <size>0x2</size>
         <input_file_ref idref="fl-80"/>
      </object_component>
      <object_component id="oc-124">
         <name>.text.PowerCC32XX_setParkState</name>
         <load_address>0x2000ddc8</load_address>
         <run_address>0x2000ddc8</run_address>
         <size>0x54</size>
         <input_file_ref idref="fl-16"/>
      </object_component>
      <object_component id="oc-1a7">
         <name>.text.Power_releaseDependency</name>
         <load_address>0x2000de1c</load_address>
         <run_address>0x2000de1c</run_address>
         <size>0x54</size>
         <input_file_ref idref="fl-16"/>
      </object_component>
      <object_component id="oc-f8">
         <name>.text.GPIO_hwiIntFxn</name>
         <load_address>0x2000de70</load_address>
         <run_address>0x2000de70</run_address>
         <size>0x50</size>
         <input_file_ref idref="fl-15"/>
      </object_component>
      <object_component id="oc-104">
         <name>.text.PRCMHibernateWakeupSourceEnable</name>
         <load_address>0x2000dec0</load_address>
         <run_address>0x2000dec0</run_address>
         <size>0x50</size>
         <input_file_ref idref="fl-27"/>
      </object_component>
      <object_component id="oc-160">
         <name>.text.SemaphoreP_construct</name>
         <load_address>0x2000df10</load_address>
         <run_address>0x2000df10</run_address>
         <size>0x50</size>
         <input_file_ref idref="fl-1c"/>
      </object_component>
      <object_component id="oc-f5">
         <name>.text.GPIO_setInterruptConfig</name>
         <load_address>0x2000df60</load_address>
         <run_address>0x2000df60</run_address>
         <size>0x4c</size>
         <input_file_ref idref="fl-15"/>
      </object_component>
      <object_component id="oc-1b3">
         <name>.text.PRCMLPDSRestoreInfoSet</name>
         <load_address>0x2000dfac</load_address>
         <run_address>0x2000dfac</run_address>
         <size>0x4c</size>
         <input_file_ref idref="fl-27"/>
      </object_component>
      <object_component id="oc-12e">
         <name>.text.initHw</name>
         <load_address>0x2000dff8</load_address>
         <run_address>0x2000dff8</run_address>
         <size>0x4c</size>
         <input_file_ref idref="fl-19"/>
      </object_component>
      <object_component id="oc-12d">
         <name>.text.getPrescaler</name>
         <load_address>0x2000e044</load_address>
         <run_address>0x2000e044</run_address>
         <size>0x4a</size>
         <input_file_ref idref="fl-19"/>
      </object_component>
      <object_component id="oc-f9">
         <name>.text._nop</name>
         <load_address>0x2000e08e</load_address>
         <run_address>0x2000e08e</run_address>
         <size>0x2</size>
         <input_file_ref idref="fl-42"/>
      </object_component>
      <object_component id="oc-33">
         <name>.text.ClockP_sysTickHandler</name>
         <load_address>0x2000e090</load_address>
         <run_address>0x2000e090</run_address>
         <size>0x48</size>
         <input_file_ref idref="fl-1d"/>
      </object_component>
      <object_component id="oc-199">
         <name>.text.PRCMIntEnable</name>
         <load_address>0x2000e0d8</load_address>
         <run_address>0x2000e0d8</run_address>
         <size>0x48</size>
         <input_file_ref idref="fl-27"/>
      </object_component>
      <object_component id="oc-13c">
         <name>.text.PRCMPeripheralStatusGet</name>
         <load_address>0x2000e120</load_address>
         <run_address>0x2000e120</run_address>
         <size>0x48</size>
         <input_file_ref idref="fl-27"/>
      </object_component>
      <object_component id="oc-1b0">
         <name>.text.PinConfigGet</name>
         <load_address>0x2000e168</load_address>
         <run_address>0x2000e168</run_address>
         <size>0x48</size>
         <input_file_ref idref="fl-26"/>
      </object_component>
      <object_component id="oc-19e">
         <name>.text.PRCMLPDSEnterKeepDebugIf</name>
         <load_address>0x2000e1b0</load_address>
         <run_address>0x2000e1b0</run_address>
         <size>0x46</size>
         <input_file_ref idref="fl-27"/>
      </object_component>
      <object_component id="oc-f4">
         <name>.text.GPIODirModeSet</name>
         <load_address>0x2000e1f6</load_address>
         <run_address>0x2000e1f6</run_address>
         <size>0x44</size>
         <input_file_ref idref="fl-23"/>
      </object_component>
      <object_component id="oc-32">
         <name>.text.busFaultHandler</name>
         <load_address>0x2000e23a</load_address>
         <run_address>0x2000e23a</run_address>
         <size>0x2</size>
         <input_file_ref idref="fl-20"/>
      </object_component>
      <object_component id="oc-140">
         <name>.text.GPIO_disableInt</name>
         <load_address>0x2000e23c</load_address>
         <run_address>0x2000e23c</run_address>
         <size>0x44</size>
         <input_file_ref idref="fl-15"/>
      </object_component>
      <object_component id="oc-9d">
         <name>.text.GPIO_enableInt</name>
         <load_address>0x2000e280</load_address>
         <run_address>0x2000e280</run_address>
         <size>0x44</size>
         <input_file_ref idref="fl-15"/>
      </object_component>
      <object_component id="oc-1bc">
         <name>.text.Power_releaseConstraint</name>
         <load_address>0x2000e2c4</load_address>
         <run_address>0x2000e2c4</run_address>
         <size>0x44</size>
         <input_file_ref idref="fl-16"/>
      </object_component>
      <object_component id="oc-e4">
         <name>.text.Timer_start</name>
         <load_address>0x2000e308</load_address>
         <run_address>0x2000e308</run_address>
         <size>0x44</size>
         <input_file_ref idref="fl-18"/>
      </object_component>
      <object_component id="oc-4b">
         <name>.text.addToList</name>
         <load_address>0x2000e34c</load_address>
         <run_address>0x2000e34c</run_address>
         <size>0x44</size>
         <input_file_ref idref="fl-1d"/>
      </object_component>
      <object_component id="oc-b7">
         <name>.text.PinModeSet</name>
         <load_address>0x2000e390</load_address>
         <run_address>0x2000e390</run_address>
         <size>0x42</size>
         <input_file_ref idref="fl-26"/>
      </object_component>
      <object_component id="oc-176">
         <name>.text.TimerControlStall</name>
         <load_address>0x2000e3d2</load_address>
         <run_address>0x2000e3d2</run_address>
         <size>0x42</size>
         <input_file_ref idref="fl-2a"/>
      </object_component>
      <object_component id="oc-12c">
         <name>.text.Timer_close</name>
         <load_address>0x2000e414</load_address>
         <run_address>0x2000e414</run_address>
         <size>0x42</size>
         <input_file_ref idref="fl-19"/>
      </object_component>
      <object_component id="oc-14f">
         <name>.text.getCountsRTC</name>
         <load_address>0x2000e456</load_address>
         <run_address>0x2000e456</run_address>
         <size>0x42</size>
         <input_file_ref idref="fl-1f"/>
      </object_component>
      <object_component id="oc-cb">
         <name>.text.SemaphoreP_post</name>
         <load_address>0x2000e498</load_address>
         <run_address>0x2000e498</run_address>
         <size>0x40</size>
         <input_file_ref idref="fl-1c"/>
      </object_component>
      <object_component id="oc-169">
         <name>.text.Timer_stop</name>
         <load_address>0x2000e4d8</load_address>
         <run_address>0x2000e4d8</run_address>
         <size>0x40</size>
         <input_file_ref idref="fl-18"/>
      </object_component>
      <object_component id="oc-1b2">
         <name>.text.PinDirModeSet</name>
         <load_address>0x2000e518</load_address>
         <run_address>0x2000e518</run_address>
         <size>0x3e</size>
         <input_file_ref idref="fl-26"/>
      </object_component>
      <object_component id="oc-118">
         <name>.text.clkFxn</name>
         <load_address>0x2000e556</load_address>
         <run_address>0x2000e556</run_address>
         <size>0x2</size>
         <input_file_ref idref="fl-1c"/>
      </object_component>
      <object_component id="oc-164">
         <name>.text.ClockP_stop</name>
         <load_address>0x2000e558</load_address>
         <run_address>0x2000e558</run_address>
         <size>0x3c</size>
         <input_file_ref idref="fl-1d"/>
      </object_component>
      <object_component id="oc-96">
         <name>.text.initTimer</name>
         <load_address>0x2000e594</load_address>
         <run_address>0x2000e594</run_address>
         <size>0x3c</size>
         <input_file_ref idref="fl-1"/>
      </object_component>
      <object_component id="oc-73">
         <name>.text:__TI_auto_init_nobinit_nopinit</name>
         <load_address>0x2000e5d0</load_address>
         <run_address>0x2000e5d0</run_address>
         <size>0x3c</size>
         <input_file_ref idref="fl-3b"/>
      </object_component>
      <object_component id="oc-136">
         <name>.text.TimerSupport_timerEnable</name>
         <load_address>0x2000e60c</load_address>
         <run_address>0x2000e60c</run_address>
         <size>0x3a</size>
         <input_file_ref idref="fl-19"/>
      </object_component>
      <object_component id="oc-31">
         <name>.text.defaultHandler</name>
         <load_address>0x2000e646</load_address>
         <run_address>0x2000e646</run_address>
         <size>0x2</size>
         <input_file_ref idref="fl-20"/>
      </object_component>
      <object_component id="oc-117">
         <name>.text.ClockP_destruct</name>
         <load_address>0x2000e648</load_address>
         <run_address>0x2000e648</run_address>
         <size>0x38</size>
         <input_file_ref idref="fl-1d"/>
      </object_component>
      <object_component id="oc-17b">
         <name>.text.Power_setConstraint</name>
         <load_address>0x2000e680</load_address>
         <run_address>0x2000e680</run_address>
         <size>0x38</size>
         <input_file_ref idref="fl-16"/>
      </object_component>
      <object_component id="oc-15d">
         <name>.text.SwiP_restore</name>
         <load_address>0x2000e6b8</load_address>
         <run_address>0x2000e6b8</run_address>
         <size>0x38</size>
         <input_file_ref idref="fl-21"/>
      </object_component>
      <object_component id="oc-137">
         <name>.text.setMorseLEDs</name>
         <load_address>0x2000e6f0</load_address>
         <run_address>0x2000e6f0</run_address>
         <size>0x38</size>
         <input_file_ref idref="fl-1"/>
      </object_component>
      <object_component id="oc-194">
         <name>.text.PinLock</name>
         <load_address>0x2000e728</load_address>
         <run_address>0x2000e728</run_address>
         <size>0x36</size>
         <input_file_ref idref="fl-26"/>
      </object_component>
      <object_component id="oc-133">
         <name>.text.TimerCC32XX_hwiIntFunction</name>
         <load_address>0x2000e75e</load_address>
         <run_address>0x2000e75e</run_address>
         <size>0x36</size>
         <input_file_ref idref="fl-19"/>
      </object_component>
      <object_component id="oc-114">
         <name>.text.ClockP_start</name>
         <load_address>0x2000e794</load_address>
         <run_address>0x2000e794</run_address>
         <size>0x34</size>
         <input_file_ref idref="fl-1d"/>
      </object_component>
      <object_component id="oc-1b1">
         <name>.text.PinDirModeGet</name>
         <load_address>0x2000e7c8</load_address>
         <run_address>0x2000e7c8</run_address>
         <size>0x34</size>
         <input_file_ref idref="fl-26"/>
      </object_component>
      <object_component id="oc-b2">
         <name>.text.PinModeGet</name>
         <load_address>0x2000e7fc</load_address>
         <run_address>0x2000e7fc</run_address>
         <size>0x34</size>
         <input_file_ref idref="fl-26"/>
      </object_component>
      <object_component id="oc-191">
         <name>.text.PowerCC32XX_parkPin</name>
         <load_address>0x2000e830</load_address>
         <run_address>0x2000e830</run_address>
         <size>0x34</size>
         <input_file_ref idref="fl-16"/>
      </object_component>
      <object_component id="oc-16e">
         <name>.text.TimerCC32XX_freeTimerResource</name>
         <load_address>0x2000e864</load_address>
         <run_address>0x2000e864</run_address>
         <size>0x34</size>
         <input_file_ref idref="fl-19"/>
      </object_component>
      <object_component id="oc-2a">
         <name>.text.initVectors</name>
         <load_address>0x2000e898</load_address>
         <run_address>0x2000e898</run_address>
         <size>0x34</size>
         <input_file_ref idref="fl-20"/>
      </object_component>
      <object_component id="oc-14c">
         <name>.text.ClockP_getTicksUntilInterrupt</name>
         <load_address>0x2000e8cc</load_address>
         <run_address>0x2000e8cc</run_address>
         <size>0x30</size>
         <input_file_ref idref="fl-1d"/>
      </object_component>
      <object_component id="oc-156">
         <name>.text.PRCMLPDSIntervalSet</name>
         <load_address>0x2000e8fc</load_address>
         <run_address>0x2000e8fc</run_address>
         <size>0x30</size>
         <input_file_ref idref="fl-27"/>
      </object_component>
      <object_component id="oc-18b">
         <name>.text.PRCMSlowClkCtrFastGet</name>
         <load_address>0x2000e92c</load_address>
         <run_address>0x2000e92c</run_address>
         <size>0x30</size>
         <input_file_ref idref="fl-27"/>
      </object_component>
      <object_component id="oc-175">
         <name>.text.TimerLoadSet</name>
         <load_address>0x2000e95c</load_address>
         <run_address>0x2000e95c</run_address>
         <size>0x30</size>
         <input_file_ref idref="fl-2a"/>
      </object_component>
      <object_component id="oc-174">
         <name>.text.TimerPrescaleSet</name>
         <load_address>0x2000e98c</load_address>
         <run_address>0x2000e98c</run_address>
         <size>0x30</size>
         <input_file_ref idref="fl-2a"/>
      </object_component>
      <object_component id="oc-18f">
         <name>.text.notify</name>
         <load_address>0x2000e9bc</load_address>
         <run_address>0x2000e9bc</run_address>
         <size>0x30</size>
         <input_file_ref idref="fl-16"/>
      </object_component>
      <object_component id="oc-142">
         <name>.text.GPIOIntStatus</name>
         <load_address>0x2000e9ec</load_address>
         <run_address>0x2000e9ec</run_address>
         <size>0x2e</size>
         <input_file_ref idref="fl-23"/>
      </object_component>
      <object_component id="oc-f3">
         <name>.text.HwiP_create</name>
         <load_address>0x2000ea1a</load_address>
         <run_address>0x2000ea1a</run_address>
         <size>0x2a</size>
         <input_file_ref idref="fl-1e"/>
      </object_component>
      <object_component id="oc-102">
         <name>.text.PRCMLPDSWakeUpGPIOSelect</name>
         <load_address>0x2000ea44</load_address>
         <run_address>0x2000ea44</run_address>
         <size>0x2a</size>
         <input_file_ref idref="fl-27"/>
      </object_component>
      <object_component id="oc-b1">
         <name>.text.PRCMPeripheralClkDisable</name>
         <load_address>0x2000ea6e</load_address>
         <run_address>0x2000ea6e</run_address>
         <size>0x2a</size>
         <input_file_ref idref="fl-27"/>
      </object_component>
      <object_component id="oc-1a4">
         <name>.text.List_remove</name>
         <load_address>0x2000ea98</load_address>
         <run_address>0x2000ea98</run_address>
         <size>0x28</size>
         <input_file_ref idref="fl-1a"/>
      </object_component>
      <object_component id="oc-190">
         <name>.text.PRCMSRAMRetentionEnable</name>
         <load_address>0x2000eac0</load_address>
         <run_address>0x2000eac0</run_address>
         <size>0x28</size>
         <input_file_ref idref="fl-27"/>
      </object_component>
      <object_component id="oc-1a3">
         <name>.text.TimerSupport_timerDisable</name>
         <load_address>0x2000eae8</load_address>
         <run_address>0x2000eae8</run_address>
         <size>0x28</size>
         <input_file_ref idref="fl-19"/>
      </object_component>
      <object_component id="oc-163">
         <name>.text.free_list_insert</name>
         <load_address>0x2000eb10</load_address>
         <run_address>0x2000eb10</run_address>
         <size>0x28</size>
         <input_file_ref idref="fl-38"/>
      </object_component>
      <object_component id="oc-1bf">
         <name>.text.IntUnregister</name>
         <load_address>0x2000eb38</load_address>
         <run_address>0x2000eb38</run_address>
         <size>0x24</size>
         <input_file_ref idref="fl-25"/>
      </object_component>
      <object_component id="oc-119">
         <name>.text.List_put</name>
         <load_address>0x2000eb5c</load_address>
         <run_address>0x2000eb5c</run_address>
         <size>0x24</size>
         <input_file_ref idref="fl-1a"/>
      </object_component>
      <object_component id="oc-100">
         <name>.text.PRCMLPDSWakeupSourceEnable</name>
         <load_address>0x2000eb80</load_address>
         <run_address>0x2000eb80</run_address>
         <size>0x24</size>
         <input_file_ref idref="fl-27"/>
      </object_component>
      <object_component id="oc-19b">
         <name>.text.PowerCC32XX_restoreParkedPin</name>
         <load_address>0x2000eba4</load_address>
         <run_address>0x2000eba4</run_address>
         <size>0x24</size>
         <input_file_ref idref="fl-16"/>
      </object_component>
      <object_component id="oc-ca">
         <name>.text.Power_registerNotify</name>
         <load_address>0x2000ebc8</load_address>
         <run_address>0x2000ebc8</run_address>
         <size>0x24</size>
         <input_file_ref idref="fl-16"/>
      </object_component>
      <object_component id="oc-44">
         <name>.text:_c_int00_noargs</name>
         <load_address>0x2000ebec</load_address>
         <run_address>0x2000ebec</run_address>
         <size>0x24</size>
         <input_file_ref idref="fl-39"/>
      </object_component>
      <object_component id="oc-e6">
         <name>.text.GPIOPinWrite</name>
         <load_address>0x2000ec10</load_address>
         <run_address>0x2000ec10</run_address>
         <size>0x22</size>
         <input_file_ref idref="fl-23"/>
      </object_component>
      <object_component id="oc-19a">
         <name>.text.PinUnlock</name>
         <load_address>0x2000ec32</load_address>
         <run_address>0x2000ec32</run_address>
         <size>0x22</size>
         <input_file_ref idref="fl-26"/>
      </object_component>
      <object_component id="oc-180">
         <name>.text.IntRegister</name>
         <load_address>0x2000ec54</load_address>
         <run_address>0x2000ec54</run_address>
         <size>0x20</size>
         <input_file_ref idref="fl-25"/>
      </object_component>
      <object_component id="oc-16a">
         <name>.text.Power_unregisterNotify</name>
         <load_address>0x2000ec74</load_address>
         <run_address>0x2000ec74</run_address>
         <size>0x20</size>
         <input_file_ref idref="fl-16"/>
      </object_component>
      <object_component id="oc-12a">
         <name>.text.SemaphoreP_constructBinary</name>
         <load_address>0x2000ec94</load_address>
         <run_address>0x2000ec94</run_address>
         <size>0x20</size>
         <input_file_ref idref="fl-1c"/>
      </object_component>
      <object_component id="oc-c0">
         <name>.text.SemaphoreP_createBinary</name>
         <load_address>0x2000ecb4</load_address>
         <run_address>0x2000ecb4</run_address>
         <size>0x20</size>
         <input_file_ref idref="fl-1c"/>
      </object_component>
      <object_component id="oc-16f">
         <name>.text.TimerDisable</name>
         <load_address>0x2000ecd4</load_address>
         <run_address>0x2000ecd4</run_address>
         <size>0x20</size>
         <input_file_ref idref="fl-2a"/>
      </object_component>
      <object_component id="oc-98">
         <name>.text.GPIO_setCallback</name>
         <load_address>0x2000ecf4</load_address>
         <run_address>0x2000ecf4</run_address>
         <size>0x1c</size>
         <input_file_ref idref="fl-14"/>
      </object_component>
      <object_component id="oc-185">
         <name>.text.HwiP_dispatch</name>
         <load_address>0x2000ed10</load_address>
         <run_address>0x2000ed10</run_address>
         <size>0x1c</size>
         <input_file_ref idref="fl-1e"/>
      </object_component>
      <object_component id="oc-145">
         <name>.text.SwiP_disable</name>
         <load_address>0x2000ed2c</load_address>
         <run_address>0x2000ed2c</run_address>
         <size>0x1c</size>
         <input_file_ref idref="fl-21"/>
      </object_component>
      <object_component id="oc-162">
         <name>.text.free_list_remove</name>
         <load_address>0x2000ed48</load_address>
         <run_address>0x2000ed48</run_address>
         <size>0x1c</size>
         <input_file_ref idref="fl-38"/>
      </object_component>
      <object_component id="oc-167">
         <name>.text.getPowerMgrId</name>
         <load_address>0x2000ed64</load_address>
         <run_address>0x2000ed64</run_address>
         <size>0x1c</size>
         <input_file_ref idref="fl-19"/>
      </object_component>
      <object_component id="oc-19">
         <name>.text.resetISR</name>
         <load_address>0x2000ed80</load_address>
         <run_address>0x2000ed80</run_address>
         <size>0x1c</size>
         <input_file_ref idref="fl-20"/>
      </object_component>
      <object_component id="oc-186">
         <name>.text.GPIOIntDisable</name>
         <load_address>0x2000ed9c</load_address>
         <run_address>0x2000ed9c</run_address>
         <size>0x1a</size>
         <input_file_ref idref="fl-23"/>
      </object_component>
      <object_component id="oc-ae">
         <name>.text.PRCMHIBRegRead</name>
         <load_address>0x2000edb6</load_address>
         <run_address>0x2000edb6</run_address>
         <size>0x1a</size>
         <input_file_ref idref="fl-27"/>
      </object_component>
      <object_component id="oc-ad">
         <name>.text.PRCMHIBRegWrite</name>
         <load_address>0x2000edd0</load_address>
         <run_address>0x2000edd0</run_address>
         <size>0x1a</size>
         <input_file_ref idref="fl-27"/>
      </object_component>
      <object_component id="oc-101">
         <name>.text.PRCMLPDSWakeupSourceDisable</name>
         <load_address>0x2000edea</load_address>
         <run_address>0x2000edea</run_address>
         <size>0x1a</size>
         <input_file_ref idref="fl-27"/>
      </object_component>
      <object_component id="oc-193">
         <name>.text.PinToPadGet</name>
         <load_address>0x2000ee04</load_address>
         <run_address>0x2000ee04</run_address>
         <size>0x1a</size>
         <input_file_ref idref="fl-26"/>
      </object_component>
      <object_component id="oc-17c">
         <name>.text.TimerEnable</name>
         <load_address>0x2000ee1e</load_address>
         <run_address>0x2000ee1e</run_address>
         <size>0x1a</size>
         <input_file_ref idref="fl-2a"/>
      </object_component>
      <object_component id="oc-ef">
         <name>.text.GPIOIntEnable</name>
         <load_address>0x2000ee38</load_address>
         <run_address>0x2000ee38</run_address>
         <size>0x18</size>
         <input_file_ref idref="fl-23"/>
      </object_component>
      <object_component id="oc-10e">
         <name>.text.SemaphoreP_create</name>
         <load_address>0x2000ee50</load_address>
         <run_address>0x2000ee50</run_address>
         <size>0x18</size>
         <input_file_ref idref="fl-1c"/>
      </object_component>
      <object_component id="oc-a1">
         <name>.text.gpioButtonCallback</name>
         <load_address>0x2000ee68</load_address>
         <run_address>0x2000ee68</run_address>
         <size>0x18</size>
         <input_file_ref idref="fl-1"/>
      </object_component>
      <object_component id="oc-5f">
         <name>.text.Board_init</name>
         <load_address>0x2000ee80</load_address>
         <run_address>0x2000ee80</run_address>
         <size>0x16</size>
         <input_file_ref idref="fl-2"/>
      </object_component>
      <object_component id="oc-159">
         <name>.text.SysTickPeriodSet</name>
         <load_address>0x2000ee96</load_address>
         <run_address>0x2000ee96</run_address>
         <size>0x16</size>
         <input_file_ref idref="fl-29"/>
      </object_component>
      <object_component id="oc-1bb">
         <name>.text.TimerIntDisable</name>
         <load_address>0x2000eeac</load_address>
         <run_address>0x2000eeac</run_address>
         <size>0x16</size>
         <input_file_ref idref="fl-2a"/>
      </object_component>
      <object_component id="oc-3b">
         <name>.text.CPUcpsid</name>
         <load_address>0x2000eec2</load_address>
         <run_address>0x2000eec2</run_address>
         <size>0x14</size>
         <input_file_ref idref="fl-22"/>
      </object_component>
      <object_component id="oc-125">
         <name>.text.CPUcpsie</name>
         <load_address>0x2000eed6</load_address>
         <run_address>0x2000eed6</run_address>
         <size>0x14</size>
         <input_file_ref idref="fl-22"/>
      </object_component>
      <object_component id="oc-1a6">
         <name>.text.HwiP_destruct</name>
         <load_address>0x2000eeea</load_address>
         <run_address>0x2000eeea</run_address>
         <size>0x14</size>
         <input_file_ref idref="fl-1e"/>
      </object_component>
      <object_component id="oc-42">
         <name>.text.IntVTableBaseSet</name>
         <load_address>0x2000eefe</load_address>
         <run_address>0x2000eefe</run_address>
         <size>0x14</size>
         <input_file_ref idref="fl-25"/>
      </object_component>
      <object_component id="oc-30">
         <name>.text.faultISR</name>
         <load_address>0x2000ef12</load_address>
         <run_address>0x2000ef12</run_address>
         <size>0x2</size>
         <input_file_ref idref="fl-20"/>
      </object_component>
      <object_component id="oc-120">
         <name>.text.Power_disablePolicy</name>
         <load_address>0x2000ef14</load_address>
         <run_address>0x2000ef14</run_address>
         <size>0x14</size>
         <input_file_ref idref="fl-16"/>
      </object_component>
      <object_component id="oc-14d">
         <name>.text.Power_getTransitionLatency</name>
         <load_address>0x2000ef28</load_address>
         <run_address>0x2000ef28</run_address>
         <size>0x14</size>
         <input_file_ref idref="fl-16"/>
      </object_component>
      <object_component id="oc-161">
         <name>.text.Power_idleFunc</name>
         <load_address>0x2000ef3c</load_address>
         <run_address>0x2000ef3c</run_address>
         <size>0x14</size>
         <input_file_ref idref="fl-16"/>
      </object_component>
      <object_component id="oc-17a">
         <name>.text.TimerIntEnable</name>
         <load_address>0x2000ef50</load_address>
         <run_address>0x2000ef50</run_address>
         <size>0x14</size>
         <input_file_ref idref="fl-2a"/>
      </object_component>
      <object_component id="oc-150">
         <name>.text</name>
         <load_address>0x2000ef64</load_address>
         <run_address>0x2000ef64</run_address>
         <size>0x14</size>
         <input_file_ref idref="fl-7e"/>
      </object_component>
      <object_component id="oc-113">
         <name>.text.ClockP_add</name>
         <load_address>0x2000ef78</load_address>
         <run_address>0x2000ef78</run_address>
         <size>0x12</size>
         <input_file_ref idref="fl-1d"/>
      </object_component>
      <object_component id="oc-141">
         <name>.text.GPIOIntClear</name>
         <load_address>0x2000ef8a</load_address>
         <run_address>0x2000ef8a</run_address>
         <size>0x12</size>
         <input_file_ref idref="fl-23"/>
      </object_component>
      <object_component id="oc-f2">
         <name>.text.HwiP_Params_init</name>
         <load_address>0x2000ef9c</load_address>
         <run_address>0x2000ef9c</run_address>
         <size>0x12</size>
         <input_file_ref idref="fl-1e"/>
      </object_component>
      <object_component id="oc-16c">
         <name>.text.HwiP_delete</name>
         <load_address>0x2000efae</load_address>
         <run_address>0x2000efae</run_address>
         <size>0x12</size>
         <input_file_ref idref="fl-1e"/>
      </object_component>
      <object_component id="oc-15a">
         <name>.text.SysTickEnable</name>
         <load_address>0x2000efc0</load_address>
         <run_address>0x2000efc0</run_address>
         <size>0x12</size>
         <input_file_ref idref="fl-29"/>
      </object_component>
      <object_component id="oc-151">
         <name>.text.SysTickIntDisable</name>
         <load_address>0x2000efd2</load_address>
         <run_address>0x2000efd2</run_address>
         <size>0x12</size>
         <input_file_ref idref="fl-29"/>
      </object_component>
      <object_component id="oc-15b">
         <name>.text.SysTickIntEnable</name>
         <load_address>0x2000efe4</load_address>
         <run_address>0x2000efe4</run_address>
         <size>0x12</size>
         <input_file_ref idref="fl-29"/>
      </object_component>
      <object_component id="oc-4f">
         <name>.text:TI_memcpy_small</name>
         <load_address>0x2000eff6</load_address>
         <run_address>0x2000eff6</run_address>
         <size>0x12</size>
         <input_file_ref idref="fl-81"/>
      </object_component>
      <object_component id="oc-23">
         <name>.text:decompress:ZI:__TI_zero_init_nomemset</name>
         <load_address>0x2000f008</load_address>
         <run_address>0x2000f008</run_address>
         <size>0x12</size>
         <input_file_ref idref="fl-3e"/>
      </object_component>
      <object_component id="oc-2f">
         <name>.text.nmiISR</name>
         <load_address>0x2000f01a</load_address>
         <run_address>0x2000f01a</run_address>
         <size>0x2</size>
         <input_file_ref idref="fl-20"/>
      </object_component>
      <object_component id="oc-12b">
         <name>.text.ClockP_getCpuFreq</name>
         <load_address>0x2000f01c</load_address>
         <run_address>0x2000f01c</run_address>
         <size>0x10</size>
         <input_file_ref idref="fl-1d"/>
      </object_component>
      <object_component id="oc-14e">
         <name>.text.ClockP_getSystemTicks</name>
         <load_address>0x2000f02c</load_address>
         <run_address>0x2000f02c</run_address>
         <size>0x10</size>
         <input_file_ref idref="fl-1d"/>
      </object_component>
      <object_component id="oc-158">
         <name>.text.ClockP_setTicks</name>
         <load_address>0x2000f03c</load_address>
         <run_address>0x2000f03c</run_address>
         <size>0x10</size>
         <input_file_ref idref="fl-1d"/>
      </object_component>
      <object_component id="oc-11f">
         <name>.text.HwiP_inISR</name>
         <load_address>0x2000f04c</load_address>
         <run_address>0x2000f04c</run_address>
         <size>0x10</size>
         <input_file_ref idref="fl-1e"/>
      </object_component>
      <object_component id="oc-116">
         <name>.text.Power_enablePolicy</name>
         <load_address>0x2000f05c</load_address>
         <run_address>0x2000f05c</run_address>
         <size>0x10</size>
         <input_file_ref idref="fl-16"/>
      </object_component>
      <object_component id="oc-179">
         <name>.text.TimerIntClear</name>
         <load_address>0x2000f06c</load_address>
         <run_address>0x2000f06c</run_address>
         <size>0x10</size>
         <input_file_ref idref="fl-2a"/>
      </object_component>
      <object_component id="oc-dc">
         <name>.text.Timer_Params_init</name>
         <load_address>0x2000f07c</load_address>
         <run_address>0x2000f07c</run_address>
         <size>0x10</size>
         <input_file_ref idref="fl-18"/>
      </object_component>
      <object_component id="oc-55">
         <name>.text.main</name>
         <load_address>0x2000f08c</load_address>
         <run_address>0x2000f08c</run_address>
         <size>0x10</size>
         <input_file_ref idref="fl-3"/>
      </object_component>
      <object_component id="oc-17">
         <name>.text:decompress:none</name>
         <load_address>0x2000f09c</load_address>
         <run_address>0x2000f09c</run_address>
         <size>0xe</size>
         <input_file_ref idref="fl-3f"/>
      </object_component>
      <object_component id="oc-1a0">
         <name>.text.CPUwfi</name>
         <load_address>0x2000f0aa</load_address>
         <run_address>0x2000f0aa</run_address>
         <size>0xc</size>
         <input_file_ref idref="fl-22"/>
      </object_component>
      <object_component id="oc-19c">
         <name>.text.PRCMLPDSWakeupCauseGet</name>
         <load_address>0x2000f0b6</load_address>
         <run_address>0x2000f0b6</run_address>
         <size>0xc</size>
         <input_file_ref idref="fl-27"/>
      </object_component>
      <object_component id="oc-14b">
         <name>.text.Power_getConstraintMask</name>
         <load_address>0x2000f0c4</load_address>
         <run_address>0x2000f0c4</run_address>
         <size>0xc</size>
         <input_file_ref idref="fl-16"/>
      </object_component>
      <object_component id="oc-132">
         <name>.text.postNotifyFxn</name>
         <load_address>0x2000f0d0</load_address>
         <run_address>0x2000f0d0</run_address>
         <size>0xc</size>
         <input_file_ref idref="fl-19"/>
      </object_component>
      <object_component id="oc-115">
         <name>.text.ClockP_isActive</name>
         <load_address>0x2000f0dc</load_address>
         <run_address>0x2000f0dc</run_address>
         <size>0xa</size>
         <input_file_ref idref="fl-1d"/>
      </object_component>
      <object_component id="oc-25">
         <name>.text.IntMasterDisable</name>
         <load_address>0x2000f0e6</load_address>
         <run_address>0x2000f0e6</run_address>
         <size>0xa</size>
         <input_file_ref idref="fl-25"/>
      </object_component>
      <object_component id="oc-d3">
         <name>.text.IntMasterEnable</name>
         <load_address>0x2000f0f0</load_address>
         <run_address>0x2000f0f0</run_address>
         <size>0xa</size>
         <input_file_ref idref="fl-25"/>
      </object_component>
      <object_component id="oc-c6">
         <name>.text.HwiP_disable</name>
         <load_address>0x2000f0fa</load_address>
         <run_address>0x2000f0fa</run_address>
         <size>0x8</size>
         <input_file_ref idref="fl-1e"/>
      </object_component>
      <object_component id="oc-c7">
         <name>.text.HwiP_restore</name>
         <load_address>0x2000f102</load_address>
         <run_address>0x2000f102</run_address>
         <size>0x8</size>
         <input_file_ref idref="fl-1e"/>
      </object_component>
      <object_component id="oc-15c">
         <name>.text.PRCMSleepEnter</name>
         <load_address>0x2000f10a</load_address>
         <run_address>0x2000f10a</run_address>
         <size>0x8</size>
         <input_file_ref idref="fl-27"/>
      </object_component>
      <object_component id="oc-a9">
         <name>.text.UtilsDelay</name>
         <load_address>0x2000f112</load_address>
         <run_address>0x2000f112</run_address>
         <size>0x8</size>
         <input_file_ref idref="fl-2b"/>
      </object_component>
      <object_component id="oc-13d">
         <name>.text.malloc</name>
         <load_address>0x2000f11a</load_address>
         <run_address>0x2000f11a</run_address>
         <size>0x8</size>
         <input_file_ref idref="fl-38"/>
      </object_component>
      <object_component id="oc-16b">
         <name>.text.HwiP_clearInterrupt</name>
         <load_address>0x2000f122</load_address>
         <run_address>0x2000f122</run_address>
         <size>0x4</size>
         <input_file_ref idref="fl-1e"/>
      </object_component>
      <object_component id="oc-8e">
         <name>.text.HwiP_enable</name>
         <load_address>0x2000f126</load_address>
         <run_address>0x2000f126</run_address>
         <size>0x4</size>
         <input_file_ref idref="fl-1e"/>
      </object_component>
      <object_component id="oc-1a1">
         <name>.text.HwiP_post</name>
         <load_address>0x2000f12a</load_address>
         <run_address>0x2000f12a</run_address>
         <size>0x4</size>
         <input_file_ref idref="fl-1e"/>
      </object_component>
      <object_component id="oc-1c4">
         <name>.text.IntDefaultHandler</name>
         <load_address>0x2000f12e</load_address>
         <run_address>0x2000f12e</run_address>
         <size>0x4</size>
         <input_file_ref idref="fl-25"/>
      </object_component>
      <object_component id="oc-64">
         <name>.text.NoRTOS_start</name>
         <load_address>0x2000f132</load_address>
         <run_address>0x2000f132</run_address>
         <size>0x4</size>
         <input_file_ref idref="fl-1b"/>
      </object_component>
      <object_component id="oc-c8">
         <name>.text.SemaphoreP_delete</name>
         <load_address>0x2000f136</load_address>
         <run_address>0x2000f136</run_address>
         <size>0x4</size>
         <input_file_ref idref="fl-1c"/>
      </object_component>
      <object_component id="oc-54">
         <name>.text._system_pre_init</name>
         <load_address>0x2000f13a</load_address>
         <run_address>0x2000f13a</run_address>
         <size>0x4</size>
         <input_file_ref idref="fl-3c"/>
      </object_component>
      <object_component id="oc-71">
         <name>.text:abort</name>
         <load_address>0x2000f13e</load_address>
         <run_address>0x2000f13e</run_address>
         <size>0x4</size>
         <input_file_ref idref="fl-41"/>
      </object_component>
      <object_component id="oc-22">
         <name>.text</name>
         <load_address>0x2000f144</load_address>
         <run_address>0x2000f144</run_address>
         <size>0x4</size>
         <input_file_ref idref="fl-7c"/>
      </object_component>
      <object_component id="oc-fd">
         <name>.rodata.g_ulPinToPadMap</name>
         <load_address>0x2000f810</load_address>
         <run_address>0x2000f810</run_address>
         <size>0x100</size>
         <input_file_ref idref="fl-26"/>
      </object_component>
      <object_component id="oc-1ac">
         <name>.rodata.g_pulRegs</name>
         <load_address>0x2000f910</load_address>
         <run_address>0x2000f910</run_address>
         <size>0xd4</size>
         <input_file_ref idref="fl-25"/>
      </object_component>
      <object_component id="oc-fc">
         <name>.rodata.PRCM_PeriphRegsList</name>
         <load_address>0x2000f9e4</load_address>
         <run_address>0x2000f9e4</run_address>
         <size>0xa8</size>
         <input_file_ref idref="fl-27"/>
      </object_component>
      <object_component id="oc-bd">
         <name>.rodata.PowerCC32XX_config</name>
         <load_address>0x2000fa8c</load_address>
         <run_address>0x2000fa8c</run_address>
         <size>0x44</size>
         <input_file_ref idref="fl-2"/>
      </object_component>
      <object_component id="oc-eb">
         <name>.rodata.portConfigs</name>
         <load_address>0x2000fad0</load_address>
         <run_address>0x2000fad0</run_address>
         <size>0x28</size>
         <input_file_ref idref="fl-15"/>
      </object_component>
      <object_component id="oc-f6">
         <name>.rodata.pinTable</name>
         <load_address>0x2000faf8</load_address>
         <run_address>0x2000faf8</run_address>
         <size>0x21</size>
         <input_file_ref idref="fl-15"/>
      </object_component>
      <object_component id="oc-cf">
         <name>.rodata.GPIO_pinUpperBound</name>
         <load_address>0x2000fb19</load_address>
         <run_address>0x2000fb19</run_address>
         <size>0x1</size>
         <input_file_ref idref="fl-2"/>
      </object_component>
      <object_component id="oc-12f">
         <name>.rodata.Timer_count</name>
         <load_address>0x2000fb1a</load_address>
         <run_address>0x2000fb1a</run_address>
         <size>0x1</size>
         <input_file_ref idref="fl-2"/>
      </object_component>
      <object_component id="oc-1c3">
         <name>.rodata.g_pulDisRegs</name>
         <load_address>0x2000fb1c</load_address>
         <run_address>0x2000fb1c</run_address>
         <size>0x18</size>
         <input_file_ref idref="fl-25"/>
      </object_component>
      <object_component id="oc-1ad">
         <name>.rodata.g_pulEnRegs</name>
         <load_address>0x2000fb34</load_address>
         <run_address>0x2000fb34</run_address>
         <size>0x18</size>
         <input_file_ref idref="fl-25"/>
      </object_component>
      <object_component id="oc-1c2">
         <name>.rodata.g_pulPendRegs</name>
         <load_address>0x2000fb4c</load_address>
         <run_address>0x2000fb4c</run_address>
         <size>0x18</size>
         <input_file_ref idref="fl-25"/>
      </object_component>
      <object_component id="oc-1bd">
         <name>.rodata.g_pulUnpendRegs</name>
         <load_address>0x2000fb64</load_address>
         <run_address>0x2000fb64</run_address>
         <size>0x18</size>
         <input_file_ref idref="fl-25"/>
      </object_component>
      <object_component id="oc-ce">
         <name>.rodata.GPIO_config</name>
         <load_address>0x2000fb7c</load_address>
         <run_address>0x2000fb7c</run_address>
         <size>0x10</size>
         <input_file_ref idref="fl-2"/>
      </object_component>
      <object_component id="oc-178">
         <name>.rodata.timerCC32XXHWAttrs</name>
         <load_address>0x2000fb8c</load_address>
         <run_address>0x2000fb8c</run_address>
         <size>0x10</size>
         <input_file_ref idref="fl-2"/>
      </object_component>
      <object_component id="oc-17e">
         <name>.rodata..Lswitch.table.setMorseLEDs.1</name>
         <load_address>0x2000fb9c</load_address>
         <run_address>0x2000fb9c</run_address>
         <size>0xc</size>
         <input_file_ref idref="fl-1"/>
      </object_component>
      <object_component id="oc-17d">
         <name>.rodata..Lswitch.table.setMorseLEDs</name>
         <load_address>0x2000fba8</load_address>
         <run_address>0x2000fba8</run_address>
         <size>0xc</size>
         <input_file_ref idref="fl-1"/>
      </object_component>
      <object_component id="oc-128">
         <name>.rodata.defaultParams</name>
         <load_address>0x2000fbb4</load_address>
         <run_address>0x2000fbb4</run_address>
         <size>0xc</size>
         <input_file_ref idref="fl-18"/>
      </object_component>
      <object_component id="oc-131">
         <name>.rodata.defaultParams</name>
         <load_address>0x2000fbc0</load_address>
         <run_address>0x2000fbc0</run_address>
         <size>0xc</size>
         <input_file_ref idref="fl-19"/>
      </object_component>
      <object_component id="oc-130">
         <name>.rodata.Timer_config</name>
         <load_address>0x2000fbcc</load_address>
         <run_address>0x2000fbcc</run_address>
         <size>0x8</size>
         <input_file_ref idref="fl-2"/>
      </object_component>
      <object_component id="oc-1f8">
         <name>.cinit..data.load</name>
         <load_address>0x2000feb0</load_address>
         <run_address>0x2000feb0</run_address>
         <size>0xf2</size>
      </object_component>
      <object_component id="oc-1f6">
         <name>__TI_handler_table</name>
         <load_address>0x2000ffa4</load_address>
         <run_address>0x2000ffa4</run_address>
         <size>0xc</size>
      </object_component>
      <object_component id="oc-1f9">
         <name>.cinit..bss.load</name>
         <load_address>0x2000ffb0</load_address>
         <run_address>0x2000ffb0</run_address>
         <size>0x8</size>
      </object_component>
      <object_component id="oc-1f7">
         <name>__TI_cinit_table</name>
         <load_address>0x2000ffb8</load_address>
         <run_address>0x2000ffb8</run_address>
         <size>0x10</size>
      </object_component>
      <object_component id="oc-138">
         <name>.data..L_MergedGlobals</name>
         <load_address>0x2000f788</load_address>
         <run_address>0x2000f788</run_address>
         <size>0x44</size>
         <input_file_ref idref="fl-1"/>
      </object_component>
      <object_component id="oc-121">
         <name>.data.gpioPinConfigs</name>
         <load_address>0x2000f6b8</load_address>
         <run_address>0x2000f6b8</run_address>
         <size>0x84</size>
         <input_file_ref idref="fl-2"/>
      </object_component>
      <object_component id="oc-10d">
         <name>.data.parkInfo</name>
         <load_address>0x2000f5c0</load_address>
         <run_address>0x2000f5c0</run_address>
         <size>0xf8</size>
         <input_file_ref idref="fl-2"/>
      </object_component>
      <object_component id="oc-cd">
         <name>.data.initCalled</name>
         <load_address>0x2000f808</load_address>
         <run_address>0x2000f808</run_address>
         <size>0x1</size>
         <input_file_ref idref="fl-15"/>
      </object_component>
      <object_component id="oc-f7">
         <name>.data.portHwiCreatedBitMask</name>
         <load_address>0x2000f809</load_address>
         <run_address>0x2000f809</run_address>
         <size>0x1</size>
         <input_file_ref idref="fl-15"/>
      </object_component>
      <object_component id="oc-cc">
         <name>.data..L_MergedGlobals</name>
         <load_address>0x2000f7cc</load_address>
         <run_address>0x2000f7cc</run_address>
         <size>0x18</size>
         <input_file_ref idref="fl-15"/>
      </object_component>
      <object_component id="oc-bc">
         <name>.data.PowerCC32XX_module</name>
         <load_address>0x2000f454</load_address>
         <run_address>0x2000f454</run_address>
         <size>0x16c</size>
         <input_file_ref idref="fl-16"/>
      </object_component>
      <object_component id="oc-10f">
         <name>.data..L_MergedGlobals</name>
         <load_address>0x2000f7e8</load_address>
         <run_address>0x2000f7e8</run_address>
         <size>0x10</size>
         <input_file_ref idref="fl-1c"/>
      </object_component>
      <object_component id="oc-15f">
         <name>.data..L_MergedGlobals</name>
         <load_address>0x2000f7f8</load_address>
         <run_address>0x2000f7f8</run_address>
         <size>0x8</size>
         <input_file_ref idref="fl-1d"/>
      </object_component>
      <object_component id="oc-183">
         <name>.data.HwiP_swiPIntNum</name>
         <load_address>0x2000f7e4</load_address>
         <run_address>0x2000f7e4</run_address>
         <size>0x4</size>
         <input_file_ref idref="fl-1e"/>
      </object_component>
      <object_component id="oc-184">
         <name>.data.HwiP_dispatchTable</name>
         <load_address>0x2000f148</load_address>
         <run_address>0x2000f148</run_address>
         <size>0x30c</size>
         <input_file_ref idref="fl-1e"/>
      </object_component>
      <object_component id="oc-187">
         <name>.data..L_MergedGlobals</name>
         <load_address>0x2000f73c</load_address>
         <run_address>0x2000f73c</run_address>
         <size>0x4c</size>
         <input_file_ref idref="fl-21"/>
      </object_component>
      <object_component id="oc-1ab">
         <name>.data.memory_is_initialized</name>
         <load_address>0x2000f80c</load_address>
         <run_address>0x2000f80c</run_address>
         <size>0x1</size>
         <input_file_ref idref="fl-38"/>
      </object_component>
      <object_component id="oc-a4">
         <name>.data._lock</name>
         <load_address>0x2000f800</load_address>
         <run_address>0x2000f800</run_address>
         <size>0x4</size>
         <input_file_ref idref="fl-42"/>
      </object_component>
      <object_component id="oc-a6">
         <name>.data._unlock</name>
         <load_address>0x2000f804</load_address>
         <run_address>0x2000f804</run_address>
         <size>0x4</size>
         <input_file_ref idref="fl-42"/>
      </object_component>
      <object_component id="oc-168">
         <name>.bss.timerState.0</name>
         <uninitialized>true</uninitialized>
         <run_address>0x2000fea8</run_address>
         <size>0x4</size>
         <input_file_ref idref="fl-19"/>
      </object_component>
      <object_component id="oc-1ae">
         <name>.bss.sysTickPeriod</name>
         <uninitialized>true</uninitialized>
         <run_address>0x2000fea0</run_address>
         <size>0x4</size>
         <input_file_ref idref="fl-1d"/>
      </object_component>
      <object_component id="oc-1a2">
         <name>.bss.sys_free</name>
         <uninitialized>true</uninitialized>
         <run_address>0x2000fea4</run_address>
         <size>0x4</size>
         <input_file_ref idref="fl-38"/>
      </object_component>
      <object_component id="oc-a0">
         <name>.common:BUTTON_STATE</name>
         <uninitialized>true</uninitialized>
         <run_address>0x2000feac</run_address>
         <size>0x1</size>
      </object_component>
      <object_component id="oc-9f">
         <name>.common:CURRENT_MESSAGE</name>
         <uninitialized>true</uninitialized>
         <run_address>0x2000fead</run_address>
         <size>0x1</size>
      </object_component>
      <object_component id="oc-139">
         <name>.common:LED_STATE</name>
         <uninitialized>true</uninitialized>
         <run_address>0x2000feae</run_address>
         <size>0x1</size>
      </object_component>
      <object_component id="oc-122">
         <name>.common:gpioCallbackFunctions</name>
         <uninitialized>true</uninitialized>
         <run_address>0x2000fd04</run_address>
         <size>0x84</size>
      </object_component>
      <object_component id="oc-123">
         <name>.common:gpioUserArgs</name>
         <uninitialized>true</uninitialized>
         <run_address>0x2000fd88</run_address>
         <size>0x84</size>
      </object_component>
      <object_component id="oc-177">
         <name>.common:timerCC32XXObjects</name>
         <uninitialized>true</uninitialized>
         <run_address>0x2000fe0c</run_address>
         <size>0x84</size>
      </object_component>
      <object_component id="oc-19d">
         <name>.common:PowerCC32XX_contextSave</name>
         <uninitialized>true</uninitialized>
         <run_address>0x2000fbd8</run_address>
         <size>0x12c</size>
      </object_component>
      <object_component id="oc-4c">
         <name>.common:ClockP_ctrl</name>
         <uninitialized>true</uninitialized>
         <run_address>0x2000fe90</run_address>
         <size>0x10</size>
      </object_component>
      <object_component id="oc-20">
         <name>.sysmem</name>
         <uninitialized>true</uninitialized>
         <run_address>0x20004040</run_address>
         <size>0x10</size>
         <input_file_ref idref="fl-38"/>
      </object_component>
      <object_component id="oc-1fc">
         <name>.sysmem</name>
         <uninitialized>true</uninitialized>
         <run_address>0x20004040</run_address>
         <size>0x0</size>
      </object_component>
      <object_component id="oc-21">
         <name>.stack</name>
         <uninitialized>true</uninitialized>
         <run_address>0x20003000</run_address>
         <size>0x4</size>
         <input_file_ref idref="fl-39"/>
      </object_component>
      <object_component id="oc-1fb">
         <name>.stack</name>
         <uninitialized>true</uninitialized>
         <run_address>0x20003000</run_address>
         <size>0x0</size>
      </object_component>
      <object_component id="oc-1e">
         <name>.resetVecs</name>
         <load_address>0x20004000</load_address>
         <run_address>0x20004000</run_address>
         <size>0x40</size>
         <input_file_ref idref="fl-20"/>
      </object_component>
      <object_component id="oc-1f">
         <name>.ramVecs</name>
         <uninitialized>true</uninitialized>
         <run_address>0x20000000</run_address>
         <size>0x30c</size>
         <input_file_ref idref="fl-20"/>
      </object_component>
      <object_component id="oc-6d">
         <name>.debug_loc</name>
         <load_address>0x0</load_address>
         <run_address>0x0</run_address>
         <size>0x4e</size>
         <input_file_ref idref="fl-1"/>
      </object_component>
      <object_component id="oc-ee">
         <name>.debug_loc</name>
         <load_address>0x4e</load_address>
         <run_address>0x4e</run_address>
         <size>0x50</size>
         <input_file_ref idref="fl-14"/>
      </object_component>
      <object_component id="oc-8a">
         <name>.debug_loc</name>
         <load_address>0x9e</load_address>
         <run_address>0x9e</run_address>
         <size>0x68e</size>
         <input_file_ref idref="fl-15"/>
      </object_component>
      <object_component id="oc-bb">
         <name>.debug_loc</name>
         <load_address>0x72c</load_address>
         <run_address>0x72c</run_address>
[...]
      <symbol id="sm-1c6">
         <name>ClockP_getSystemTicks</name>
         <value>0x2000f02d</value>
         <object_component_ref idref="oc-14e"/>
      </symbol>
      <symbol id="sm-1c7">
         <name>ClockP_getTicksUntilInterrupt</name>
         <value>0x2000e8cd</value>
         <object_component_ref idref="oc-14c"/>
      </symbol>
      <symbol id="sm-1c8">
         <name>ClockP_isActive</name>
         <value>0x2000f0dd</value>
         <object_component_ref idref="oc-115"/>
      </symbol>
      <symbol id="sm-1c9">
         <name>ClockP_setTicks</name>
         <value>0x2000f03d</value>
         <object_component_ref idref="oc-158"/>
      </symbol>
      <symbol id="sm-1ca">
         <name>ClockP_tickPeriod</name>
         <value>0x2000f7fc</value>
         <object_component_ref idref="oc-15f"/>
      </symbol>
      <symbol id="sm-1ef">
         <name>HwiP_enable</name>
         <value>0x2000f127</value>
         <object_component_ref idref="oc-8e"/>
      </symbol>
      <symbol id="sm-1f0">
         <name>HwiP_disable</name>
         <value>0x2000f0fb</value>
         <object_component_ref idref="oc-c6"/>
      </symbol>
      <symbol id="sm-1f1">
         <name>HwiP_restore</name>
         <value>0x2000f103</value>
         <object_component_ref idref="oc-c7"/>
      </symbol>
      <symbol id="sm-1f2">
         <name>HwiP_clearInterrupt</name>
         <value>0x2000f123</value>
         <object_component_ref idref="oc-16b"/>
      </symbol>
      <symbol id="sm-1f3">
         <name>HwiP_destruct</name>
         <value>0x2000eeeb</value>
         <object_component_ref idref="oc-1a6"/>
      </symbol>
      <symbol id="sm-1f4">
         <name>HwiP_delete</name>
         <value>0x2000efaf</value>
         <object_component_ref idref="oc-16c"/>
      </symbol>
      <symbol id="sm-1f5">
         <name>HwiP_dispatch</name>
         <value>0x2000ed11</value>
         <object_component_ref idref="oc-185"/>
      </symbol>
      <symbol id="sm-1f6">
         <name>HwiP_construct</name>
         <value>0x2000d6c1</value>
         <object_component_ref idref="oc-13e"/>
      </symbol>
      <symbol id="sm-1f7">
         <name>HwiP_swiPIntNum</name>
         <value>0x2000f7e4</value>
         <object_component_ref idref="oc-183"/>
      </symbol>
      <symbol id="sm-1f8">
         <name>HwiP_Params_init</name>
         <value>0x2000ef9d</value>
         <object_component_ref idref="oc-f2"/>
      </symbol>
      <symbol id="sm-1f9">
         <name>HwiP_create</name>
         <value>0x2000ea1b</value>
         <object_component_ref idref="oc-f3"/>
      </symbol>
      <symbol id="sm-1fa">
         <name>HwiP_post</name>
         <value>0x2000f12b</value>
         <object_component_ref idref="oc-1a1"/>
      </symbol>
      <symbol id="sm-1fb">
         <name>HwiP_inISR</name>
         <value>0x2000f04d</value>
         <object_component_ref idref="oc-11f"/>
      </symbol>
      <symbol id="sm-20b">
         <name>PowerCC32XX_initPolicy</name>
         <value>0x2000d427</value>
         <object_component_ref idref="oc-106"/>
      </symbol>
      <symbol id="sm-20c">
         <name>PowerCC32XX_sleepPolicy</name>
         <value>0x2000c8dd</value>
         <object_component_ref idref="oc-10b"/>
      </symbol>
      <symbol id="sm-229">
         <name>resetISR</name>
         <value>0x2000ed81</value>
         <object_component_ref idref="oc-19"/>
      </symbol>
      <symbol id="sm-22a">
         <name>initVectors</name>
         <value>0x2000e899</value>
         <object_component_ref idref="oc-2a"/>
      </symbol>
      <symbol id="sm-23f">
         <name>SwiP_disable</name>
         <value>0x2000ed2d</value>
         <object_component_ref idref="oc-145"/>
      </symbol>
      <symbol id="sm-240">
         <name>SwiP_restore</name>
         <value>0x2000e6b9</value>
         <object_component_ref idref="oc-15d"/>
      </symbol>
      <symbol id="sm-257">
         <name>CPUcpsid</name>
         <value>0x2000eec3</value>
         <object_component_ref idref="oc-3b"/>
      </symbol>
      <symbol id="sm-258">
         <name>CPUcpsie</name>
         <value>0x2000eed7</value>
         <object_component_ref idref="oc-125"/>
      </symbol>
      <symbol id="sm-259">
         <name>CPUwfi</name>
         <value>0x2000f0ab</value>
         <object_component_ref idref="oc-1a0"/>
      </symbol>
      <symbol id="sm-292">
         <name>GPIODirModeSet</name>
         <value>0x2000e1f7</value>
         <object_component_ref idref="oc-f4"/>
      </symbol>
      <symbol id="sm-293">
         <name>GPIOIntClear</name>
         <value>0x2000ef8b</value>
         <object_component_ref idref="oc-141"/>
      </symbol>
      <symbol id="sm-294">
         <name>GPIOIntDisable</name>
         <value>0x2000ed9d</value>
         <object_component_ref idref="oc-186"/>
      </symbol>
      <symbol id="sm-295">
         <name>GPIOIntEnable</name>
         <value>0x2000ee39</value>
         <object_component_ref idref="oc-ef"/>
      </symbol>
      <symbol id="sm-296">
         <name>GPIOIntStatus</name>
         <value>0x2000e9ed</value>
         <object_component_ref idref="oc-142"/>
      </symbol>
      <symbol id="sm-297">
         <name>GPIOIntTypeSet</name>
         <value>0x2000d101</value>
         <object_component_ref idref="oc-13f"/>
      </symbol>
      <symbol id="sm-298">
         <name>GPIOPinWrite</name>
         <value>0x2000ec11</value>
         <object_component_ref idref="oc-e6"/>
      </symbol>
      <symbol id="sm-2e8">
         <name>IntDisable</name>
         <value>0x2000cec1</value>
         <object_component_ref idref="oc-1be"/>
      </symbol>
      <symbol id="sm-2e9">
         <name>IntEnable</name>
         <value>0x2000cf89</value>
         <object_component_ref idref="oc-182"/>
      </symbol>
      <symbol id="sm-2ea">
         <name>IntMasterDisable</name>
         <value>0x2000f0e7</value>
         <object_component_ref idref="oc-25"/>
      </symbol>
      <symbol id="sm-2eb">
         <name>IntMasterEnable</name>
         <value>0x2000f0f1</value>
         <object_component_ref idref="oc-d3"/>
      </symbol>
      <symbol id="sm-2ec">
         <name>IntPendClear</name>
         <value>0x2000da2d</value>
         <object_component_ref idref="oc-1a5"/>
      </symbol>
      <symbol id="sm-2ed">
         <name>IntPendSet</name>
         <value>0x2000d1ad</value>
         <object_component_ref idref="oc-1ba"/>
      </symbol>
      <symbol id="sm-2ee">
         <name>IntPrioritySet</name>
         <value>0x2000dd19</value>
         <object_component_ref idref="oc-181"/>
      </symbol>
      <symbol id="sm-2ef">
         <name>IntRegister</name>
         <value>0x2000ec55</value>
         <object_component_ref idref="oc-180"/>
      </symbol>
      <symbol id="sm-2f0">
         <name>IntUnregister</name>
         <value>0x2000eb39</value>
         <object_component_ref idref="oc-1bf"/>
      </symbol>
      <symbol id="sm-2f1">
         <name>IntVTableBaseSet</name>
         <value>0x2000eeff</value>
         <object_component_ref idref="oc-42"/>
      </symbol>
      <symbol id="sm-337">
         <name>PinConfigGet</name>
         <value>0x2000e169</value>
         <object_component_ref idref="oc-1b0"/>
      </symbol>
      <symbol id="sm-338">
         <name>PinConfigSet</name>
         <value>0x2000d251</value>
         <object_component_ref idref="oc-f0"/>
      </symbol>
      <symbol id="sm-339">
         <name>PinDirModeGet</name>
         <value>0x2000e7c9</value>
         <object_component_ref idref="oc-1b1"/>
      </symbol>
      <symbol id="sm-33a">
         <name>PinDirModeSet</name>
         <value>0x2000e519</value>
         <object_component_ref idref="oc-1b2"/>
      </symbol>
      <symbol id="sm-33b">
         <name>PinLock</name>
         <value>0x2000e729</value>
         <object_component_ref idref="oc-194"/>
      </symbol>
      <symbol id="sm-33c">
         <name>PinLockLevelSet</name>
         <value>0x2000d7a9</value>
         <object_component_ref idref="oc-192"/>
      </symbol>
      <symbol id="sm-33d">
         <name>PinModeGet</name>
         <value>0x2000e7fd</value>
         <object_component_ref idref="oc-b2"/>
      </symbol>
      <symbol id="sm-33e">
         <name>PinModeSet</name>
         <value>0x2000e391</value>
         <object_component_ref idref="oc-b7"/>
      </symbol>
      <symbol id="sm-33f">
         <name>PinToPadGet</name>
         <value>0x2000ee05</value>
         <object_component_ref idref="oc-193"/>
      </symbol>
      <symbol id="sm-340">
         <name>PinUnlock</name>
         <value>0x2000ec33</value>
         <object_component_ref idref="oc-19a"/>
      </symbol>
      <symbol id="sm-3f2">
         <name>PRCMCC3200MCUInit</name>
         <value>0x2000c041</value>
         <object_component_ref idref="oc-7b"/>
      </symbol>
      <symbol id="sm-3f3">
         <name>PRCMHIBRegRead</name>
         <value>0x2000edb7</value>
         <object_component_ref idref="oc-ae"/>
      </symbol>
      <symbol id="sm-3f4">
         <name>PRCMHIBRegWrite</name>
         <value>0x2000edd1</value>
         <object_component_ref idref="oc-ad"/>
      </symbol>
      <symbol id="sm-3f5">
         <name>PRCMHibernateWakeUpGPIOSelect</name>
         <value>0x2000d735</value>
         <object_component_ref idref="oc-103"/>
      </symbol>
      <symbol id="sm-3f6">
         <name>PRCMHibernateWakeupSourceDisable</name>
         <value>0x2000db51</value>
         <object_component_ref idref="oc-105"/>
      </symbol>
      <symbol id="sm-3f7">
         <name>PRCMHibernateWakeupSourceEnable</name>
         <value>0x2000dec1</value>
         <object_component_ref idref="oc-104"/>
      </symbol>
      <symbol id="sm-3f8">
         <name>PRCMIntEnable</name>
         <value>0x2000e0d9</value>
         <object_component_ref idref="oc-199"/>
      </symbol>
      <symbol id="sm-3f9">
         <name>PRCMLPDSEnter</name>
         <value>0x2000dd71</value>
         <object_component_ref idref="oc-19f"/>
      </symbol>
      <symbol id="sm-3fa">
         <name>PRCMLPDSEnterKeepDebugIf</name>
         <value>0x2000e1b1</value>
         <object_component_ref idref="oc-19e"/>
      </symbol>
      <symbol id="sm-3fb">
         <name>PRCMLPDSIntervalSet</name>
         <value>0x2000e8fd</value>
         <object_component_ref idref="oc-156"/>
      </symbol>
      <symbol id="sm-3fc">
         <name>PRCMLPDSRestoreInfoSet</name>
         <value>0x2000dfad</value>
         <object_component_ref idref="oc-1b3"/>
      </symbol>
      <symbol id="sm-3fd">
         <name>PRCMLPDSWakeUpGPIOSelect</name>
         <value>0x2000ea45</value>
         <object_component_ref idref="oc-102"/>
      </symbol>
      <symbol id="sm-3fe">
         <name>PRCMLPDSWakeupCauseGet</name>
         <value>0x2000f0b7</value>
         <object_component_ref idref="oc-19c"/>
      </symbol>
      <symbol id="sm-3ff">
         <name>PRCMLPDSWakeupSourceDisable</name>
         <value>0x2000edeb</value>
         <object_component_ref idref="oc-101"/>
      </symbol>
      <symbol id="sm-400">
         <name>PRCMLPDSWakeupSourceEnable</name>
         <value>0x2000eb81</value>
         <object_component_ref idref="oc-100"/>
      </symbol>
      <symbol id="sm-401">
         <name>PRCMPeripheralClkDisable</name>
         <value>0x2000ea6f</value>
         <object_component_ref idref="oc-b1"/>
      </symbol>
      <symbol id="sm-402">
         <name>PRCMPeripheralClkEnable</name>
         <value>0x2000dc65</value>
         <object_component_ref idref="oc-af"/>
      </symbol>
      <symbol id="sm-403">
         <name>PRCMPeripheralReset</name>
         <value>0x2000d959</value>
         <object_component_ref idref="oc-b0"/>
      </symbol>
      <symbol id="sm-404">
         <name>PRCMPeripheralStatusGet</name>
         <value>0x2000e121</value>
         <object_component_ref idref="oc-13c"/>
      </symbol>
      <symbol id="sm-405">
         <name>PRCMSRAMRetentionEnable</name>
         <value>0x2000eac1</value>
         <object_component_ref idref="oc-190"/>
      </symbol>
      <symbol id="sm-406">
         <name>PRCMSleepEnter</name>
         <value>0x2000f10b</value>
         <object_component_ref idref="oc-15c"/>
      </symbol>
      <symbol id="sm-407">
         <name>PRCMSlowClkCtrFastGet</name>
         <value>0x2000e92d</value>
         <object_component_ref idref="oc-18b"/>
      </symbol>
      <symbol id="sm-408">
         <name>PRCMSysResetCauseGet</name>
         <value>0x2000d4b9</value>
         <object_component_ref idref="oc-a8"/>
      </symbol>
      <symbol id="sm-426">
         <name>SysTickEnable</name>
         <value>0x2000efc1</value>
         <object_component_ref idref="oc-15a"/>
      </symbol>
      <symbol id="sm-427">
         <name>SysTickIntDisable</name>
         <value>0x2000efd3</value>
         <object_component_ref idref="oc-151"/>
      </symbol>
      <symbol id="sm-428">
         <name>SysTickIntEnable</name>
         <value>0x2000efe5</value>
         <object_component_ref idref="oc-15b"/>
      </symbol>
      <symbol id="sm-429">
         <name>SysTickPeriodSet</name>
         <value>0x2000ee97</value>
         <object_component_ref idref="oc-159"/>
      </symbol>
      <symbol id="sm-468">
         <name>TimerControlStall</name>
         <value>0x2000e3d3</value>
         <object_component_ref idref="oc-176"/>
      </symbol>
      <symbol id="sm-469">
         <name>TimerDisable</name>
         <value>0x2000ecd5</value>
         <object_component_ref idref="oc-16f"/>
      </symbol>
      <symbol id="sm-46a">
         <name>TimerEnable</name>
         <value>0x2000ee1f</value>
         <object_component_ref idref="oc-17c"/>
      </symbol>
      <symbol id="sm-46b">
         <name>TimerIntClear</name>
         <value>0x2000f06d</value>
         <object_component_ref idref="oc-179"/>
      </symbol>
      <symbol id="sm-46c">
         <name>TimerIntDisable</name>
         <value>0x2000eead</value>
         <object_component_ref idref="oc-1bb"/>
      </symbol>
      <symbol id="sm-46d">
         <name>TimerIntEnable</name>
         <value>0x2000ef51</value>
         <object_component_ref idref="oc-17a"/>
      </symbol>
      <symbol id="sm-46e">
         <name>TimerLoadSet</name>
         <value>0x2000e95d</value>
         <object_component_ref idref="oc-175"/>
      </symbol>
      <symbol id="sm-46f">
         <name>TimerPrescaleSet</name>
         <value>0x2000e98d</value>
         <object_component_ref idref="oc-174"/>
      </symbol>
      <symbol id="sm-47a">
         <name>UtilsDelay</name>
         <value>0x2000f113</value>
         <object_component_ref idref="oc-a9"/>
      </symbol>
      <symbol id="sm-4a7">
         <name>FlashDisable</name>
         <value>0x2000daf5</value>
         <object_component_ref idref="oc-1b5"/>
      </symbol>
      <symbol id="sm-4c1">
         <name>_sys_memory</name>
         <value>0x20004040</value>
         <object_component_ref idref="oc-20"/>
      </symbol>
      <symbol id="sm-4c2">
         <name>aligned_alloc</name>
         <value>0x2000ccb5</value>
         <object_component_ref idref="oc-17f"/>
      </symbol>
      <symbol id="sm-4c3">
         <name>free</name>
         <value>0x2000cdc9</value>
         <object_component_ref idref="oc-112"/>
      </symbol>
      <symbol id="sm-4c4">
         <name>malloc</name>
         <value>0x2000f11b</value>
         <object_component_ref idref="oc-13d"/>
      </symbol>
      <symbol id="sm-4c5">
         <name>memalign</name>
         <value>0x2000ccb5</value>
         <object_component_ref idref="oc-17f"/>
      </symbol>
      <symbol id="sm-4ca">
         <name>__stack</name>
         <value>0x20003000</value>
         <object_component_ref idref="oc-21"/>
      </symbol>
      <symbol id="sm-4cb">
         <name>_c_int00_noargs</name>
         <value>0x2000ebed</value>
         <object_component_ref idref="oc-44"/>
      </symbol>
      <symbol id="sm-4d1">
         <name>__TI_auto_init_nobinit_nopinit</name>
         <value>0x2000e5d1</value>
         <object_component_ref idref="oc-73"/>
      </symbol>
      <symbol id="sm-4d5">
         <name>_system_pre_init</name>
         <value>0x2000f13b</value>
         <object_component_ref idref="oc-54"/>
      </symbol>
      <symbol id="sm-4da">
         <name>__TI_zero_init_nomemset</name>
         <value>0x2000f009</value>
         <object_component_ref idref="oc-23"/>
      </symbol>
      <symbol id="sm-4de">
         <name>__TI_decompress_none</name>
         <value>0x2000f09d</value>
         <object_component_ref idref="oc-17"/>
      </symbol>
      <symbol id="sm-4e2">
         <name>__TI_decompress_lzss</name>
         <value>0x2000d9c3</value>
         <object_component_ref idref="oc-16"/>
      </symbol>
      <symbol id="sm-4e6">
         <name>C$$EXIT</name>
         <value>0x2000f13e</value>
         <object_component_ref idref="oc-71"/>
      </symbol>
      <symbol id="sm-4e7">
         <name>abort</name>
         <value>0x2000f13f</value>
         <object_component_ref idref="oc-71"/>
      </symbol>
      <symbol id="sm-4eb">
         <name>_lock</name>
         <value>0x2000f800</value>
         <object_component_ref idref="oc-a4"/>
      </symbol>
      <symbol id="sm-4ec">
         <name>_nop</name>
         <value>0x2000e08f</value>
         <object_component_ref idref="oc-f9"/>
      </symbol>
      <symbol id="sm-4ed">
         <name>_unlock</name>
         <value>0x2000f804</value>
         <object_component_ref idref="oc-a6"/>
      </symbol>
      <symbol id="sm-4f0">
         <name>__aeabi_memcpy</name>
         <value>0x2000f145</value>
         <object_component_ref idref="oc-22"/>
      </symbol>
      <symbol id="sm-4f1">
         <name>__aeabi_memcpy4</name>
         <value>0x2000f145</value>
         <object_component_ref idref="oc-22"/>
      </symbol>
      <symbol id="sm-4f2">
         <name>__aeabi_memcpy8</name>
         <value>0x2000f145</value>
         <object_component_ref idref="oc-22"/>
      </symbol>
      <symbol id="sm-4f4">
         <name>__aeabi_uldivmod</name>
         <value>0x2000ef65</value>
         <object_component_ref idref="oc-150"/>
      </symbol>
      <symbol id="sm-4f6">
         <name>__udivmoddi4</name>
         <value>0x2000d051</value>
         <object_component_ref idref="oc-18c"/>
      </symbol>
      <symbol id="sm-4fa">
         <name>__aeabi_ldiv0</name>
         <value>0x2000ddc7</value>
         <object_component_ref idref="oc-1af"/>
      </symbol>
      <symbol id="sm-4fd">
         <name>TI_memcpy_small</name>
         <value>0x2000eff7</value>
         <object_component_ref idref="oc-4f"/>
      </symbol>
      <symbol id="sm-4fe">
         <name>__TI_static_base__</name>
         <value>0x2000feb0</value>
      </symbol>
      <symbol id="sm-501">
         <name>ITM_flush</name>
         <value>0x0</value>
      </symbol>
      <symbol id="sm-502">
         <name>ITM_restore</name>
         <value>0x0</value>
      </symbol>
      <symbol id="sm-503">
         <name>__mpu_init</name>
         <value>0x0</value>
      </symbol>
      <symbol id="sm-504">
         <name>_system_post_cinit</name>
         <value>0x0</value>
      </symbol>
   </symbol_table>
   <title>Link successful</title>
</link_info>
