******************************************************************************
            TI ARM Clang Linker PC v1.3.0                      
******************************************************************************
>> Linked Thu Aug  1 20:28:47 2024

OUTPUT FILE NAME:   <gpiointerrupt_CC3220S_LAUNCHXL_nortos_ticlang.out>
ENTRY POINT SYMBOL: "resetISR"  address: 2000ed81


MEMORY CONFIGURATION

         name            origin    length      used     unused   attr    fill
----------------------  --------  ---------  --------  --------  ----  --------
  SRAM2                 20000000   00004000  0000130c  00002cf4  RW X
  SRAM                  20004000   0003c000  0000bfc0  00030040  RW X
  LOG_DATA              90000000   00040000  00000000  00040000  R   
  LOG_PTR               94000008   00040000  00000000  00040000  R   


SEGMENT ALLOCATION MAP

run origin  load origin   length   init length attrs members
----------  ----------- ---------- ----------- ----- -------
20003000    20003000    00001000   00000000    rw-
  20003000    20003000    00001000   00000000    rw- .stack
20004000    20004000    00000040   00000040    r--
  20004000    20004000    00000040   00000040    r-- .resetVecs
20004040    20004040    00008000   00000000    rw-
  20004040    20004040    00008000   00000000    rw- .sysmem
2000c040    2000c040    00003108   00003108    r-x
  2000c040    2000c040    00003108   00003108    r-x .text
2000f148    2000f148    000006c5   00000000    rw-
  2000f148    2000f148    000006c5   00000000    rw- .data
2000f810    2000f810    000003c4   000003c4    r--
  2000f810    2000f810    000003c4   000003c4    r-- .rodata
2000fbd8    2000fbd8    000002d7   00000000    rw-
  2000fbd8    2000fbd8    000002d7   00000000    rw- .bss
2000feb0    2000feb0    00000118   00000118    r--
  2000feb0    2000feb0    00000118   00000118    r-- .cinit


SECTION ALLOCATION MAP

 output                                  attributes/
section   page    origin      length       input sections
--------  ----  ----------  ----------   ----------------
.text      0    2000c040    00003108     
                  2000c040    000004b8     driverlib.a : prcm.obj (.text.PRCMCC3200MCUInit)
                  2000c4f8    000003e4     drivers_cc32xx.a : PowerCC32XX.c.obj (.text.Power_sleep)
                  2000c8dc    00000150     nortos_cc32xx.a : PowerCC32XX_nortos.c.obj (.text.PowerCC32XX_sleepPolicy)
                  2000ca2c    00000148     drivers_cc32xx.a : TimerCC32XX.c.obj (.text.Timer_open)
                  2000cb74    00000140                      : GPIOCC32XX.c.obj (.text.GPIO_setConfig)
                  2000ccb4    00000114     libc.a : memory.c.obj (.text.aligned_alloc)
                  2000cdc8    000000f8            : memory.c.obj (.text.free)
                  2000cec0    000000c8     driverlib.a : interrupt.obj (.text.IntDisable)
                  2000cf88    000000c8                 : interrupt.obj (.text.IntEnable)
                  2000d050    000000b0     libclang_rt.builtins.a : udivmoddi4.S.obj (.text)
                  2000d100    000000ac     driverlib.a : gpio.obj (.text.GPIOIntTypeSet)
                  2000d1ac    000000a4                 : interrupt.obj (.text.IntPendSet)
                  2000d250    000000a2                 : pin.obj (.text.PinConfigSet)
                  2000d2f2    00000002     ti_drivers_config.o (.text.Board_initHook)
                  2000d2f4    00000098     nortos_cc32xx.a : SemaphoreP_nortos.c.obj (.text.SemaphoreP_pend)
                  2000d38c    00000004                     : ClockPSysTick_nortos.c.obj (.text.ClockP_doTick)
                  2000d390    00000096     drivers_cc32xx.a : PowerCC32XX_ticlang.asm.obj (.text)
                  2000d426    00000002     nortos_cc32xx.a : PowerCC32XX_nortos.c.obj (.text.PowerCC32XX_initPolicy)
                  2000d428    00000090     drivers_cc32xx.a : GPIOCC32XX.c.obj (.text.GPIO_init)
                  2000d4b8    0000008e     driverlib.a : prcm.obj (.text.PRCMSysResetCauseGet)
                  2000d546    00000002     nortos_cc32xx.a : SemaphoreP_nortos.c.obj (.text.SemaphoreP_destruct)
                  2000d548    00000088     drivers_cc32xx.a : PowerCC32XX.c.obj (.text.PowerCC32XX_configureWakeup)
                  2000d5d0    00000078                      : PowerCC32XX.c.obj (.text.Power_init)
                  2000d648    00000078     gpiointerrupt.o (.text.mainThread)
                  2000d6c0    00000074     nortos_cc32xx.a : HwiPCC32XX_nortos.c.obj (.text.HwiP_construct)
                  2000d734    00000074     driverlib.a : prcm.obj (.text.PRCMHibernateWakeUpGPIOSelect)
                  2000d7a8    0000006c                 : pin.obj (.text.PinLockLevelSet)
                  2000d814    0000006c     drivers_cc32xx.a : PowerCC32XX.c.obj (.text.Power_setDependency)
                  2000d880    0000006c                      : GPIOCC32XX.c.obj (.text.powerNotifyFxn)
                  2000d8ec    0000006c     libc.a : memory.c.obj (.text.split)
                  2000d958    0000006a     driverlib.a : prcm.obj (.text.PRCMPeripheralReset)
                  2000d9c2    0000006a     libc.a : copy_decompress_lzss.c.obj (.text:decompress:lzss)
                  2000da2c    00000068     driverlib.a : interrupt.obj (.text.IntPendClear)
                  2000da94    00000060     drivers_cc32xx.a : GPIOCC32XX.c.obj (.text.GPIO_write)
                  2000daf4    0000005c     driverlib.a : flash.obj (.text.FlashDisable)
                  2000db50    0000005c                 : prcm.obj (.text.PRCMHibernateWakeupSourceDisable)
                  2000dbac    0000005c     drivers_cc32xx.a : TimerCC32XX.c.obj (.text.TimerCC32XX_allocateTimerResource)
                  2000dc08    0000005c     gpiointerrupt.o (.text.timerCallback)
                  2000dc64    0000005a     driverlib.a : prcm.obj (.text.PRCMPeripheralClkEnable)
                  2000dcbe    00000002     drivers_cc32xx.a : Timer.c.obj (.text.Timer_init)
                  2000dcc0    00000058     nortos_cc32xx.a : ClockPSysTick_nortos.c.obj (.text.ClockP_startup)
                  2000dd18    00000058     driverlib.a : interrupt.obj (.text.IntPrioritySet)
                  2000dd70    00000056                 : prcm.obj (.text.PRCMLPDSEnter)
                  2000ddc6    00000002     libclang_rt.builtins.a : aeabi_div0.c.obj (.text.__aeabi_ldiv0)
                  2000ddc8    00000054     drivers_cc32xx.a : PowerCC32XX.c.obj (.text.PowerCC32XX_setParkState)
                  2000de1c    00000054                      : PowerCC32XX.c.obj (.text.Power_releaseDependency)
                  2000de70    00000050                      : GPIOCC32XX.c.obj (.text.GPIO_hwiIntFxn)
                  2000dec0    00000050     driverlib.a : prcm.obj (.text.PRCMHibernateWakeupSourceEnable)
                  2000df10    00000050     nortos_cc32xx.a : SemaphoreP_nortos.c.obj (.text.SemaphoreP_construct)
                  2000df60    0000004c     drivers_cc32xx.a : GPIOCC32XX.c.obj (.text.GPIO_setInterruptConfig)
                  2000dfac    0000004c     driverlib.a : prcm.obj (.text.PRCMLPDSRestoreInfoSet)
                  2000dff8    0000004c     drivers_cc32xx.a : TimerCC32XX.c.obj (.text.initHw)
                  2000e044    0000004a                      : TimerCC32XX.c.obj (.text.getPrescaler)
                  2000e08e    00000002     libc.a : _lock.c.obj (.text._nop)
                  2000e090    00000048     nortos_cc32xx.a : ClockPSysTick_nortos.c.obj (.text.ClockP_sysTickHandler)
                  2000e0d8    00000048     driverlib.a : prcm.obj (.text.PRCMIntEnable)
                  2000e120    00000048                 : prcm.obj (.text.PRCMPeripheralStatusGet)
                  2000e168    00000048                 : pin.obj (.text.PinConfigGet)
                  2000e1b0    00000046                 : prcm.obj (.text.PRCMLPDSEnterKeepDebugIf)
                  2000e1f6    00000044                 : gpio.obj (.text.GPIODirModeSet)
                  2000e23a    00000002     nortos_cc32xx.a : startup_cc32xx_ticlang.c.obj (.text.busFaultHandler)
                  2000e23c    00000044     drivers_cc32xx.a : GPIOCC32XX.c.obj (.text.GPIO_disableInt)
                  2000e280    00000044                      : GPIOCC32XX.c.obj (.text.GPIO_enableInt)
                  2000e2c4    00000044                      : PowerCC32XX.c.obj (.text.Power_releaseConstraint)
                  2000e308    00000044                      : Timer.c.obj (.text.Timer_start)
                  2000e34c    00000044     nortos_cc32xx.a : ClockPSysTick_nortos.c.obj (.text.addToList)
                  2000e390    00000042     driverlib.a : pin.obj (.text.PinModeSet)
                  2000e3d2    00000042                 : timer.obj (.text.TimerControlStall)
                  2000e414    00000042     drivers_cc32xx.a : TimerCC32XX.c.obj (.text.Timer_close)
                  2000e456    00000042     nortos_cc32xx.a : PowerCC32XX_nortos.c.obj (.text.getCountsRTC)
                  2000e498    00000040                     : SemaphoreP_nortos.c.obj (.text.SemaphoreP_post)
                  2000e4d8    00000040     drivers_cc32xx.a : Timer.c.obj (.text.Timer_stop)
                  2000e518    0000003e     driverlib.a : pin.obj (.text.PinDirModeSet)
                  2000e556    00000002     nortos_cc32xx.a : SemaphoreP_nortos.c.obj (.text.clkFxn)
                  2000e558    0000003c                     : ClockPSysTick_nortos.c.obj (.text.ClockP_stop)
                  2000e594    0000003c     gpiointerrupt.o (.text.initTimer)
                  2000e5d0    0000003c     libc.a : autoinit.c.obj (.text:__TI_auto_init_nobinit_nopinit)
                  2000e60c    0000003a     drivers_cc32xx.a : TimerCC32XX.c.obj (.text.TimerSupport_timerEnable)
                  2000e646    00000002     nortos_cc32xx.a : startup_cc32xx_ticlang.c.obj (.text.defaultHandler)
                  2000e648    00000038                     : ClockPSysTick_nortos.c.obj (.text.ClockP_destruct)
                  2000e680    00000038     drivers_cc32xx.a : PowerCC32XX.c.obj (.text.Power_setConstraint)
                  2000e6b8    00000038     nortos_cc32xx.a : SwiP_nortos.c.obj (.text.SwiP_restore)
                  2000e6f0    00000038     gpiointerrupt.o (.text.setMorseLEDs)
                  2000e728    00000036     driverlib.a : pin.obj (.text.PinLock)
                  2000e75e    00000036     drivers_cc32xx.a : TimerCC32XX.c.obj (.text.TimerCC32XX_hwiIntFunction)
                  2000e794    00000034     nortos_cc32xx.a : ClockPSysTick_nortos.c.obj (.text.ClockP_start)
                  2000e7c8    00000034     driverlib.a : pin.obj (.text.PinDirModeGet)
                  2000e7fc    00000034                 : pin.obj (.text.PinModeGet)
                  2000e830    00000034     drivers_cc32xx.a : PowerCC32XX.c.obj (.text.PowerCC32XX_parkPin)
                  2000e864    00000034                      : TimerCC32XX.c.obj (.text.TimerCC32XX_freeTimerResource)
                  2000e898    00000034     nortos_cc32xx.a : startup_cc32xx_ticlang.c.obj (.text.initVectors)
                  2000e8cc    00000030                     : ClockPSysTick_nortos.c.obj (.text.ClockP_getTicksUntilInterrupt)
                  2000e8fc    00000030     driverlib.a : prcm.obj (.text.PRCMLPDSIntervalSet)
                  2000e92c    00000030                 : prcm.obj (.text.PRCMSlowClkCtrFastGet)
                  2000e95c    00000030                 : timer.obj (.text.TimerLoadSet)
                  2000e98c    00000030                 : timer.obj (.text.TimerPrescaleSet)
                  2000e9bc    00000030     drivers_cc32xx.a : PowerCC32XX.c.obj (.text.notify)
                  2000e9ec    0000002e     driverlib.a : gpio.obj (.text.GPIOIntStatus)
                  2000ea1a    0000002a     nortos_cc32xx.a : HwiPCC32XX_nortos.c.obj (.text.HwiP_create)
                  2000ea44    0000002a     driverlib.a : prcm.obj (.text.PRCMLPDSWakeUpGPIOSelect)
                  2000ea6e    0000002a                 : prcm.obj (.text.PRCMPeripheralClkDisable)
                  2000ea98    00000028     drivers_cc32xx.a : List.c.obj (.text.List_remove)
                  2000eac0    00000028     driverlib.a : prcm.obj (.text.PRCMSRAMRetentionEnable)
                  2000eae8    00000028     drivers_cc32xx.a : TimerCC32XX.c.obj (.text.TimerSupport_timerDisable)
                  2000eb10    00000028     libc.a : memory.c.obj (.text.free_list_insert)
                  2000eb38    00000024     driverlib.a : interrupt.obj (.text.IntUnregister)
                  2000eb5c    00000024     drivers_cc32xx.a : List.c.obj (.text.List_put)
                  2000eb80    00000024     driverlib.a : prcm.obj (.text.PRCMLPDSWakeupSourceEnable)
                  2000eba4    00000024     drivers_cc32xx.a : PowerCC32XX.c.obj (.text.PowerCC32XX_restoreParkedPin)
                  2000ebc8    00000024                      : PowerCC32XX.c.obj (.text.Power_registerNotify)
                  2000ebec    00000024     libc.a : boot_cortex_m.c.obj (.text:_c_int00_noargs)
                  2000ec10    00000022     driverlib.a : gpio.obj (.text.GPIOPinWrite)
                  2000ec32    00000022                 : pin.obj (.text.PinUnlock)
                  2000ec54    00000020                 : interrupt.obj (.text.IntRegister)
                  2000ec74    00000020     drivers_cc32xx.a : PowerCC32XX.c.obj (.text.Power_unregisterNotify)
                  2000ec94    00000020     nortos_cc32xx.a : SemaphoreP_nortos.c.obj (.text.SemaphoreP_constructBinary)
                  2000ecb4    00000020                     : SemaphoreP_nortos.c.obj (.text.SemaphoreP_createBinary)
                  2000ecd4    00000020     driverlib.a : timer.obj (.text.TimerDisable)
                  2000ecf4    0000001c     drivers_cc32xx.a : GPIO.c.obj (.text.GPIO_setCallback)
                  2000ed10    0000001c     nortos_cc32xx.a : HwiPCC32XX_nortos.c.obj (.text.HwiP_dispatch)
                  2000ed2c    0000001c                     : SwiP_nortos.c.obj (.text.SwiP_disable)
                  2000ed48    0000001c     libc.a : memory.c.obj (.text.free_list_remove)
                  2000ed64    0000001c     drivers_cc32xx.a : TimerCC32XX.c.obj (.text.getPowerMgrId)
                  2000ed80    0000001c     nortos_cc32xx.a : startup_cc32xx_ticlang.c.obj (.text.resetISR)
                  2000ed9c    0000001a     driverlib.a : gpio.obj (.text.GPIOIntDisable)
                  2000edb6    0000001a                 : prcm.obj (.text.PRCMHIBRegRead)
                  2000edd0    0000001a                 : prcm.obj (.text.PRCMHIBRegWrite)
                  2000edea    0000001a                 : prcm.obj (.text.PRCMLPDSWakeupSourceDisable)
                  2000ee04    0000001a                 : pin.obj (.text.PinToPadGet)
                  2000ee1e    0000001a                 : timer.obj (.text.TimerEnable)
                  2000ee38    00000018                 : gpio.obj (.text.GPIOIntEnable)
                  2000ee50    00000018     nortos_cc32xx.a : SemaphoreP_nortos.c.obj (.text.SemaphoreP_create)
                  2000ee68    00000018     gpiointerrupt.o (.text.gpioButtonCallback)
                  2000ee80    00000016     ti_drivers_config.o (.text.Board_init)
                  2000ee96    00000016     driverlib.a : systick.obj (.text.SysTickPeriodSet)
                  2000eeac    00000016                 : timer.obj (.text.TimerIntDisable)
                  2000eec2    00000014                 : cpu.obj (.text.CPUcpsid)
                  2000eed6    00000014                 : cpu.obj (.text.CPUcpsie)
                  2000eeea    00000014     nortos_cc32xx.a : HwiPCC32XX_nortos.c.obj (.text.HwiP_destruct)
                  2000eefe    00000014     driverlib.a : interrupt.obj (.text.IntVTableBaseSet)
                  2000ef12    00000002     nortos_cc32xx.a : startup_cc32xx_ticlang.c.obj (.text.faultISR)
                  2000ef14    00000014     drivers_cc32xx.a : PowerCC32XX.c.obj (.text.Power_disablePolicy)
                  2000ef28    00000014                      : PowerCC32XX.c.obj (.text.Power_getTransitionLatency)
                  2000ef3c    00000014                      : PowerCC32XX.c.obj (.text.Power_idleFunc)
                  2000ef50    00000014     driverlib.a : timer.obj (.text.TimerIntEnable)
                  2000ef64    00000014     libclang_rt.builtins.a : aeabi_uldivmod.S.obj (.text)
                  2000ef78    00000012     nortos_cc32xx.a : ClockPSysTick_nortos.c.obj (.text.ClockP_add)
                  2000ef8a    00000012     driverlib.a : gpio.obj (.text.GPIOIntClear)
                  2000ef9c    00000012     nortos_cc32xx.a : HwiPCC32XX_nortos.c.obj (.text.HwiP_Params_init)
                  2000efae    00000012                     : HwiPCC32XX_nortos.c.obj (.text.HwiP_delete)
                  2000efc0    00000012     driverlib.a : systick.obj (.text.SysTickEnable)
                  2000efd2    00000012                 : systick.obj (.text.SysTickIntDisable)
                  2000efe4    00000012                 : systick.obj (.text.SysTickIntEnable)
                  2000eff6    00000012     libc.a : memcpy_t2.S.obj (.text:TI_memcpy_small)
                  2000f008    00000012            : copy_zero_init.c.obj (.text:decompress:ZI:__TI_zero_init_nomemset)
                  2000f01a    00000002     nortos_cc32xx.a : startup_cc32xx_ticlang.c.obj (.text.nmiISR)
                  2000f01c    00000010                     : ClockPSysTick_nortos.c.obj (.text.ClockP_getCpuFreq)
                  2000f02c    00000010                     : ClockPSysTick_nortos.c.obj (.text.ClockP_getSystemTicks)
                  2000f03c    00000010                     : ClockPSysTick_nortos.c.obj (.text.ClockP_setTicks)
                  2000f04c    00000010                     : HwiPCC32XX_nortos.c.obj (.text.HwiP_inISR)
                  2000f05c    00000010     drivers_cc32xx.a : PowerCC32XX.c.obj (.text.Power_enablePolicy)
                  2000f06c    00000010     driverlib.a : timer.obj (.text.TimerIntClear)
                  2000f07c    00000010     drivers_cc32xx.a : Timer.c.obj (.text.Timer_Params_init)
                  2000f08c    00000010     main_nortos.o (.text.main)
                  2000f09c    0000000e     libc.a : copy_decompress_none.c.obj (.text:decompress:none)
                  2000f0aa    0000000c     driverlib.a : cpu.obj (.text.CPUwfi)
                  2000f0b6    0000000c                 : prcm.obj (.text.PRCMLPDSWakeupCauseGet)
                  2000f0c2    00000002     --HOLE-- [fill = 0]
                  2000f0c4    0000000c     drivers_cc32xx.a : PowerCC32XX.c.obj (.text.Power_getConstraintMask)
                  2000f0d0    0000000c                      : TimerCC32XX.c.obj (.text.postNotifyFxn)
                  2000f0dc    0000000a     nortos_cc32xx.a : ClockPSysTick_nortos.c.obj (.text.ClockP_isActive)
                  2000f0e6    0000000a     driverlib.a : interrupt.obj (.text.IntMasterDisable)
                  2000f0f0    0000000a                 : interrupt.obj (.text.IntMasterEnable)
                  2000f0fa    00000008     nortos_cc32xx.a : HwiPCC32XX_nortos.c.obj (.text.HwiP_disable)
                  2000f102    00000008                     : HwiPCC32XX_nortos.c.obj (.text.HwiP_restore)
                  2000f10a    00000008     driverlib.a : prcm.obj (.text.PRCMSleepEnter)
                  2000f112    00000008                 : utils.obj (.text.UtilsDelay)
                  2000f11a    00000008     libc.a : memory.c.obj (.text.malloc)
                  2000f122    00000004     nortos_cc32xx.a : HwiPCC32XX_nortos.c.obj (.text.HwiP_clearInterrupt)
                  2000f126    00000004                     : HwiPCC32XX_nortos.c.obj (.text.HwiP_enable)
                  2000f12a    00000004                     : HwiPCC32XX_nortos.c.obj (.text.HwiP_post)
                  2000f12e    00000004     driverlib.a : interrupt.obj (.text.IntDefaultHandler)
                  2000f132    00000004     nortos_cc32xx.a : NoRTOS.c.obj (.text.NoRTOS_start)
                  2000f136    00000004                     : SemaphoreP_nortos.c.obj (.text.SemaphoreP_delete)
                  2000f13a    00000004     libc.a : pre_init.c.obj (.text._system_pre_init)
                  2000f13e    00000004            : exit.c.obj (.text:abort)
                  2000f142    00000002     --HOLE-- [fill = 0]
                  2000f144    00000004     libclang_rt.builtins.a : aeabi_memcpy.S.obj (.text)

.ramVecs   0    20000000    0000030c     NOLOAD SECTION
                  20000000    0000030c     nortos_cc32xx.a : startup_cc32xx_ticlang.c.obj (.ramVecs)

.stack     0    20003000    00001000     UNINITIALIZED
                  20003000    00000004     libc.a : boot_cortex_m.c.obj (.stack)
                  20003004    00000ffc     --HOLE--

.resetVecs 
*          0    20004000    00000040     
                  20004000    00000040     nortos_cc32xx.a : startup_cc32xx_ticlang.c.obj (.resetVecs)

.sysmem    0    20004040    00008000     UNINITIALIZED
                  20004040    00000010     libc.a : memory.c.obj (.sysmem)
                  20004050    00007ff0     --HOLE--

.rodata    0    2000f810    000003c4     
                  2000f810    00000100     driverlib.a : pin.obj (.rodata.g_ulPinToPadMap)
                  2000f910    000000d4                 : interrupt.obj (.rodata.g_pulRegs)
                  2000f9e4    000000a8                 : prcm.obj (.rodata.PRCM_PeriphRegsList)
                  2000fa8c    00000044     ti_drivers_config.o (.rodata.PowerCC32XX_config)
                  2000fad0    00000028     drivers_cc32xx.a : GPIOCC32XX.c.obj (.rodata.portConfigs)
                  2000faf8    00000021                      : GPIOCC32XX.c.obj (.rodata.pinTable)
                  2000fb19    00000001     ti_drivers_config.o (.rodata.GPIO_pinUpperBound)
                  2000fb1a    00000001     ti_drivers_config.o (.rodata.Timer_count)
                  2000fb1b    00000001     --HOLE-- [fill = 0]
                  2000fb1c    00000018     driverlib.a : interrupt.obj (.rodata.g_pulDisRegs)
                  2000fb34    00000018                 : interrupt.obj (.rodata.g_pulEnRegs)
                  2000fb4c    00000018                 : interrupt.obj (.rodata.g_pulPendRegs)
                  2000fb64    00000018                 : interrupt.obj (.rodata.g_pulUnpendRegs)
                  2000fb7c    00000010     ti_drivers_config.o (.rodata.GPIO_config)
                  2000fb8c    00000010     ti_drivers_config.o (.rodata.timerCC32XXHWAttrs)
                  2000fb9c    0000000c     gpiointerrupt.o (.rodata..Lswitch.table.setMorseLEDs.1)
                  2000fba8    0000000c     gpiointerrupt.o (.rodata..Lswitch.table.setMorseLEDs)
                  2000fbb4    0000000c     drivers_cc32xx.a : Timer.c.obj (.rodata.defaultParams)
                  2000fbc0    0000000c                      : TimerCC32XX.c.obj (.rodata.defaultParams)
                  2000fbcc    00000008     ti_drivers_config.o (.rodata.Timer_config)

.cinit     0    2000feb0    00000118     
                  2000feb0    000000f2     (.cinit..data.load) [load image, compression = lzss]
                  2000ffa2    00000002     --HOLE-- [fill = 0]
                  2000ffa4    0000000c     (__TI_handler_table)
                  2000ffb0    00000008     (.cinit..bss.load) [load image, compression = zero_init]
                  2000ffb8    00000010     (__TI_cinit_table)

.init_array 
*          0    20004000    00000000     UNINITIALIZED

.data      0    2000f148    000006c5     UNINITIALIZED
                  2000f148    0000030c     nortos_cc32xx.a : HwiPCC32XX_nortos.c.obj (.data.HwiP_dispatchTable)
                  2000f454    0000016c     drivers_cc32xx.a : PowerCC32XX.c.obj (.data.PowerCC32XX_module)
                  2000f5c0    000000f8     ti_drivers_config.o (.data.parkInfo)
                  2000f6b8    00000084     ti_drivers_config.o (.data.gpioPinConfigs)
                  2000f73c    0000004c     nortos_cc32xx.a : SwiP_nortos.c.obj (.data..L_MergedGlobals)
                  2000f788    00000044     gpiointerrupt.o (.data..L_MergedGlobals)
                  2000f7cc    00000018     drivers_cc32xx.a : GPIOCC32XX.c.obj (.data..L_MergedGlobals)
                  2000f7e4    00000004     nortos_cc32xx.a : HwiPCC32XX_nortos.c.obj (.data.HwiP_swiPIntNum)
                  2000f7e8    00000010                     : SemaphoreP_nortos.c.obj (.data..L_MergedGlobals)
                  2000f7f8    00000008                     : ClockPSysTick_nortos.c.obj (.data..L_MergedGlobals)
                  2000f800    00000004     libc.a : _lock.c.obj (.data._lock)
                  2000f804    00000004            : _lock.c.obj (.data._unlock)
                  2000f808    00000001     drivers_cc32xx.a : GPIOCC32XX.c.obj (.data.initCalled)
                  2000f809    00000001                      : GPIOCC32XX.c.obj (.data.portHwiCreatedBitMask)
                  2000f80a    00000002     --HOLE--
                  2000f80c    00000001     libc.a : memory.c.obj (.data.memory_is_initialized)

.bss       0    2000fbd8    000002d7     UNINITIALIZED
                  2000fbd8    0000012c     (.common:PowerCC32XX_contextSave)
                  2000fd04    00000084     (.common:gpioCallbackFunctions)
                  2000fd88    00000084     (.common:gpioUserArgs)
                  2000fe0c    00000084     (.common:timerCC32XXObjects)
                  2000fe90    00000010     (.common:ClockP_ctrl)
                  2000fea0    00000004     nortos_cc32xx.a : ClockPSysTick_nortos.c.obj (.bss.sysTickPeriod)
                  2000fea4    00000004     libc.a : memory.c.obj (.bss.sys_free)
                  2000fea8    00000004     drivers_cc32xx.a : TimerCC32XX.c.obj (.bss.timerState.0)
                  2000feac    00000001     (.common:BUTTON_STATE)
                  2000fead    00000001     (.common:CURRENT_MESSAGE)
                  2000feae    00000001     (.common:LED_STATE)

.log_data 
*          0    90000000    00000000     COPY SECTION

.log_ptr   0    94000008    00000000     COPY SECTION

__llvm_prf_cnts 
*          0    20004000    00000000     UNINITIALIZED

MODULE SUMMARY

       Module                         code    ro data   rw data
       ------                         ----    -------   -------
    .\
       gpiointerrupt.o                352     24        71     
       main_nortos.o                  16      0         0      
    +--+------------------------------+-------+---------+---------+
       Total:                         368     24        71     
                                                               
    .\syscfg\
       ti_drivers_config.o            24      110       776    
    +--+------------------------------+-------+---------+---------+
       Total:                         24      110       776    
                                                               
    C:/ti/simplelink_cc32xx_sdk_7_10_00_13/kernel/nortos/lib/ticlang/m4/nortos_cc32xx.a
       HwiPCC32XX_nortos.c.obj        286     0         784    
       startup_cc32xx_ticlang.c.obj   88      64        780    
       ClockPSysTick_nortos.c.obj     524     0         28     
       SemaphoreP_nortos.c.obj        392     0         16     
       PowerCC32XX_nortos.c.obj       404     0         0      
       SwiP_nortos.c.obj              84      0         76     
       NoRTOS.c.obj                   4       0         0      
    +--+------------------------------+-------+---------+---------+
       Total:                         1782    64        1684   
                                                               
    C:/ti/simplelink_cc32xx_sdk_7_10_00_13/source/ti/devices/cc32xx/driverlib/ticlang/Release/driverlib.a
       prcm.obj                       2564    168       0      
       interrupt.obj                  868     308       0      
       pin.obj                        688     256       0      
       gpio.obj                       388     0         0      
       timer.obj                      278     0         0      
       flash.obj                      92      0         0      
       systick.obj                    76      0         0      
       cpu.obj                        52      0         0      
       utils.obj                      8       0         0      
    +--+------------------------------+-------+---------+---------+
       Total:                         5014    732       0      
                                                               
    C:/ti/simplelink_cc32xx_sdk_7_10_00_13/source/ti/drivers/lib/ticlang/m4/drivers_cc32xx.a
       PowerCC32XX.c.obj              1944    0         664    
       GPIOCC32XX.c.obj               960     73        26     
       TimerCC32XX.c.obj              880     12        4      
       Timer.c.obj                    150     12        0      
       PowerCC32XX_ticlang.asm.obj    150     0         0      
       List.c.obj                     76      0         0      
       GPIO.c.obj                     28      0         0      
    +--+------------------------------+-------+---------+---------+
       Total:                         4188    97        694    
                                                               
    C:\ti\ccs1011\ccs\tools\compiler\ti-cgt-armllvm_1.3.0.LTS\lib\armv7em-ti-none-eabi/c/libc.a
       memory.c.obj                   708     0         5      
       copy_decompress_lzss.c.obj     106     0         0      
       autoinit.c.obj                 60      0         0      
       boot_cortex_m.c.obj            36      0         0      
       copy_zero_init.c.obj           18      0         0      
       memcpy_t2.S.obj                18      0         0      
       copy_decompress_none.c.obj     14      0         0      
       _lock.c.obj                    2       0         8      
       exit.c.obj                     4       0         0      
       pre_init.c.obj                 4       0         0      
    +--+------------------------------+-------+---------+---------+
       Total:                         970     0         13     
                                                               
    C:\ti\ccs1011\ccs\tools\compiler\ti-cgt-armllvm_1.3.0.LTS\lib\clang/12.0.1/lib/armv7em-ti-none-eabi/libclang_rt.builtins.a
       udivmoddi4.S.obj               176     0         0      
       aeabi_uldivmod.S.obj           20      0         0      
       aeabi_memcpy.S.obj             4       0         0      
       aeabi_div0.c.obj               2       0         0      
    +--+------------------------------+-------+---------+---------+
       Total:                         202     0         0      
                                                               
       Heap:                          0       0         32768  
       Stack:                         0       0         4096   
       Linker Generated:              0       278       0      
    +--+------------------------------+-------+---------+---------+
       Grand Total:                   12548   1305      40102  


LINKER GENERATED COPY TABLES

__TI_cinit_table @ 2000ffb8 records: 2, size/record: 8, table size: 16
	.data: load addr=2000feb0, load size=000000f2 bytes, run addr=2000f148, run size=000006c5 bytes, compression=lzss
	.bss: load addr=2000ffb0, load size=00000008 bytes, run addr=2000fbd8, run size=000002d7 bytes, compression=zero_init


LINKER GENERATED HANDLER TABLE

__TI_handler_table @ 2000ffa4 records: 3, size/record: 4, table size: 12
	index: 0, handler: __TI_decompress_lzss
	index: 1, handler: __TI_decompress_none
	index: 2, handler: __TI_zero_init


GLOBAL SYMBOLS: SORTED ALPHABETICALLY BY Name 

address   name                             
-------   ----                             
2000feac  BUTTON_STATE                     
2000ee81  Board_init                       
2000d2f3  Board_initHook                   
2000f13e  C$$EXIT                          
2000eec3  CPUcpsid                         
2000eed7  CPUcpsie                         
2000f0ab  CPUwfi                           
2000fead  CURRENT_MESSAGE                  
2000ef79  ClockP_add                       
2000fe90  ClockP_ctrl                      
2000e649  ClockP_destruct                  
2000d38d  ClockP_doTick                    
2000f01d  ClockP_getCpuFreq                
2000f02d  ClockP_getSystemTicks            
2000e8cd  ClockP_getTicksUntilInterrupt    
2000f0dd  ClockP_isActive                  
2000f03d  ClockP_setTicks                  
2000e795  ClockP_start                     
2000dcc1  ClockP_startup                   
2000e559  ClockP_stop                      
2000e091  ClockP_sysTickHandler            
2000f7fc  ClockP_tickPeriod                
2000daf5  FlashDisable                     
2000e1f7  GPIODirModeSet                   
2000ef8b  GPIOIntClear                     
2000ed9d  GPIOIntDisable                   
2000ee39  GPIOIntEnable                    
2000e9ed  GPIOIntStatus                    
2000d101  GPIOIntTypeSet                   
2000ec11  GPIOPinWrite                     
2000fb7c  GPIO_config                      
2000e23d  GPIO_disableInt                  
2000e281  GPIO_enableInt                   
2000de71  GPIO_hwiIntFxn                   
2000d429  GPIO_init                        
2000fb19  GPIO_pinUpperBound               
2000ecf5  GPIO_setCallback                 
2000cb75  GPIO_setConfig                   
2000df61  GPIO_setInterruptConfig          
2000da95  GPIO_write                       
2000ef9d  HwiP_Params_init                 
2000f123  HwiP_clearInterrupt              
2000d6c1  HwiP_construct                   
2000ea1b  HwiP_create                      
2000efaf  HwiP_delete                      
2000eeeb  HwiP_destruct                    
2000f0fb  HwiP_disable                     
2000ed11  HwiP_dispatch                    
2000f127  HwiP_enable                      
2000f04d  HwiP_inISR                       
2000f12b  HwiP_post                        
2000f103  HwiP_restore                     
2000f7e4  HwiP_swiPIntNum                  
UNDEFED   ITM_flush                        
UNDEFED   ITM_restore                      
2000cec1  IntDisable                       
2000cf89  IntEnable                        
2000f0e7  IntMasterDisable                 
2000f0f1  IntMasterEnable                  
2000da2d  IntPendClear                     
2000d1ad  IntPendSet                       
2000dd19  IntPrioritySet                   
2000ec55  IntRegister                      
2000eb39  IntUnregister                    
2000eeff  IntVTableBaseSet                 
2000feae  LED_STATE                        
2000eb5d  List_put                         
2000ea99  List_remove                      
2000f133  NoRTOS_start                     
2000c041  PRCMCC3200MCUInit                
2000edb7  PRCMHIBRegRead                   
2000edd1  PRCMHIBRegWrite                  
2000d735  PRCMHibernateWakeUpGPIOSelect    
2000db51  PRCMHibernateWakeupSourceDisable 
2000dec1  PRCMHibernateWakeupSourceEnable  
2000e0d9  PRCMIntEnable                    
2000dd71  PRCMLPDSEnter                    
2000e1b1  PRCMLPDSEnterKeepDebugIf         
2000e8fd  PRCMLPDSIntervalSet              
2000dfad  PRCMLPDSRestoreInfoSet           
2000ea45  PRCMLPDSWakeUpGPIOSelect         
2000f0b7  PRCMLPDSWakeupCauseGet           
2000edeb  PRCMLPDSWakeupSourceDisable      
2000eb81  PRCMLPDSWakeupSourceEnable       
2000ea6f  PRCMPeripheralClkDisable         
2000dc65  PRCMPeripheralClkEnable          
2000d959  PRCMPeripheralReset              
2000e121  PRCMPeripheralStatusGet          
2000eac1  PRCMSRAMRetentionEnable          
2000f10b  PRCMSleepEnter                   
2000e92d  PRCMSlowClkCtrFastGet            
2000d4b9  PRCMSysResetCauseGet             
2000e169  PinConfigGet                     
2000d251  PinConfigSet                     
2000e7c9  PinDirModeGet                    
2000e519  PinDirModeSet                    
2000e729  PinLock                          
2000d7a9  PinLockLevelSet                  
2000e7fd  PinModeGet                       
2000e391  PinModeSet                       
2000ee05  PinToPadGet                      
2000ec33  PinUnlock                        
2000fa8c  PowerCC32XX_config               
2000d549  PowerCC32XX_configureWakeup      
2000fbd8  PowerCC32XX_contextSave          
2000d391  PowerCC32XX_enterLPDS            
2000d427  PowerCC32XX_initPolicy           
2000f454  PowerCC32XX_module               
2000e831  PowerCC32XX_parkPin              
2000eba5  PowerCC32XX_restoreParkedPin     
2000d3d5  PowerCC32XX_resumeLPDS           
2000ddc9  PowerCC32XX_setParkState         
2000c8dd  PowerCC32XX_sleepPolicy          
2000ef15  Power_disablePolicy              
2000f05d  Power_enablePolicy               
2000f0c5  Power_getConstraintMask          
2000ef29  Power_getTransitionLatency       
2000ef3d  Power_idleFunc                   
2000d5d1  Power_init                       
2000ebc9  Power_registerNotify             
2000e2c5  Power_releaseConstraint          
2000de1d  Power_releaseDependency          
2000e681  Power_setConstraint              
2000d815  Power_setDependency              
2000c4f9  Power_sleep                      
2000ec75  Power_unregisterNotify           
2000df11  SemaphoreP_construct             
2000ec95  SemaphoreP_constructBinary       
2000ee51  SemaphoreP_create                
2000ecb5  SemaphoreP_createBinary          
2000f7f0  SemaphoreP_defaultParams         
2000f137  SemaphoreP_delete                
2000d547  SemaphoreP_destruct              
2000d2f5  SemaphoreP_pend                  
2000e499  SemaphoreP_post                  
2000ed2d  SwiP_disable                     
2000e6b9  SwiP_restore                     
2000efc1  SysTickEnable                    
2000efd3  SysTickIntDisable                
2000efe5  SysTickIntEnable                 
2000ee97  SysTickPeriodSet                 
2000eff7  TI_memcpy_small                  
2000dbad  TimerCC32XX_allocateTimerResource
2000e865  TimerCC32XX_freeTimerResource    
2000e3d3  TimerControlStall                
2000ecd5  TimerDisable                     
2000ee1f  TimerEnable                      
2000f06d  TimerIntClear                    
2000eead  TimerIntDisable                  
2000ef51  TimerIntEnable                   
2000e95d  TimerLoadSet                     
2000e98d  TimerPrescaleSet                 
2000eae9  TimerSupport_timerDisable        
2000e60d  TimerSupport_timerEnable         
2000f07d  Timer_Params_init                
2000e415  Timer_close                      
2000fbcc  Timer_config                     
2000fb1a  Timer_count                      
2000dcbf  Timer_init                       
2000ca2d  Timer_open                       
2000e309  Timer_start                      
2000e4d9  Timer_stop                       
2000f113  UtilsDelay                       
20004000  __STACK_END                      
00001000  __STACK_SIZE                     
00008000  __SYSMEM_SIZE                    
2000ffb8  __TI_CINIT_Base                  
2000ffc8  __TI_CINIT_Limit                 
2000ffc8  __TI_CINIT_Warm                  
2000ffa4  __TI_Handler_Table_Base          
2000ffb0  __TI_Handler_Table_Limit         
2000e5d1  __TI_auto_init_nobinit_nopinit   
2000d9c3  __TI_decompress_lzss             
2000f09d  __TI_decompress_none             
ffffffff  __TI_pprof_out_hndl              
ffffffff  __TI_prof_data_size              
ffffffff  __TI_prof_data_start             
2000feb0  __TI_static_base__               
2000f009  __TI_zero_init_nomemset          
2000ddc7  __aeabi_ldiv0                    
2000f145  __aeabi_memcpy                   
2000f145  __aeabi_memcpy4                  
2000f145  __aeabi_memcpy8                  
2000ef65  __aeabi_uldivmod                 
ffffffff  __binit__                        
UNDEFED   __mpu_init                       
20003000  __stack                          
20004000  __start___llvm_prf_cnts          
20004000  __stop___llvm_prf_cnts           
2000d051  __udivmoddi4                     
2000ebed  _c_int00_noargs                  
2000f800  _lock                            
2000e08f  _nop                             
20004040  _sys_memory                      
UNDEFED   _system_post_cinit               
2000f13b  _system_pre_init                 
2000f804  _unlock                          
2000f13f  abort                            
2000ccb5  aligned_alloc                    
ffffffff  binit                            
2000e557  clkFxn                           
2000cdc9  free                             
2000ee69  gpioButtonCallback               
2000fd04  gpioCallbackFunctions            
2000f6b8  gpioPinConfigs                   
2000fd88  gpioUserArgs                     
2000e595  initTimer                        
2000e899  initVectors                      
2000f08d  main                             
2000d649  mainThread                       
2000f11b  malloc                           
2000ccb5  memalign                         
2000f788  messageCounter                   
2000f78c  okMessage                        
2000f5c0  parkInfo                         
2000ed81  resetISR                         
2000e6f1  setMorseLEDs                     
2000f7aa  sosMessage                       
2000fb8c  timerCC32XXHWAttrs               
2000fe0c  timerCC32XXObjects               
2000dc09  timerCallback                    


GLOBAL SYMBOLS: SORTED BY Symbol Address 

address   name                             
-------   ----                             
00001000  __STACK_SIZE                     
00008000  __SYSMEM_SIZE                    
20003000  __stack                          
20004000  __STACK_END                      
20004000  __start___llvm_prf_cnts          
20004000  __stop___llvm_prf_cnts           
20004040  _sys_memory                      
2000c041  PRCMCC3200MCUInit                
2000c4f9  Power_sleep                      
2000c8dd  PowerCC32XX_sleepPolicy          
2000ca2d  Timer_open                       
2000cb75  GPIO_setConfig                   
2000ccb5  aligned_alloc                    
2000ccb5  memalign                         
2000cdc9  free                             
2000cec1  IntDisable                       
2000cf89  IntEnable                        
2000d051  __udivmoddi4                     
2000d101  GPIOIntTypeSet                   
2000d1ad  IntPendSet                       
2000d251  PinConfigSet                     
2000d2f3  Board_initHook                   
2000d2f5  SemaphoreP_pend                  
2000d38d  ClockP_doTick                    
2000d391  PowerCC32XX_enterLPDS            
2000d3d5  PowerCC32XX_resumeLPDS           
2000d427  PowerCC32XX_initPolicy           
2000d429  GPIO_init                        
2000d4b9  PRCMSysResetCauseGet             
2000d547  SemaphoreP_destruct              
2000d549  PowerCC32XX_configureWakeup      
2000d5d1  Power_init                       
2000d649  mainThread                       
2000d6c1  HwiP_construct                   
2000d735  PRCMHibernateWakeUpGPIOSelect    
2000d7a9  PinLockLevelSet                  
2000d815  Power_setDependency              
2000d959  PRCMPeripheralReset              
2000d9c3  __TI_decompress_lzss             
2000da2d  IntPendClear                     
2000da95  GPIO_write                       
2000daf5  FlashDisable                     
2000db51  PRCMHibernateWakeupSourceDisable 
2000dbad  TimerCC32XX_allocateTimerResource
2000dc09  timerCallback                    
2000dc65  PRCMPeripheralClkEnable          
2000dcbf  Timer_init                       
2000dcc1  ClockP_startup                   
2000dd19  IntPrioritySet                   
2000dd71  PRCMLPDSEnter                    
2000ddc7  __aeabi_ldiv0                    
2000ddc9  PowerCC32XX_setParkState         
2000de1d  Power_releaseDependency          
2000de71  GPIO_hwiIntFxn                   
2000dec1  PRCMHibernateWakeupSourceEnable  
2000df11  SemaphoreP_construct             
2000df61  GPIO_setInterruptConfig          
2000dfad  PRCMLPDSRestoreInfoSet           
2000e08f  _nop                             
2000e091  ClockP_sysTickHandler            
2000e0d9  PRCMIntEnable                    
2000e121  PRCMPeripheralStatusGet          
2000e169  PinConfigGet                     
2000e1b1  PRCMLPDSEnterKeepDebugIf         
2000e1f7  GPIODirModeSet                   
2000e23d  GPIO_disableInt                  
2000e281  GPIO_enableInt                   
2000e2c5  Power_releaseConstraint          
2000e309  Timer_start                      
2000e391  PinModeSet                       
2000e3d3  TimerControlStall                
2000e415  Timer_close                      
2000e499  SemaphoreP_post                  
2000e4d9  Timer_stop                       
2000e519  PinDirModeSet                    
2000e557  clkFxn                           
2000e559  ClockP_stop                      
2000e595  initTimer                        
2000e5d1  __TI_auto_init_nobinit_nopinit   
2000e60d  TimerSupport_timerEnable         
2000e649  ClockP_destruct                  
2000e681  Power_setConstraint              
2000e6b9  SwiP_restore                     
2000e6f1  setMorseLEDs                     
2000e729  PinLock                          
2000e795  ClockP_start                     
2000e7c9  PinDirModeGet                    
2000e7fd  PinModeGet                       
2000e831  PowerCC32XX_parkPin              
2000e865  TimerCC32XX_freeTimerResource    
2000e899  initVectors                      
2000e8cd  ClockP_getTicksUntilInterrupt    
2000e8fd  PRCMLPDSIntervalSet              
2000e92d  PRCMSlowClkCtrFastGet            
2000e95d  TimerLoadSet                     
2000e98d  TimerPrescaleSet                 
2000e9ed  GPIOIntStatus                    
2000ea1b  HwiP_create                      
2000ea45  PRCMLPDSWakeUpGPIOSelect         
2000ea6f  PRCMPeripheralClkDisable         
2000ea99  List_remove                      
2000eac1  PRCMSRAMRetentionEnable          
2000eae9  TimerSupport_timerDisable        
2000eb39  IntUnregister                    
2000eb5d  List_put                         
2000eb81  PRCMLPDSWakeupSourceEnable       
2000eba5  PowerCC32XX_restoreParkedPin     
2000ebc9  Power_registerNotify             
2000ebed  _c_int00_noargs                  
2000ec11  GPIOPinWrite                     
2000ec33  PinUnlock                        
2000ec55  IntRegister                      
2000ec75  Power_unregisterNotify           
2000ec95  SemaphoreP_constructBinary       
2000ecb5  SemaphoreP_createBinary          
2000ecd5  TimerDisable                     
2000ecf5  GPIO_setCallback                 
2000ed11  HwiP_dispatch                    
2000ed2d  SwiP_disable                     
2000ed81  resetISR                         
2000ed9d  GPIOIntDisable                   
2000edb7  PRCMHIBRegRead                   
2000edd1  PRCMHIBRegWrite                  
2000edeb  PRCMLPDSWakeupSourceDisable      
2000ee05  PinToPadGet                      
2000ee1f  TimerEnable                      
2000ee39  GPIOIntEnable                    
2000ee51  SemaphoreP_create                
2000ee69  gpioButtonCallback               
2000ee81  Board_init                       
2000ee97  SysTickPeriodSet                 
2000eead  TimerIntDisable                  
2000eec3  CPUcpsid                         
2000eed7  CPUcpsie                         
2000eeeb  HwiP_destruct                    
2000eeff  IntVTableBaseSet                 
2000ef15  Power_disablePolicy              
2000ef29  Power_getTransitionLatency       
2000ef3d  Power_idleFunc                   
2000ef51  TimerIntEnable                   
2000ef65  __aeabi_uldivmod                 
2000ef79  ClockP_add                       
2000ef8b  GPIOIntClear                     
2000ef9d  HwiP_Params_init                 
2000efaf  HwiP_delete                      
2000efc1  SysTickEnable                    
2000efd3  SysTickIntDisable                
2000efe5  SysTickIntEnable                 
2000eff7  TI_memcpy_small                  
2000f009  __TI_zero_init_nomemset          
2000f01d  ClockP_getCpuFreq                
2000f02d  ClockP_getSystemTicks            
2000f03d  ClockP_setTicks                  
2000f04d  HwiP_inISR                       
2000f05d  Power_enablePolicy               
2000f06d  TimerIntClear                    
2000f07d  Timer_Params_init                
2000f08d  main                             
2000f09d  __TI_decompress_none             
2000f0ab  CPUwfi                           
2000f0b7  PRCMLPDSWakeupCauseGet           
2000f0c5  Power_getConstraintMask          
2000f0dd  ClockP_isActive                  
2000f0e7  IntMasterDisable                 
2000f0f1  IntMasterEnable                  
2000f0fb  HwiP_disable                     
2000f103  HwiP_restore                     
2000f10b  PRCMSleepEnter                   
2000f113  UtilsDelay                       
2000f11b  malloc                           
2000f123  HwiP_clearInterrupt              
2000f127  HwiP_enable                      
2000f12b  HwiP_post                        
2000f133  NoRTOS_start                     
2000f137  SemaphoreP_delete                
2000f13b  _system_pre_init                 
2000f13e  C$$EXIT                          
2000f13f  abort                            
2000f145  __aeabi_memcpy                   
2000f145  __aeabi_memcpy4                  
2000f145  __aeabi_memcpy8                  
2000f454  PowerCC32XX_module               
2000f5c0  parkInfo                         
2000f6b8  gpioPinConfigs                   
2000f788  messageCounter                   
2000f78c  okMessage                        
2000f7aa  sosMessage                       
2000f7e4  HwiP_swiPIntNum                  
2000f7f0  SemaphoreP_defaultParams         
2000f7fc  ClockP_tickPeriod                
2000f800  _lock                            
2000f804  _unlock                          
2000fa8c  PowerCC32XX_config               
2000fb19  GPIO_pinUpperBound               
2000fb1a  Timer_count                      
2000fb7c  GPIO_config                      
2000fb8c  timerCC32XXHWAttrs               
2000fbcc  Timer_config                     
2000fbd8  PowerCC32XX_contextSave          
2000fd04  gpioCallbackFunctions            
2000fd88  gpioUserArgs                     
2000fe0c  timerCC32XXObjects               
2000fe90  ClockP_ctrl                      
2000feac  BUTTON_STATE                     
2000fead  CURRENT_MESSAGE                  
2000feae  LED_STATE                        
2000feb0  __TI_static_base__               
2000ffa4  __TI_Handler_Table_Base          
2000ffb0  __TI_Handler_Table_Limit         
2000ffb8  __TI_CINIT_Base                  
2000ffc8  __TI_CINIT_Limit                 
2000ffc8  __TI_CINIT_Warm                  
ffffffff  __TI_pprof_out_hndl              
ffffffff  __TI_prof_data_size              
ffffffff  __TI_prof_data_start             
ffffffff  __binit__                        
ffffffff  binit                            
UNDEFED   ITM_flush                        
UNDEFED   ITM_restore                      
UNDEFED   __mpu_init                       
UNDEFED   _system_post_cinit               

[221 symbols]
